[GPUContext] Initialized with 1 device(s)
[MultiGPU] Initialized 1 GPU(s)
╔══════════════════════════════════════════════════╗
║          GPU Context Summary                    ║
╠══════════════════════════════════════════════════╣
║ GPU 0: NVIDIA H100 PCIe                         ║
║   Compute: SM 9.0  |  SMs: 114   |  Warp: 32   ║
║   Memory:  81079 MiB total / 71182 MiB free    ║
║   SharedMem/Block:    48 KB  /SM:   228 KB    ║
╚══════════════════════════════════════════════════╝
CUDA设备检查: device_count=1, error=no error
CVStatePool 初始化完成: 单个qumode截断维度=16, 初始总维度=16, 容量=128, 设备数=1
创建量子电路: 1 qubits, 1 qumodes, 截断维度=16, 执行GPU=0
构建量子线路...
量子线路构建完成
执行量子线路...
块级编译-执行流水线已启用，块数=34
GaussianStatePool initialized: 1 qumodes, 4096 capacity (refcount-enabled).
量子线路执行完成
执行时间: 108.85 ms
传输时延: 2.63742 ms
计算时延: 77.7057 ms
规划时延: 0.243215 ms
HDD节点管理器已清空
CVStatePool 已重置
CVStatePool 销毁完成
Wrote experiment report to "experiments/results/sc26_gaussian_path_audit_h100_20260611T0915Z/sc26_gkp_c16.json"
Results: ok=1, unsupported=0, error=0
