2026-07-20T01:35:28+08:00 PIPELINE start
VALIDATE run=phase-b-hybrid-fixed status=complete artifacts=120 statuses={'ok': 120}
2026-07-20T01:35:28+08:00 WAIT phase-b-atlas
2026-07-20T01:36:28+08:00 WAIT phase-b-atlas
2026-07-20T01:37:28+08:00 WAIT phase-b-atlas
2026-07-20T01:38:28+08:00 WAIT phase-b-atlas
2026-07-20T01:39:28+08:00 WAIT phase-b-atlas
2026-07-20T01:40:28+08:00 WAIT phase-b-atlas
2026-07-20T01:41:28+08:00 WAIT phase-b-atlas
2026-07-20T01:42:28+08:00 WAIT phase-b-atlas
2026-07-20T01:43:28+08:00 WAIT phase-b-atlas
2026-07-20T01:44:28+08:00 WAIT phase-b-atlas
2026-07-20T01:45:28+08:00 WAIT phase-b-atlas
2026-07-20T01:46:28+08:00 WAIT phase-b-atlas
2026-07-20T01:47:28+08:00 WAIT phase-b-atlas
2026-07-20T01:48:28+08:00 WAIT phase-b-atlas
2026-07-20T01:49:28+08:00 WAIT phase-b-atlas
2026-07-20T01:50:28+08:00 WAIT phase-b-atlas
2026-07-20T01:51:28+08:00 WAIT phase-b-atlas
2026-07-20T01:52:28+08:00 WAIT phase-b-atlas
2026-07-20T01:53:28+08:00 WAIT phase-b-atlas
2026-07-20T01:54:28+08:00 WAIT phase-b-atlas
2026-07-20T01:55:28+08:00 WAIT phase-b-atlas
2026-07-20T01:56:28+08:00 WAIT phase-b-atlas
2026-07-20T01:57:28+08:00 WAIT phase-b-atlas
2026-07-20T01:58:28+08:00 WAIT phase-b-atlas
2026-07-20T01:59:28+08:00 WAIT phase-b-atlas
2026-07-20T02:00:28+08:00 WAIT phase-b-atlas
2026-07-20T02:01:28+08:00 WAIT phase-b-atlas
2026-07-20T02:02:28+08:00 WAIT phase-b-atlas
2026-07-20T02:03:28+08:00 WAIT phase-b-atlas
2026-07-20T02:04:28+08:00 WAIT phase-b-atlas
2026-07-20T02:05:28+08:00 WAIT phase-b-atlas
2026-07-20T02:06:28+08:00 WAIT phase-b-atlas
2026-07-20T02:07:28+08:00 WAIT phase-b-atlas
2026-07-20T02:08:28+08:00 WAIT phase-b-atlas
2026-07-20T02:09:28+08:00 WAIT phase-b-atlas
2026-07-20T02:10:28+08:00 WAIT phase-b-atlas
2026-07-20T02:11:28+08:00 WAIT phase-b-atlas
2026-07-20T02:12:28+08:00 WAIT phase-b-atlas
2026-07-20T02:13:28+08:00 WAIT phase-b-atlas
2026-07-20T02:14:28+08:00 WAIT phase-b-atlas
2026-07-20T02:15:28+08:00 WAIT phase-b-atlas
2026-07-20T02:16:28+08:00 WAIT phase-b-atlas
2026-07-20T02:17:28+08:00 WAIT phase-b-atlas
2026-07-20T02:18:28+08:00 WAIT phase-b-atlas
2026-07-20T02:19:28+08:00 WAIT phase-b-atlas
2026-07-20T02:20:28+08:00 WAIT phase-b-atlas
2026-07-20T02:21:28+08:00 WAIT phase-b-atlas
2026-07-20T02:22:28+08:00 WAIT phase-b-atlas
2026-07-20T02:23:28+08:00 WAIT phase-b-atlas
2026-07-20T02:24:28+08:00 WAIT phase-b-atlas
2026-07-20T02:25:28+08:00 WAIT phase-b-atlas
2026-07-20T02:26:28+08:00 WAIT phase-b-atlas
2026-07-20T02:27:28+08:00 WAIT phase-b-atlas
2026-07-20T02:28:28+08:00 WAIT phase-b-atlas
2026-07-20T02:29:28+08:00 WAIT phase-b-atlas
2026-07-20T02:30:28+08:00 WAIT phase-b-atlas
2026-07-20T02:31:28+08:00 WAIT phase-b-atlas
2026-07-20T02:32:28+08:00 WAIT phase-b-atlas
2026-07-20T02:33:28+08:00 WAIT phase-b-atlas
2026-07-20T02:34:28+08:00 WAIT phase-b-atlas
2026-07-20T02:35:28+08:00 WAIT phase-b-atlas
2026-07-20T02:36:28+08:00 WAIT phase-b-atlas
2026-07-20T02:37:28+08:00 WAIT phase-b-atlas
2026-07-20T02:38:28+08:00 WAIT phase-b-atlas
2026-07-20T02:39:28+08:00 WAIT phase-b-atlas
2026-07-20T02:40:28+08:00 WAIT phase-b-atlas
2026-07-20T02:41:28+08:00 WAIT phase-b-atlas
2026-07-20T02:42:28+08:00 WAIT phase-b-atlas
2026-07-20T02:43:28+08:00 WAIT phase-b-atlas
2026-07-20T02:44:28+08:00 WAIT phase-b-atlas
2026-07-20T02:45:28+08:00 WAIT phase-b-atlas
2026-07-20T02:46:28+08:00 WAIT phase-b-atlas
2026-07-20T02:47:28+08:00 WAIT phase-b-atlas
2026-07-20T02:48:28+08:00 WAIT phase-b-atlas
2026-07-20T02:49:28+08:00 WAIT phase-b-atlas
2026-07-20T02:50:28+08:00 WAIT phase-b-atlas
2026-07-20T02:51:28+08:00 WAIT phase-b-atlas
2026-07-20T02:52:31+08:00 WAIT phase-b-atlas
2026-07-20T02:53:31+08:00 WAIT phase-b-atlas
2026-07-20T02:54:31+08:00 WAIT phase-b-atlas
2026-07-20T02:55:31+08:00 WAIT phase-b-atlas
2026-07-20T02:56:31+08:00 WAIT phase-b-atlas
2026-07-20T02:57:31+08:00 WAIT phase-b-atlas
2026-07-20T02:58:31+08:00 WAIT phase-b-atlas
2026-07-20T02:59:31+08:00 WAIT phase-b-atlas
2026-07-20T03:00:31+08:00 WAIT phase-b-atlas
2026-07-20T03:01:31+08:00 WAIT phase-b-atlas
2026-07-20T03:02:31+08:00 WAIT phase-b-atlas
2026-07-20T03:03:31+08:00 WAIT phase-b-atlas
2026-07-20T03:04:31+08:00 WAIT phase-b-atlas
2026-07-20T03:05:31+08:00 WAIT phase-b-atlas
2026-07-20T03:06:31+08:00 WAIT phase-b-atlas
2026-07-20T03:07:31+08:00 WAIT phase-b-atlas
2026-07-20T03:08:31+08:00 WAIT phase-b-atlas
2026-07-20T03:09:31+08:00 WAIT phase-b-atlas
2026-07-20T03:10:31+08:00 WAIT phase-b-atlas
2026-07-20T03:11:31+08:00 WAIT phase-b-atlas
2026-07-20T03:12:31+08:00 WAIT phase-b-atlas
2026-07-20T03:13:31+08:00 WAIT phase-b-atlas
2026-07-20T03:14:31+08:00 WAIT phase-b-atlas
2026-07-20T03:15:31+08:00 WAIT phase-b-atlas
2026-07-20T03:16:31+08:00 WAIT phase-b-atlas
2026-07-20T03:17:31+08:00 WAIT phase-b-atlas
2026-07-20T03:18:31+08:00 WAIT phase-b-atlas
2026-07-20T03:19:31+08:00 WAIT phase-b-atlas
2026-07-20T03:20:31+08:00 WAIT phase-b-atlas
2026-07-20T03:21:31+08:00 WAIT phase-b-atlas
2026-07-20T03:22:31+08:00 WAIT phase-b-atlas
2026-07-20T03:23:31+08:00 WAIT phase-b-atlas
2026-07-20T03:24:31+08:00 WAIT phase-b-atlas
2026-07-20T03:25:31+08:00 WAIT phase-b-atlas
2026-07-20T03:26:31+08:00 WAIT phase-b-atlas
2026-07-20T03:27:31+08:00 WAIT phase-b-atlas
2026-07-20T03:28:31+08:00 WAIT phase-b-atlas
2026-07-20T03:29:31+08:00 WAIT phase-b-atlas
2026-07-20T03:30:31+08:00 WAIT phase-b-atlas
2026-07-20T03:31:31+08:00 WAIT phase-b-atlas
2026-07-20T03:32:31+08:00 WAIT phase-b-atlas
2026-07-20T03:33:31+08:00 WAIT phase-b-atlas
2026-07-20T03:34:31+08:00 WAIT phase-b-atlas
2026-07-20T03:35:31+08:00 WAIT phase-b-atlas
2026-07-20T03:36:31+08:00 WAIT phase-b-atlas
2026-07-20T03:37:31+08:00 WAIT phase-b-atlas
2026-07-20T03:38:31+08:00 WAIT phase-b-atlas
2026-07-20T03:39:31+08:00 WAIT phase-b-atlas
2026-07-20T03:40:31+08:00 WAIT phase-b-atlas
2026-07-20T03:41:31+08:00 WAIT phase-b-atlas
2026-07-20T03:42:31+08:00 WAIT phase-b-atlas
2026-07-20T03:43:31+08:00 WAIT phase-b-atlas
2026-07-20T03:44:31+08:00 WAIT phase-b-atlas
2026-07-20T03:45:31+08:00 WAIT phase-b-atlas
2026-07-20T03:46:31+08:00 WAIT phase-b-atlas
2026-07-20T03:47:31+08:00 WAIT phase-b-atlas
2026-07-20T03:48:31+08:00 WAIT phase-b-atlas
2026-07-20T03:49:31+08:00 WAIT phase-b-atlas
2026-07-20T03:50:31+08:00 WAIT phase-b-atlas
2026-07-20T03:51:31+08:00 WAIT phase-b-atlas
2026-07-20T03:52:31+08:00 WAIT phase-b-atlas
2026-07-20T03:53:31+08:00 WAIT phase-b-atlas
2026-07-20T03:54:31+08:00 WAIT phase-b-atlas
2026-07-20T03:55:31+08:00 WAIT phase-b-atlas
2026-07-20T03:56:31+08:00 WAIT phase-b-atlas
2026-07-20T03:57:31+08:00 WAIT phase-b-atlas
2026-07-20T03:58:31+08:00 WAIT phase-b-atlas
2026-07-20T03:59:31+08:00 WAIT phase-b-atlas
2026-07-20T04:00:31+08:00 WAIT phase-b-atlas
2026-07-20T04:01:31+08:00 WAIT phase-b-atlas
2026-07-20T04:02:31+08:00 WAIT phase-b-atlas
2026-07-20T04:03:31+08:00 WAIT phase-b-atlas
2026-07-20T04:04:31+08:00 WAIT phase-b-atlas
2026-07-20T04:05:31+08:00 WAIT phase-b-atlas
2026-07-20T04:06:31+08:00 WAIT phase-b-atlas
2026-07-20T04:07:31+08:00 WAIT phase-b-atlas
2026-07-20T04:08:31+08:00 WAIT phase-b-atlas
2026-07-20T04:09:31+08:00 WAIT phase-b-atlas
2026-07-20T04:10:31+08:00 WAIT phase-b-atlas
2026-07-20T04:11:31+08:00 WAIT phase-b-atlas
2026-07-20T04:12:31+08:00 WAIT phase-b-atlas
2026-07-20T04:13:31+08:00 WAIT phase-b-atlas
2026-07-20T04:14:31+08:00 WAIT phase-b-atlas
2026-07-20T04:15:31+08:00 WAIT phase-b-atlas
2026-07-20T04:16:31+08:00 WAIT phase-b-atlas
2026-07-20T04:17:31+08:00 WAIT phase-b-atlas
2026-07-20T04:18:31+08:00 WAIT phase-b-atlas
2026-07-20T04:19:31+08:00 WAIT phase-b-atlas
2026-07-20T04:20:31+08:00 WAIT phase-b-atlas
2026-07-20T04:21:31+08:00 WAIT phase-b-atlas
2026-07-20T04:22:31+08:00 WAIT phase-b-atlas
2026-07-20T04:23:31+08:00 WAIT phase-b-atlas
2026-07-20T04:24:31+08:00 WAIT phase-b-atlas
2026-07-20T04:25:31+08:00 WAIT phase-b-atlas
2026-07-20T04:26:31+08:00 WAIT phase-b-atlas
2026-07-20T04:27:31+08:00 WAIT phase-b-atlas
2026-07-20T04:28:31+08:00 WAIT phase-b-atlas
2026-07-20T04:29:31+08:00 WAIT phase-b-atlas
2026-07-20T04:30:31+08:00 WAIT phase-b-atlas
2026-07-20T04:31:31+08:00 WAIT phase-b-atlas
2026-07-20T04:32:32+08:00 WAIT phase-b-atlas
2026-07-20T04:33:32+08:00 WAIT phase-b-atlas
2026-07-20T04:34:32+08:00 WAIT phase-b-atlas
2026-07-20T04:35:32+08:00 WAIT phase-b-atlas
2026-07-20T04:36:32+08:00 WAIT phase-b-atlas
2026-07-20T04:37:32+08:00 WAIT phase-b-atlas
2026-07-20T04:38:32+08:00 WAIT phase-b-atlas
2026-07-20T04:39:32+08:00 WAIT phase-b-atlas
2026-07-20T04:40:32+08:00 WAIT phase-b-atlas
2026-07-20T04:41:32+08:00 WAIT phase-b-atlas
2026-07-20T04:42:32+08:00 WAIT phase-b-atlas
2026-07-20T04:43:32+08:00 WAIT phase-b-atlas
2026-07-20T04:44:32+08:00 WAIT phase-b-atlas
2026-07-20T04:45:32+08:00 WAIT phase-b-atlas
2026-07-20T04:46:32+08:00 WAIT phase-b-atlas
2026-07-20T04:47:32+08:00 WAIT phase-b-atlas
2026-07-20T04:48:32+08:00 WAIT phase-b-atlas
2026-07-20T04:49:32+08:00 WAIT phase-b-atlas
2026-07-20T04:50:32+08:00 WAIT phase-b-atlas
2026-07-20T04:51:32+08:00 WAIT phase-b-atlas
2026-07-20T04:52:32+08:00 WAIT phase-b-atlas
2026-07-20T04:53:32+08:00 WAIT phase-b-atlas
2026-07-20T04:54:32+08:00 WAIT phase-b-atlas
2026-07-20T04:55:32+08:00 WAIT phase-b-atlas
2026-07-20T04:56:32+08:00 WAIT phase-b-atlas
2026-07-20T04:57:32+08:00 WAIT phase-b-atlas
2026-07-20T04:58:32+08:00 WAIT phase-b-atlas
2026-07-20T04:59:32+08:00 WAIT phase-b-atlas
2026-07-20T05:00:32+08:00 WAIT phase-b-atlas
2026-07-20T05:01:32+08:00 WAIT phase-b-atlas
2026-07-20T05:02:32+08:00 WAIT phase-b-atlas
2026-07-20T05:03:32+08:00 WAIT phase-b-atlas
2026-07-20T05:04:32+08:00 WAIT phase-b-atlas
2026-07-20T05:05:32+08:00 WAIT phase-b-atlas
2026-07-20T05:06:32+08:00 WAIT phase-b-atlas
2026-07-20T05:07:32+08:00 WAIT phase-b-atlas
2026-07-20T05:08:32+08:00 WAIT phase-b-atlas
2026-07-20T05:09:32+08:00 WAIT phase-b-atlas
2026-07-20T05:10:32+08:00 WAIT phase-b-atlas
2026-07-20T05:11:32+08:00 WAIT phase-b-atlas
2026-07-20T05:12:32+08:00 WAIT phase-b-atlas
2026-07-20T05:13:32+08:00 WAIT phase-b-atlas
2026-07-20T05:14:32+08:00 WAIT phase-b-atlas
2026-07-20T05:15:32+08:00 WAIT phase-b-atlas
2026-07-20T05:16:32+08:00 WAIT phase-b-atlas
2026-07-20T05:17:32+08:00 WAIT phase-b-atlas
2026-07-20T05:18:32+08:00 WAIT phase-b-atlas
2026-07-20T05:19:32+08:00 WAIT phase-b-atlas
2026-07-20T05:20:32+08:00 WAIT phase-b-atlas
2026-07-20T05:21:32+08:00 WAIT phase-b-atlas
2026-07-20T05:22:32+08:00 WAIT phase-b-atlas
2026-07-20T05:23:32+08:00 WAIT phase-b-atlas
2026-07-20T05:24:32+08:00 WAIT phase-b-atlas
2026-07-20T05:25:32+08:00 WAIT phase-b-atlas
2026-07-20T05:26:32+08:00 WAIT phase-b-atlas
2026-07-20T05:27:32+08:00 WAIT phase-b-atlas
2026-07-20T05:28:32+08:00 WAIT phase-b-atlas
2026-07-20T05:29:32+08:00 WAIT phase-b-atlas
2026-07-20T05:30:32+08:00 WAIT phase-b-atlas
2026-07-20T05:31:32+08:00 WAIT phase-b-atlas
2026-07-20T05:32:32+08:00 WAIT phase-b-atlas
2026-07-20T05:33:32+08:00 WAIT phase-b-atlas
2026-07-20T05:34:32+08:00 WAIT phase-b-atlas
2026-07-20T05:35:32+08:00 WAIT phase-b-atlas
2026-07-20T05:36:32+08:00 WAIT phase-b-atlas
2026-07-20T05:37:32+08:00 WAIT phase-b-atlas
2026-07-20T05:38:32+08:00 WAIT phase-b-atlas
2026-07-20T05:39:32+08:00 WAIT phase-b-atlas
2026-07-20T05:40:32+08:00 WAIT phase-b-atlas
2026-07-20T05:41:32+08:00 WAIT phase-b-atlas
2026-07-20T05:42:32+08:00 WAIT phase-b-atlas
2026-07-20T05:43:32+08:00 WAIT phase-b-atlas
2026-07-20T05:44:32+08:00 WAIT phase-b-atlas
2026-07-20T05:45:32+08:00 WAIT phase-b-atlas
2026-07-20T05:46:32+08:00 WAIT phase-b-atlas
2026-07-20T05:47:32+08:00 WAIT phase-b-atlas
2026-07-20T05:48:32+08:00 WAIT phase-b-atlas
2026-07-20T05:49:32+08:00 WAIT phase-b-atlas
2026-07-20T05:50:32+08:00 WAIT phase-b-atlas
2026-07-20T05:51:32+08:00 WAIT phase-b-atlas
2026-07-20T05:52:32+08:00 WAIT phase-b-atlas
2026-07-20T05:53:32+08:00 WAIT phase-b-atlas
2026-07-20T05:54:32+08:00 WAIT phase-b-atlas
2026-07-20T05:55:32+08:00 WAIT phase-b-atlas
2026-07-20T05:56:32+08:00 WAIT phase-b-atlas
2026-07-20T05:57:32+08:00 WAIT phase-b-atlas
2026-07-20T05:58:32+08:00 WAIT phase-b-atlas
2026-07-20T05:59:32+08:00 WAIT phase-b-atlas
2026-07-20T06:00:32+08:00 WAIT phase-b-atlas
2026-07-20T06:01:32+08:00 WAIT phase-b-atlas
2026-07-20T06:02:32+08:00 WAIT phase-b-atlas
2026-07-20T06:03:32+08:00 WAIT phase-b-atlas
2026-07-20T06:04:32+08:00 WAIT phase-b-atlas
2026-07-20T06:05:32+08:00 WAIT phase-b-atlas
2026-07-20T06:06:32+08:00 WAIT phase-b-atlas
2026-07-20T06:07:32+08:00 WAIT phase-b-atlas
2026-07-20T06:08:32+08:00 WAIT phase-b-atlas
2026-07-20T06:09:32+08:00 WAIT phase-b-atlas
2026-07-20T06:10:32+08:00 WAIT phase-b-atlas
2026-07-20T06:11:32+08:00 WAIT phase-b-atlas
2026-07-20T06:12:32+08:00 WAIT phase-b-atlas
2026-07-20T06:13:32+08:00 WAIT phase-b-atlas
2026-07-20T06:14:32+08:00 WAIT phase-b-atlas
2026-07-20T06:15:32+08:00 WAIT phase-b-atlas
2026-07-20T06:16:32+08:00 WAIT phase-b-atlas
2026-07-20T06:17:32+08:00 WAIT phase-b-atlas
2026-07-20T06:18:32+08:00 WAIT phase-b-atlas
2026-07-20T06:19:32+08:00 WAIT phase-b-atlas
2026-07-20T06:20:32+08:00 WAIT phase-b-atlas
2026-07-20T06:21:32+08:00 WAIT phase-b-atlas
2026-07-20T06:22:32+08:00 WAIT phase-b-atlas
2026-07-20T06:23:32+08:00 WAIT phase-b-atlas
2026-07-20T06:24:32+08:00 WAIT phase-b-atlas
2026-07-20T06:25:32+08:00 WAIT phase-b-atlas
2026-07-20T06:26:33+08:00 WAIT phase-b-atlas
2026-07-20T06:27:33+08:00 WAIT phase-b-atlas
2026-07-20T06:28:33+08:00 WAIT phase-b-atlas
2026-07-20T06:29:33+08:00 WAIT phase-b-atlas
2026-07-20T06:30:33+08:00 WAIT phase-b-atlas
2026-07-20T06:31:33+08:00 WAIT phase-b-atlas
2026-07-20T06:32:33+08:00 WAIT phase-b-atlas
2026-07-20T06:33:33+08:00 WAIT phase-b-atlas
2026-07-20T06:34:33+08:00 WAIT phase-b-atlas
2026-07-20T06:35:33+08:00 WAIT phase-b-atlas
2026-07-20T06:36:33+08:00 WAIT phase-b-atlas
2026-07-20T06:37:33+08:00 WAIT phase-b-atlas
2026-07-20T06:38:33+08:00 WAIT phase-b-atlas
2026-07-20T06:39:33+08:00 WAIT phase-b-atlas
2026-07-20T06:40:33+08:00 WAIT phase-b-atlas
2026-07-20T06:41:33+08:00 WAIT phase-b-atlas
2026-07-20T06:42:33+08:00 WAIT phase-b-atlas
2026-07-20T06:43:33+08:00 WAIT phase-b-atlas
2026-07-20T06:44:33+08:00 WAIT phase-b-atlas
2026-07-20T06:45:33+08:00 WAIT phase-b-atlas
2026-07-20T06:46:33+08:00 WAIT phase-b-atlas
2026-07-20T06:47:33+08:00 WAIT phase-b-atlas
2026-07-20T06:48:33+08:00 WAIT phase-b-atlas
2026-07-20T06:49:33+08:00 WAIT phase-b-atlas
2026-07-20T06:50:33+08:00 WAIT phase-b-atlas
2026-07-20T06:51:33+08:00 WAIT phase-b-atlas
2026-07-20T06:52:33+08:00 WAIT phase-b-atlas
2026-07-20T06:53:33+08:00 WAIT phase-b-atlas
2026-07-20T06:54:33+08:00 WAIT phase-b-atlas
2026-07-20T06:55:33+08:00 WAIT phase-b-atlas
2026-07-20T06:56:33+08:00 WAIT phase-b-atlas
2026-07-20T06:57:33+08:00 WAIT phase-b-atlas
2026-07-20T06:58:33+08:00 WAIT phase-b-atlas
2026-07-20T06:59:33+08:00 WAIT phase-b-atlas
2026-07-20T07:00:33+08:00 WAIT phase-b-atlas
2026-07-20T07:01:33+08:00 WAIT phase-b-atlas
2026-07-20T07:02:33+08:00 WAIT phase-b-atlas
2026-07-20T07:03:33+08:00 WAIT phase-b-atlas
2026-07-20T07:04:33+08:00 WAIT phase-b-atlas
2026-07-20T07:05:33+08:00 WAIT phase-b-atlas
2026-07-20T07:06:33+08:00 WAIT phase-b-atlas
2026-07-20T07:07:33+08:00 WAIT phase-b-atlas
2026-07-20T07:08:33+08:00 WAIT phase-b-atlas
2026-07-20T07:09:33+08:00 WAIT phase-b-atlas
2026-07-20T07:10:33+08:00 WAIT phase-b-atlas
2026-07-20T07:11:33+08:00 WAIT phase-b-atlas
2026-07-20T07:12:33+08:00 WAIT phase-b-atlas
2026-07-20T07:13:33+08:00 WAIT phase-b-atlas
2026-07-20T07:14:33+08:00 WAIT phase-b-atlas
2026-07-20T07:15:33+08:00 WAIT phase-b-atlas
2026-07-20T07:16:33+08:00 WAIT phase-b-atlas
2026-07-20T07:17:33+08:00 WAIT phase-b-atlas
2026-07-20T07:18:33+08:00 WAIT phase-b-atlas
2026-07-20T07:19:33+08:00 WAIT phase-b-atlas
2026-07-20T07:20:33+08:00 WAIT phase-b-atlas
2026-07-20T07:21:33+08:00 WAIT phase-b-atlas
2026-07-20T07:22:33+08:00 WAIT phase-b-atlas
2026-07-20T07:23:33+08:00 WAIT phase-b-atlas
2026-07-20T07:24:33+08:00 WAIT phase-b-atlas
2026-07-20T07:25:33+08:00 WAIT phase-b-atlas
2026-07-20T07:26:33+08:00 WAIT phase-b-atlas
2026-07-20T07:27:33+08:00 WAIT phase-b-atlas
2026-07-20T07:28:33+08:00 WAIT phase-b-atlas
2026-07-20T07:29:33+08:00 WAIT phase-b-atlas
2026-07-20T07:30:33+08:00 WAIT phase-b-atlas
2026-07-20T07:31:33+08:00 WAIT phase-b-atlas
2026-07-20T07:32:33+08:00 WAIT phase-b-atlas
2026-07-20T07:33:33+08:00 WAIT phase-b-atlas
2026-07-20T07:34:33+08:00 WAIT phase-b-atlas
2026-07-20T07:35:33+08:00 WAIT phase-b-atlas
2026-07-20T07:36:33+08:00 WAIT phase-b-atlas
2026-07-20T07:37:33+08:00 WAIT phase-b-atlas
2026-07-20T07:38:33+08:00 WAIT phase-b-atlas
2026-07-20T07:39:33+08:00 WAIT phase-b-atlas
2026-07-20T07:40:33+08:00 WAIT phase-b-atlas
2026-07-20T07:41:33+08:00 WAIT phase-b-atlas
2026-07-20T07:42:33+08:00 WAIT phase-b-atlas
2026-07-20T07:43:33+08:00 WAIT phase-b-atlas
2026-07-20T07:44:33+08:00 WAIT phase-b-atlas
2026-07-20T07:45:33+08:00 WAIT phase-b-atlas
2026-07-20T07:46:33+08:00 WAIT phase-b-atlas
2026-07-20T07:47:33+08:00 WAIT phase-b-atlas
2026-07-20T07:48:33+08:00 WAIT phase-b-atlas
2026-07-20T07:49:33+08:00 WAIT phase-b-atlas
2026-07-20T07:50:33+08:00 WAIT phase-b-atlas
2026-07-20T07:51:33+08:00 WAIT phase-b-atlas
2026-07-20T07:52:33+08:00 WAIT phase-b-atlas
2026-07-20T07:53:33+08:00 WAIT phase-b-atlas
2026-07-20T07:54:33+08:00 WAIT phase-b-atlas
2026-07-20T07:55:33+08:00 WAIT phase-b-atlas
2026-07-20T07:56:33+08:00 WAIT phase-b-atlas
2026-07-20T07:57:33+08:00 WAIT phase-b-atlas
2026-07-20T07:58:33+08:00 WAIT phase-b-atlas
2026-07-20T07:59:33+08:00 WAIT phase-b-atlas
2026-07-20T08:00:33+08:00 WAIT phase-b-atlas
2026-07-20T08:01:33+08:00 WAIT phase-b-atlas
2026-07-20T08:02:33+08:00 WAIT phase-b-atlas
2026-07-20T08:03:33+08:00 WAIT phase-b-atlas
2026-07-20T08:04:33+08:00 WAIT phase-b-atlas
2026-07-20T08:05:33+08:00 WAIT phase-b-atlas
2026-07-20T08:06:33+08:00 WAIT phase-b-atlas
2026-07-20T08:07:33+08:00 WAIT phase-b-atlas
2026-07-20T08:08:33+08:00 WAIT phase-b-atlas
2026-07-20T08:09:33+08:00 WAIT phase-b-atlas
2026-07-20T08:10:33+08:00 WAIT phase-b-atlas
2026-07-20T08:11:33+08:00 WAIT phase-b-atlas
2026-07-20T08:12:33+08:00 WAIT phase-b-atlas
2026-07-20T08:13:33+08:00 WAIT phase-b-atlas
2026-07-20T08:14:33+08:00 WAIT phase-b-atlas
2026-07-20T08:15:33+08:00 WAIT phase-b-atlas
2026-07-20T08:16:33+08:00 WAIT phase-b-atlas
2026-07-20T08:17:34+08:00 WAIT phase-b-atlas
2026-07-20T08:18:34+08:00 WAIT phase-b-atlas
2026-07-20T08:19:34+08:00 WAIT phase-b-atlas
2026-07-20T08:20:34+08:00 WAIT phase-b-atlas
2026-07-20T08:21:34+08:00 WAIT phase-b-atlas
2026-07-20T08:22:34+08:00 WAIT phase-b-atlas
2026-07-20T08:23:34+08:00 WAIT phase-b-atlas
2026-07-20T08:24:34+08:00 WAIT phase-b-atlas
2026-07-20T08:25:34+08:00 WAIT phase-b-atlas
2026-07-20T08:26:34+08:00 WAIT phase-b-atlas
2026-07-20T08:27:34+08:00 WAIT phase-b-atlas
2026-07-20T08:28:34+08:00 WAIT phase-b-atlas
2026-07-20T08:29:34+08:00 WAIT phase-b-atlas
2026-07-20T08:30:34+08:00 WAIT phase-b-atlas
2026-07-20T08:31:34+08:00 WAIT phase-b-atlas
2026-07-20T08:32:34+08:00 WAIT phase-b-atlas
2026-07-20T08:33:34+08:00 WAIT phase-b-atlas
2026-07-20T08:34:34+08:00 WAIT phase-b-atlas
2026-07-20T08:35:34+08:00 WAIT phase-b-atlas
2026-07-20T08:36:34+08:00 SKIP completed phase-b-atlas
VALIDATE run=phase-b-atlas status=complete artifacts=360 statuses={'ok': 279, 'oom_single_gpu_pool': 9, 'unsupported_gpu_count': 72}
2026-07-20T08:36:34+08:00 START phase-c-hybrid
Wrote distributed run to /root/workspace/HybridCVDV-Simulator/experiments/results/distributed_8xH800/phase-c-hybrid
2026-07-20T09:01:55+08:00 DONE phase-c-hybrid
VALIDATE run=phase-c-hybrid status=complete artifacts=360 statuses={'crash_host': 240, 'ok': 90, 'oom_single_gpu_pool': 30}
2026-07-20T09:01:55+08:00 START phase-c-atlas
Wrote distributed run to /root/workspace/HybridCVDV-Simulator/experiments/results/distributed_8xH800/phase-c-atlas
2026-07-20T16:45:45+08:00 DONE phase-c-atlas
VALIDATE run=phase-c-atlas status=complete artifacts=360 statuses={'oom_single_gpu_pool': 10, 'ok': 266, 'unsupported_gpu_count': 72, 'crash_host': 12}
2026-07-20T16:45:45+08:00 START phase-d-hybridcvdv
Wrote distributed run to /root/workspace/HybridCVDV-Simulator/experiments/results/distributed_8xH800/phase-d-hybridcvdv
2026-07-20T17:26:24+08:00 DONE phase-d-hybridcvdv
VALIDATE run=phase-d-hybridcvdv status=complete artifacts=120 statuses={'ok': 120}
2026-07-20T17:26:24+08:00 START phase-d-atlas
Wrote distributed run to /root/workspace/HybridCVDV-Simulator/experiments/results/distributed_8xH800/phase-d-atlas
2026-07-20T17:41:57+08:00 DONE phase-d-atlas
VALIDATE run=phase-d-atlas status=complete artifacts=120 statuses={'ok': 120}
2026-07-20T17:41:57+08:00 START phase-d-bqsim
Traceback (most recent call last):
  File "/root/workspace/HybridCVDV-Simulator/experiments/python/run_distributed_scaling.py", line 863, in <module>
    raise SystemExit(main())
                     ~~~~^^
  File "/root/workspace/HybridCVDV-Simulator/experiments/python/run_distributed_scaling.py", line 749, in main
    raise RuntimeError("GPU node has active compute processes: " + "; ".join(busy[:8]))
RuntimeError: GPU node has active compute processes: GPU-04e1f242-2a68-2d0e-b993-c1f9ec45f1d9, 3906462, [Not Found], 4316; GPU-819f1e27-e979-c01e-765e-df19e370b6ee, 3906463, [Not Found], 4378; GPU-213a1355-8c35-2078-f544-ce15b361908b, 3906464, [Not Found], 7388; GPU-440774b8-ea2e-7718-4835-486ca1e31db9, 3906465, [Not Found], 4378; GPU-cd50ad80-ebb3-302b-b81a-e5a2cdc4def3, 3906466, [Not Found], 4484; GPU-df8f7b01-9b69-8c1e-84fe-72c5ce37fc15, 3906467, [Not Found], 4370; GPU-f6b330ae-7e2a-d0fa-e1de-aa259f25c93e, 3906468, [Not Found], 4464; GPU-df3b23a2-ffe7-d050-d032-9b65dff7e036, 3906469, [Not Found], 4218
2026-07-27T09:08:37+08:00 PIPELINE start
VALIDATE run=phase-b-hybrid-fixed status=complete artifacts=120 statuses={'ok': 120}
2026-07-27T09:08:38+08:00 SKIP completed phase-b-atlas
VALIDATE run=phase-b-atlas status=complete artifacts=360 statuses={'ok': 279, 'oom_single_gpu_pool': 9, 'unsupported_gpu_count': 72}
2026-07-27T09:08:38+08:00 SKIP completed phase-c-hybrid
VALIDATE run=phase-c-hybrid status=complete artifacts=360 statuses={'crash_host': 240, 'ok': 90, 'oom_single_gpu_pool': 30}
2026-07-27T09:08:38+08:00 SKIP completed phase-c-atlas
VALIDATE run=phase-c-atlas status=complete artifacts=360 statuses={'oom_single_gpu_pool': 10, 'ok': 266, 'unsupported_gpu_count': 72, 'crash_host': 12}
2026-07-27T09:08:38+08:00 SKIP completed phase-d-hybridcvdv
VALIDATE run=phase-d-hybridcvdv status=complete artifacts=120 statuses={'ok': 120}
2026-07-27T09:08:38+08:00 SKIP completed phase-d-atlas
VALIDATE run=phase-d-atlas status=complete artifacts=120 statuses={'ok': 120}
2026-07-27T09:08:38+08:00 START phase-d-bqsim
Wrote distributed run to /root/workspace/HybridCVDV-Simulator/experiments/results/distributed_8xH800/phase-d-bqsim
2026-07-27T09:13:38+08:00 DONE phase-d-bqsim
VALIDATE run=phase-d-bqsim status=complete artifacts=120 statuses={'ok': 120}
2026-07-27T09:13:39+08:00 START phase-e-feasibility-hybridcvdv
2026-07-27T09:32:03+08:00 PIPELINE start
VALIDATE run=phase-b-hybrid-fixed status=complete artifacts=120 statuses={'ok': 120}
2026-07-27T09:32:03+08:00 SKIP completed phase-b-atlas
VALIDATE run=phase-b-atlas status=complete artifacts=360 statuses={'ok': 279, 'oom_single_gpu_pool': 9, 'unsupported_gpu_count': 72}
2026-07-27T09:32:03+08:00 SKIP completed phase-c-hybrid
VALIDATE run=phase-c-hybrid status=complete artifacts=360 statuses={'crash_host': 240, 'ok': 90, 'oom_single_gpu_pool': 30}
2026-07-27T09:32:03+08:00 SKIP completed phase-c-atlas
VALIDATE run=phase-c-atlas status=complete artifacts=360 statuses={'oom_single_gpu_pool': 10, 'ok': 266, 'unsupported_gpu_count': 72, 'crash_host': 12}
2026-07-27T09:32:03+08:00 SKIP completed phase-d-hybridcvdv
VALIDATE run=phase-d-hybridcvdv status=complete artifacts=120 statuses={'ok': 120}
2026-07-27T09:32:03+08:00 SKIP completed phase-d-atlas
VALIDATE run=phase-d-atlas status=complete artifacts=120 statuses={'ok': 120}
2026-07-27T09:32:03+08:00 SKIP completed phase-d-bqsim
VALIDATE run=phase-d-bqsim status=complete artifacts=120 statuses={'ok': 120}
2026-07-27T09:32:03+08:00 START phase-e-feasibility-hybridcvdv
Wrote distributed run to /root/workspace/HybridCVDV-Simulator/experiments/results/distributed_8xH800/phase-e-feasibility-hybridcvdv
2026-07-28T00:24:51+08:00 DONE phase-e-feasibility-hybridcvdv
VALIDATE run=phase-e-feasibility-hybridcvdv status=complete artifacts=2340 statuses={'ok': 1933, 'oom_single_gpu_pool': 113, 'incorrect_result': 75, 'crash_host': 80, 'host_bound_skipped': 20, 'timeout': 119}
2026-07-28T00:24:51+08:00 START phase-e-hybridcvdv
Traceback (most recent call last):
  File "/root/workspace/HybridCVDV-Simulator/experiments/python/run_distributed_scaling.py", line 916, in <module>
    raise SystemExit(main())
                     ~~~~^^
  File "/root/workspace/HybridCVDV-Simulator/experiments/python/run_distributed_scaling.py", line 791, in main
    raise RuntimeError("GPU node has active compute processes: " + "; ".join(busy[:8]))
RuntimeError: GPU node has active compute processes: GPU-213a1355-8c35-2078-f544-ce15b361908b, 2517102, [Not Found], 630
2026-07-28T09:23:02+08:00 PIPELINE start
VALIDATE run=phase-b-hybrid-fixed status=complete artifacts=120 statuses={'ok': 120}
2026-07-28T09:23:02+08:00 SKIP completed phase-b-atlas
VALIDATE run=phase-b-atlas status=complete artifacts=360 statuses={'ok': 279, 'oom_single_gpu_pool': 9, 'unsupported_gpu_count': 72}
2026-07-28T09:23:03+08:00 SKIP completed phase-c-hybrid
VALIDATE run=phase-c-hybrid status=complete artifacts=360 statuses={'crash_host': 240, 'ok': 90, 'oom_single_gpu_pool': 30}
2026-07-28T09:23:03+08:00 SKIP completed phase-c-atlas
VALIDATE run=phase-c-atlas status=complete artifacts=360 statuses={'oom_single_gpu_pool': 10, 'ok': 266, 'unsupported_gpu_count': 72, 'crash_host': 12}
2026-07-28T09:23:03+08:00 SKIP completed phase-d-hybridcvdv
VALIDATE run=phase-d-hybridcvdv status=complete artifacts=120 statuses={'ok': 120}
2026-07-28T09:23:03+08:00 SKIP completed phase-d-atlas
VALIDATE run=phase-d-atlas status=complete artifacts=120 statuses={'ok': 120}
2026-07-28T09:23:03+08:00 SKIP completed phase-d-bqsim
VALIDATE run=phase-d-bqsim status=complete artifacts=120 statuses={'ok': 120}
2026-07-28T09:23:03+08:00 SKIP completed phase-e-feasibility-hybridcvdv
VALIDATE run=phase-e-feasibility-hybridcvdv status=complete artifacts=2340 statuses={'ok': 1933, 'oom_single_gpu_pool': 113, 'incorrect_result': 75, 'crash_host': 80, 'host_bound_skipped': 20, 'timeout': 119}
2026-07-28T09:23:03+08:00 START phase-e-hybridcvdv
Wrote distributed run to /root/workspace/HybridCVDV-Simulator/experiments/results/distributed_8xH800/phase-e-hybridcvdv
2026-07-28T21:16:26+08:00 DONE phase-e-hybridcvdv
VALIDATE run=phase-e-hybridcvdv status=complete artifacts=1933 statuses={'ok': 1925, 'oom_single_gpu_pool': 6, 'timeout': 2}
Non-ok formal artifacts: {'ok': 1925, 'oom_single_gpu_pool': 6, 'timeout': 2}
2026-07-28T23:56:36+08:00 PIPELINE start
VALIDATE run=phase-b-hybrid-fixed status=complete artifacts=120 statuses={'ok': 120}
2026-07-28T23:56:36+08:00 SKIP completed phase-b-atlas
VALIDATE run=phase-b-atlas status=complete artifacts=360 statuses={'ok': 279, 'oom_single_gpu_pool': 9, 'unsupported_gpu_count': 72}
2026-07-28T23:56:36+08:00 SKIP completed phase-c-hybrid
VALIDATE run=phase-c-hybrid status=complete artifacts=360 statuses={'crash_host': 240, 'ok': 90, 'oom_single_gpu_pool': 30}
2026-07-28T23:56:36+08:00 SKIP completed phase-c-atlas
VALIDATE run=phase-c-atlas status=complete artifacts=360 statuses={'oom_single_gpu_pool': 10, 'ok': 266, 'unsupported_gpu_count': 72, 'crash_host': 12}
2026-07-28T23:56:36+08:00 SKIP completed phase-d-hybridcvdv
VALIDATE run=phase-d-hybridcvdv status=complete artifacts=120 statuses={'ok': 120}
2026-07-28T23:56:36+08:00 SKIP completed phase-d-atlas
VALIDATE run=phase-d-atlas status=complete artifacts=120 statuses={'ok': 120}
2026-07-28T23:56:36+08:00 SKIP completed phase-d-bqsim
VALIDATE run=phase-d-bqsim status=complete artifacts=120 statuses={'ok': 120}
2026-07-28T23:56:36+08:00 SKIP completed phase-e-feasibility-hybridcvdv
VALIDATE run=phase-e-feasibility-hybridcvdv status=complete artifacts=2340 statuses={'ok': 1933, 'oom_single_gpu_pool': 113, 'incorrect_result': 75, 'crash_host': 80, 'host_bound_skipped': 20, 'timeout': 119}
2026-07-28T23:56:37+08:00 SKIP completed phase-e-hybridcvdv
VALIDATE run=phase-e-hybridcvdv status=complete artifacts=1933 statuses={'ok': 1925, 'oom_single_gpu_pool': 6, 'timeout': 2}
2026-07-28T23:56:37+08:00 START phase-e-feasibility-atlas
