[GPUContext] Initialized with 1 device(s)
[MultiGPU] Initialized 1 GPU(s)
╔══════════════════════════════════════════════════╗
║          GPU Context Summary                    ║
╠══════════════════════════════════════════════════╣
║ GPU 0: NVIDIA L20                               ║
║   Compute: SM 8.9  |  SMs: 92    |  Warp: 32   ║
║   Memory:  45467 MiB total / 45177 MiB free    ║
║   SharedMem/Block:    48 KB  /SM:   100 KB    ║
╚══════════════════════════════════════════════════╝
CUDA设备检查: device_count=1, error=no error
CVStatePool 初始化完成: 单个qumode截断维度=4, 初始总维度=4, 容量=128, 设备数=1
创建量子电路: 2 qubits, 1 qumodes, 截断维度=4, 执行GPU=0
构建量子线路...
量子线路构建完成
执行量子线路...
块级编译-执行流水线已启用，块数=5
GaussianStatePool initialized: 1 qumodes, 4096 capacity (refcount-enabled).
量子线路执行完成
执行时间: 2.46988 ms
传输时延: 0 ms
计算时延: 0.180171 ms
规划时延: 0.042691 ms
HDD节点管理器已清空
CVStatePool 已重置
CVStatePool 销毁完成
CUDA设备检查: device_count=1, error=no error
CVStatePool 初始化完成: 单个qumode截断维度=4, 初始总维度=4, 容量=128, 设备数=1
创建量子电路: 2 qubits, 1 qumodes, 截断维度=4, 执行GPU=0
构建量子线路...
量子线路构建完成
执行量子线路...
块级编译-执行流水线已启用，块数=5
GaussianStatePool initialized: 1 qumodes, 4096 capacity (refcount-enabled).
量子线路执行完成
执行时间: 0.942545 ms
传输时延: 0 ms
计算时延: 0.169915 ms
规划时延: 0.011362 ms
HDD节点管理器已清空
CVStatePool 已重置
CVStatePool 销毁完成
CUDA设备检查: device_count=1, error=no error
CVStatePool 初始化完成: 单个qumode截断维度=4, 初始总维度=4, 容量=128, 设备数=1
创建量子电路: 2 qubits, 1 qumodes, 截断维度=4, 执行GPU=0
构建量子线路...
量子线路构建完成
执行量子线路...
块级编译-执行流水线已启用，块数=5
GaussianStatePool initialized: 1 qumodes, 4096 capacity (refcount-enabled).
量子线路执行完成
执行时间: 0.912634 ms
传输时延: 0 ms
计算时延: 0.156992 ms
规划时延: 0.010839 ms
HDD节点管理器已清空
CVStatePool 已重置
CVStatePool 销毁完成
CUDA设备检查: device_count=1, error=no error
CVStatePool 初始化完成: 单个qumode截断维度=4, 初始总维度=4, 容量=128, 设备数=1
创建量子电路: 2 qubits, 1 qumodes, 截断维度=4, 执行GPU=0
构建量子线路...
量子线路构建完成
执行量子线路...
块级编译-执行流水线已启用，块数=5
GaussianStatePool initialized: 1 qumodes, 4096 capacity (refcount-enabled).
量子线路执行完成
执行时间: 0.921507 ms
传输时延: 0 ms
计算时延: 0.156878 ms
规划时延: 0.014089 ms
HDD节点管理器已清空
CVStatePool 已重置
CVStatePool 销毁完成
CUDA设备检查: device_count=1, error=no error
CVStatePool 初始化完成: 单个qumode截断维度=4, 初始总维度=4, 容量=128, 设备数=1
创建量子电路: 2 qubits, 1 qumodes, 截断维度=4, 执行GPU=0
构建量子线路...
量子线路构建完成
执行量子线路...
块级编译-执行流水线已启用，块数=5
GaussianStatePool initialized: 1 qumodes, 4096 capacity (refcount-enabled).
量子线路执行完成
执行时间: 0.937335 ms
传输时延: 0 ms
计算时延: 0.157988 ms
规划时延: 0.00936 ms
HDD节点管理器已清空
CVStatePool 已重置
CVStatePool 销毁完成
CUDA设备检查: device_count=1, error=no error
CVStatePool 初始化完成: 单个qumode截断维度=4, 初始总维度=4, 容量=128, 设备数=1
创建量子电路: 2 qubits, 1 qumodes, 截断维度=4, 执行GPU=0
构建量子线路...
量子线路构建完成
执行量子线路...
块级编译-执行流水线已启用，块数=5
GaussianStatePool initialized: 1 qumodes, 4096 capacity (refcount-enabled).
量子线路执行完成
执行时间: 0.930813 ms
传输时延: 0 ms
计算时延: 0.165568 ms
规划时延: 0.008884 ms
HDD节点管理器已清空
CVStatePool 已重置
CVStatePool 销毁完成
CUDA设备检查: device_count=1, error=no error
CVStatePool 初始化完成: 单个qumode截断维度=4, 初始总维度=4, 容量=128, 设备数=1
创建量子电路: 2 qubits, 1 qumodes, 截断维度=4, 执行GPU=0
构建量子线路...
量子线路构建完成
执行量子线路...
块级编译-执行流水线已启用，块数=5
GaussianStatePool initialized: 1 qumodes, 4096 capacity (refcount-enabled).
量子线路执行完成
执行时间: 0.934194 ms
传输时延: 0 ms
计算时延: 0.166878 ms
规划时延: 0.009328 ms
HDD节点管理器已清空
CVStatePool 已重置
CVStatePool 销毁完成
CUDA设备检查: device_count=1, error=no error
CVStatePool 初始化完成: 单个qumode截断维度=4, 初始总维度=4, 容量=128, 设备数=1
创建量子电路: 2 qubits, 1 qumodes, 截断维度=4, 执行GPU=0
构建量子线路...
量子线路构建完成
执行量子线路...
块级编译-执行流水线已启用，块数=4
GaussianStatePool initialized: 1 qumodes, 4096 capacity (refcount-enabled).
量子线路执行完成
执行时间: 1.19211 ms
传输时延: 0 ms
计算时延: 0.188679 ms
规划时延: 0.008322 ms
HDD节点管理器已清空
CVStatePool 已重置
CVStatePool 销毁完成
CUDA设备检查: device_count=1, error=no error
CVStatePool 初始化完成: 单个qumode截断维度=4, 初始总维度=4, 容量=128, 设备数=1
创建量子电路: 2 qubits, 1 qumodes, 截断维度=4, 执行GPU=0
构建量子线路...
量子线路构建完成
执行量子线路...
块级编译-执行流水线已启用，块数=4
GaussianStatePool initialized: 1 qumodes, 4096 capacity (refcount-enabled).
量子线路执行完成
执行时间: 1.13732 ms
传输时延: 0 ms
计算时延: 0.174286 ms
规划时延: 0.009244 ms
HDD节点管理器已清空
CVStatePool 已重置
CVStatePool 销毁完成
CUDA设备检查: device_count=1, error=no error
CVStatePool 初始化完成: 单个qumode截断维度=4, 初始总维度=4, 容量=128, 设备数=1
创建量子电路: 2 qubits, 1 qumodes, 截断维度=4, 执行GPU=0
构建量子线路...
量子线路构建完成
执行量子线路...
块级编译-执行流水线已启用，块数=4
GaussianStatePool initialized: 1 qumodes, 4096 capacity (refcount-enabled).
量子线路执行完成
执行时间: 1.18081 ms
传输时延: 0 ms
计算时延: 0.179029 ms
规划时延: 0.006989 ms
HDD节点管理器已清空
CVStatePool 已重置
CVStatePool 销毁完成
CUDA设备检查: device_count=1, error=no error
CVStatePool 初始化完成: 单个qumode截断维度=4, 初始总维度=4, 容量=128, 设备数=1
创建量子电路: 2 qubits, 1 qumodes, 截断维度=4, 执行GPU=0
构建量子线路...
量子线路构建完成
执行量子线路...
块级编译-执行流水线已启用，块数=4
GaussianStatePool initialized: 1 qumodes, 4096 capacity (refcount-enabled).
量子线路执行完成
执行时间: 1.16074 ms
传输时延: 0 ms
计算时延: 0.162912 ms
规划时延: 0.006794 ms
HDD节点管理器已清空
CVStatePool 已重置
CVStatePool 销毁完成
CUDA设备检查: device_count=1, error=no error
CVStatePool 初始化完成: 单个qumode截断维度=4, 初始总维度=4, 容量=128, 设备数=1
创建量子电路: 2 qubits, 1 qumodes, 截断维度=4, 执行GPU=0
构建量子线路...
量子线路构建完成
执行量子线路...
块级编译-执行流水线已启用，块数=4
GaussianStatePool initialized: 1 qumodes, 4096 capacity (refcount-enabled).
量子线路执行完成
执行时间: 1.15017 ms
传输时延: 0 ms
计算时延: 0.174048 ms
规划时延: 0.007807 ms
HDD节点管理器已清空
CVStatePool 已重置
CVStatePool 销毁完成
CUDA设备检查: device_count=1, error=no error
CVStatePool 初始化完成: 单个qumode截断维度=4, 初始总维度=4, 容量=128, 设备数=1
创建量子电路: 2 qubits, 1 qumodes, 截断维度=4, 执行GPU=0
构建量子线路...
量子线路构建完成
执行量子线路...
块级编译-执行流水线已启用，块数=4
GaussianStatePool initialized: 1 qumodes, 4096 capacity (refcount-enabled).
量子线路执行完成
执行时间: 1.1604 ms
传输时延: 0 ms
计算时延: 0.162942 ms
规划时延: 0.007035 ms
HDD节点管理器已清空
CVStatePool 已重置
CVStatePool 销毁完成
CUDA设备检查: device_count=1, error=no error
CVStatePool 初始化完成: 单个qumode截断维度=4, 初始总维度=4, 容量=128, 设备数=1
创建量子电路: 2 qubits, 1 qumodes, 截断维度=4, 执行GPU=0
构建量子线路...
量子线路构建完成
执行量子线路...
块级编译-执行流水线已启用，块数=4
GaussianStatePool initialized: 1 qumodes, 4096 capacity (refcount-enabled).
量子线路执行完成
执行时间: 1.16772 ms
传输时延: 0 ms
计算时延: 0.162639 ms
规划时延: 0.008936 ms
HDD节点管理器已清空
CVStatePool 已重置
CVStatePool 销毁完成
CUDA设备检查: device_count=1, error=no error
CVStatePool 初始化完成: 单个qumode截断维度=8, 初始总维度=8, 容量=128, 设备数=1
创建量子电路: 2 qubits, 1 qumodes, 截断维度=8, 执行GPU=0
构建量子线路...
量子线路构建完成
执行量子线路...
块级编译-执行流水线已启用，块数=5
GaussianStatePool initialized: 1 qumodes, 4096 capacity (refcount-enabled).
量子线路执行完成
执行时间: 0.93625 ms
传输时延: 0 ms
计算时延: 0.158056 ms
规划时延: 0.008999 ms
HDD节点管理器已清空
CVStatePool 已重置
CVStatePool 销毁完成
CUDA设备检查: device_count=1, error=no error
CVStatePool 初始化完成: 单个qumode截断维度=8, 初始总维度=8, 容量=128, 设备数=1
创建量子电路: 2 qubits, 1 qumodes, 截断维度=8, 执行GPU=0
构建量子线路...
量子线路构建完成
执行量子线路...
块级编译-执行流水线已启用，块数=5
GaussianStatePool initialized: 1 qumodes, 4096 capacity (refcount-enabled).
量子线路执行完成
执行时间: 0.924874 ms
传输时延: 0 ms
计算时延: 0.16665 ms
规划时延: 0.009705 ms
HDD节点管理器已清空
CVStatePool 已重置
CVStatePool 销毁完成
CUDA设备检查: device_count=1, error=no error
CVStatePool 初始化完成: 单个qumode截断维度=8, 初始总维度=8, 容量=128, 设备数=1
创建量子电路: 2 qubits, 1 qumodes, 截断维度=8, 执行GPU=0
构建量子线路...
量子线路构建完成
执行量子线路...
块级编译-执行流水线已启用，块数=5
GaussianStatePool initialized: 1 qumodes, 4096 capacity (refcount-enabled).
量子线路执行完成
执行时间: 0.929324 ms
传输时延: 0 ms
计算时延: 0.156521 ms
规划时延: 0.011333 ms
HDD节点管理器已清空
CVStatePool 已重置
CVStatePool 销毁完成
CUDA设备检查: device_count=1, error=no error
CVStatePool 初始化完成: 单个qumode截断维度=8, 初始总维度=8, 容量=128, 设备数=1
创建量子电路: 2 qubits, 1 qumodes, 截断维度=8, 执行GPU=0
构建量子线路...
量子线路构建完成
执行量子线路...
块级编译-执行流水线已启用，块数=5
GaussianStatePool initialized: 1 qumodes, 4096 capacity (refcount-enabled).
量子线路执行完成
执行时间: 0.895278 ms
传输时延: 0 ms
计算时延: 0.154411 ms
规划时延: 0.014914 ms
HDD节点管理器已清空
CVStatePool 已重置
CVStatePool 销毁完成
CUDA设备检查: device_count=1, error=no error
CVStatePool 初始化完成: 单个qumode截断维度=8, 初始总维度=8, 容量=128, 设备数=1
创建量子电路: 2 qubits, 1 qumodes, 截断维度=8, 执行GPU=0
构建量子线路...
量子线路构建完成
执行量子线路...
块级编译-执行流水线已启用，块数=5
GaussianStatePool initialized: 1 qumodes, 4096 capacity (refcount-enabled).
量子线路执行完成
执行时间: 0.916468 ms
传输时延: 0 ms
计算时延: 0.155021 ms
规划时延: 0.008272 ms
HDD节点管理器已清空
CVStatePool 已重置
CVStatePool 销毁完成
CUDA设备检查: device_count=1, error=no error
CVStatePool 初始化完成: 单个qumode截断维度=8, 初始总维度=8, 容量=128, 设备数=1
创建量子电路: 2 qubits, 1 qumodes, 截断维度=8, 执行GPU=0
构建量子线路...
量子线路构建完成
执行量子线路...
块级编译-执行流水线已启用，块数=5
GaussianStatePool initialized: 1 qumodes, 4096 capacity (refcount-enabled).
量子线路执行完成
执行时间: 0.910579 ms
传输时延: 0 ms
计算时延: 0.153465 ms
规划时延: 0.008721 ms
HDD节点管理器已清空
CVStatePool 已重置
CVStatePool 销毁完成
CUDA设备检查: device_count=1, error=no error
CVStatePool 初始化完成: 单个qumode截断维度=8, 初始总维度=8, 容量=128, 设备数=1
创建量子电路: 2 qubits, 1 qumodes, 截断维度=8, 执行GPU=0
构建量子线路...
量子线路构建完成
执行量子线路...
块级编译-执行流水线已启用，块数=5
GaussianStatePool initialized: 1 qumodes, 4096 capacity (refcount-enabled).
量子线路执行完成
执行时间: 0.922271 ms
传输时延: 0 ms
计算时延: 0.155887 ms
规划时延: 0.011717 ms
HDD节点管理器已清空
CVStatePool 已重置
CVStatePool 销毁完成
CUDA设备检查: device_count=1, error=no error
CVStatePool 初始化完成: 单个qumode截断维度=8, 初始总维度=8, 容量=128, 设备数=1
创建量子电路: 2 qubits, 1 qumodes, 截断维度=8, 执行GPU=0
构建量子线路...
量子线路构建完成
执行量子线路...
块级编译-执行流水线已启用，块数=4
GaussianStatePool initialized: 1 qumodes, 4096 capacity (refcount-enabled).
量子线路执行完成
执行时间: 1.1752 ms
传输时延: 0 ms
计算时延: 0.163721 ms
规划时延: 0.009505 ms
HDD节点管理器已清空
CVStatePool 已重置
CVStatePool 销毁完成
CUDA设备检查: device_count=1, error=no error
CVStatePool 初始化完成: 单个qumode截断维度=8, 初始总维度=8, 容量=128, 设备数=1
创建量子电路: 2 qubits, 1 qumodes, 截断维度=8, 执行GPU=0
构建量子线路...
量子线路构建完成
执行量子线路...
块级编译-执行流水线已启用，块数=4
GaussianStatePool initialized: 1 qumodes, 4096 capacity (refcount-enabled).
量子线路执行完成
执行时间: 1.14814 ms
传输时延: 0 ms
计算时延: 0.162339 ms
规划时延: 0.00776 ms
HDD节点管理器已清空
CVStatePool 已重置
CVStatePool 销毁完成
CUDA设备检查: device_count=1, error=no error
CVStatePool 初始化完成: 单个qumode截断维度=8, 初始总维度=8, 容量=128, 设备数=1
创建量子电路: 2 qubits, 1 qumodes, 截断维度=8, 执行GPU=0
构建量子线路...
量子线路构建完成
执行量子线路...
块级编译-执行流水线已启用，块数=4
GaussianStatePool initialized: 1 qumodes, 4096 capacity (refcount-enabled).
量子线路执行完成
执行时间: 1.17727 ms
传输时延: 0 ms
计算时延: 0.16378 ms
规划时延: 0.011594 ms
HDD节点管理器已清空
CVStatePool 已重置
CVStatePool 销毁完成
CUDA设备检查: device_count=1, error=no error
CVStatePool 初始化完成: 单个qumode截断维度=8, 初始总维度=8, 容量=128, 设备数=1
创建量子电路: 2 qubits, 1 qumodes, 截断维度=8, 执行GPU=0
构建量子线路...
量子线路构建完成
执行量子线路...
块级编译-执行流水线已启用，块数=4
GaussianStatePool initialized: 1 qumodes, 4096 capacity (refcount-enabled).
量子线路执行完成
执行时间: 1.17106 ms
传输时延: 0 ms
计算时延: 0.164912 ms
规划时延: 0.008373 ms
HDD节点管理器已清空
CVStatePool 已重置
CVStatePool 销毁完成
CUDA设备检查: device_count=1, error=no error
CVStatePool 初始化完成: 单个qumode截断维度=8, 初始总维度=8, 容量=128, 设备数=1
创建量子电路: 2 qubits, 1 qumodes, 截断维度=8, 执行GPU=0
构建量子线路...
量子线路构建完成
执行量子线路...
块级编译-执行流水线已启用，块数=4
GaussianStatePool initialized: 1 qumodes, 4096 capacity (refcount-enabled).
量子线路执行完成
执行时间: 1.14805 ms
传输时延: 0 ms
计算时延: 0.1623 ms
规划时延: 0.012271 ms
HDD节点管理器已清空
CVStatePool 已重置
CVStatePool 销毁完成
CUDA设备检查: device_count=1, error=no error
CVStatePool 初始化完成: 单个qumode截断维度=8, 初始总维度=8, 容量=128, 设备数=1
创建量子电路: 2 qubits, 1 qumodes, 截断维度=8, 执行GPU=0
构建量子线路...
量子线路构建完成
执行量子线路...
块级编译-执行流水线已启用，块数=4
GaussianStatePool initialized: 1 qumodes, 4096 capacity (refcount-enabled).
量子线路执行完成
执行时间: 1.12579 ms
传输时延: 0 ms
计算时延: 0.167852 ms
规划时延: 0.007612 ms
HDD节点管理器已清空
CVStatePool 已重置
CVStatePool 销毁完成
CUDA设备检查: device_count=1, error=no error
CVStatePool 初始化完成: 单个qumode截断维度=8, 初始总维度=8, 容量=128, 设备数=1
创建量子电路: 2 qubits, 1 qumodes, 截断维度=8, 执行GPU=0
构建量子线路...
量子线路构建完成
执行量子线路...
块级编译-执行流水线已启用，块数=4
GaussianStatePool initialized: 1 qumodes, 4096 capacity (refcount-enabled).
量子线路执行完成
执行时间: 1.15385 ms
传输时延: 0 ms
计算时延: 0.162782 ms
规划时延: 0.008175 ms
HDD节点管理器已清空
CVStatePool 已重置
CVStatePool 销毁完成
CUDA设备检查: device_count=1, error=no error
CVStatePool 初始化完成: 单个qumode截断维度=16, 初始总维度=16, 容量=128, 设备数=1
创建量子电路: 2 qubits, 1 qumodes, 截断维度=16, 执行GPU=0
构建量子线路...
量子线路构建完成
执行量子线路...
块级编译-执行流水线已启用，块数=5
GaussianStatePool initialized: 1 qumodes, 4096 capacity (refcount-enabled).
量子线路执行完成
执行时间: 0.92039 ms
传输时延: 0 ms
计算时延: 0.158216 ms
规划时延: 0.008459 ms
HDD节点管理器已清空
CVStatePool 已重置
CVStatePool 销毁完成
CUDA设备检查: device_count=1, error=no error
CVStatePool 初始化完成: 单个qumode截断维度=16, 初始总维度=16, 容量=128, 设备数=1
创建量子电路: 2 qubits, 1 qumodes, 截断维度=16, 执行GPU=0
构建量子线路...
量子线路构建完成
执行量子线路...
块级编译-执行流水线已启用，块数=5
GaussianStatePool initialized: 1 qumodes, 4096 capacity (refcount-enabled).
量子线路执行完成
执行时间: 0.913134 ms
传输时延: 0 ms
计算时延: 0.1553 ms
规划时延: 0.009088 ms
HDD节点管理器已清空
CVStatePool 已重置
CVStatePool 销毁完成
CUDA设备检查: device_count=1, error=no error
CVStatePool 初始化完成: 单个qumode截断维度=16, 初始总维度=16, 容量=128, 设备数=1
创建量子电路: 2 qubits, 1 qumodes, 截断维度=16, 执行GPU=0
构建量子线路...
量子线路构建完成
执行量子线路...
块级编译-执行流水线已启用，块数=5
GaussianStatePool initialized: 1 qumodes, 4096 capacity (refcount-enabled).
量子线路执行完成
执行时间: 0.911195 ms
传输时延: 0 ms
计算时延: 0.168189 ms
规划时延: 0.008179 ms
HDD节点管理器已清空
CVStatePool 已重置
CVStatePool 销毁完成
CUDA设备检查: device_count=1, error=no error
CVStatePool 初始化完成: 单个qumode截断维度=16, 初始总维度=16, 容量=128, 设备数=1
创建量子电路: 2 qubits, 1 qumodes, 截断维度=16, 执行GPU=0
构建量子线路...
量子线路构建完成
执行量子线路...
块级编译-执行流水线已启用，块数=5
GaussianStatePool initialized: 1 qumodes, 4096 capacity (refcount-enabled).
量子线路执行完成
执行时间: 0.915899 ms
传输时延: 0 ms
计算时延: 0.164771 ms
规划时延: 0.008779 ms
HDD节点管理器已清空
CVStatePool 已重置
CVStatePool 销毁完成
CUDA设备检查: device_count=1, error=no error
CVStatePool 初始化完成: 单个qumode截断维度=16, 初始总维度=16, 容量=128, 设备数=1
创建量子电路: 2 qubits, 1 qumodes, 截断维度=16, 执行GPU=0
构建量子线路...
量子线路构建完成
执行量子线路...
块级编译-执行流水线已启用，块数=5
GaussianStatePool initialized: 1 qumodes, 4096 capacity (refcount-enabled).
量子线路执行完成
执行时间: 0.913898 ms
传输时延: 0 ms
计算时延: 0.170968 ms
规划时延: 0.008383 ms
HDD节点管理器已清空
CVStatePool 已重置
CVStatePool 销毁完成
CUDA设备检查: device_count=1, error=no error
CVStatePool 初始化完成: 单个qumode截断维度=16, 初始总维度=16, 容量=128, 设备数=1
创建量子电路: 2 qubits, 1 qumodes, 截断维度=16, 执行GPU=0
构建量子线路...
量子线路构建完成
执行量子线路...
块级编译-执行流水线已启用，块数=5
GaussianStatePool initialized: 1 qumodes, 4096 capacity (refcount-enabled).
量子线路执行完成
执行时间: 0.908984 ms
传输时延: 0 ms
计算时延: 0.165435 ms
规划时延: 0.007381 ms
HDD节点管理器已清空
CVStatePool 已重置
CVStatePool 销毁完成
CUDA设备检查: device_count=1, error=no error
CVStatePool 初始化完成: 单个qumode截断维度=16, 初始总维度=16, 容量=128, 设备数=1
创建量子电路: 2 qubits, 1 qumodes, 截断维度=16, 执行GPU=0
构建量子线路...
量子线路构建完成
执行量子线路...
块级编译-执行流水线已启用，块数=5
GaussianStatePool initialized: 1 qumodes, 4096 capacity (refcount-enabled).
量子线路执行完成
执行时间: 0.904211 ms
传输时延: 0 ms
计算时延: 0.156571 ms
规划时延: 0.007692 ms
HDD节点管理器已清空
CVStatePool 已重置
CVStatePool 销毁完成
CUDA设备检查: device_count=1, error=no error
CVStatePool 初始化完成: 单个qumode截断维度=16, 初始总维度=16, 容量=128, 设备数=1
创建量子电路: 2 qubits, 1 qumodes, 截断维度=16, 执行GPU=0
构建量子线路...
量子线路构建完成
执行量子线路...
块级编译-执行流水线已启用，块数=4
GaussianStatePool initialized: 1 qumodes, 4096 capacity (refcount-enabled).
量子线路执行完成
执行时间: 1.18135 ms
传输时延: 0 ms
计算时延: 0.164485 ms
规划时延: 0.006596 ms
HDD节点管理器已清空
CVStatePool 已重置
CVStatePool 销毁完成
CUDA设备检查: device_count=1, error=no error
CVStatePool 初始化完成: 单个qumode截断维度=16, 初始总维度=16, 容量=128, 设备数=1
创建量子电路: 2 qubits, 1 qumodes, 截断维度=16, 执行GPU=0
构建量子线路...
量子线路构建完成
执行量子线路...
块级编译-执行流水线已启用，块数=4
GaussianStatePool initialized: 1 qumodes, 4096 capacity (refcount-enabled).
量子线路执行完成
执行时间: 1.15096 ms
传输时延: 0 ms
计算时延: 0.161495 ms
规划时延: 0.008374 ms
HDD节点管理器已清空
CVStatePool 已重置
CVStatePool 销毁完成
CUDA设备检查: device_count=1, error=no error
CVStatePool 初始化完成: 单个qumode截断维度=16, 初始总维度=16, 容量=128, 设备数=1
创建量子电路: 2 qubits, 1 qumodes, 截断维度=16, 执行GPU=0
构建量子线路...
量子线路构建完成
执行量子线路...
块级编译-执行流水线已启用，块数=4
GaussianStatePool initialized: 1 qumodes, 4096 capacity (refcount-enabled).
量子线路执行完成
执行时间: 1.16053 ms
传输时延: 0 ms
计算时延: 0.163174 ms
规划时延: 0.008949 ms
HDD节点管理器已清空
CVStatePool 已重置
CVStatePool 销毁完成
CUDA设备检查: device_count=1, error=no error
CVStatePool 初始化完成: 单个qumode截断维度=16, 初始总维度=16, 容量=128, 设备数=1
创建量子电路: 2 qubits, 1 qumodes, 截断维度=16, 执行GPU=0
构建量子线路...
量子线路构建完成
执行量子线路...
块级编译-执行流水线已启用，块数=4
GaussianStatePool initialized: 1 qumodes, 4096 capacity (refcount-enabled).
量子线路执行完成
执行时间: 1.1473 ms
传输时延: 0 ms
计算时延: 0.168414 ms
规划时延: 0.007234 ms
HDD节点管理器已清空
CVStatePool 已重置
CVStatePool 销毁完成
CUDA设备检查: device_count=1, error=no error
CVStatePool 初始化完成: 单个qumode截断维度=16, 初始总维度=16, 容量=128, 设备数=1
创建量子电路: 2 qubits, 1 qumodes, 截断维度=16, 执行GPU=0
构建量子线路...
量子线路构建完成
执行量子线路...
块级编译-执行流水线已启用，块数=4
GaussianStatePool initialized: 1 qumodes, 4096 capacity (refcount-enabled).
量子线路执行完成
执行时间: 1.15252 ms
传输时延: 0 ms
计算时延: 0.164927 ms
规划时延: 0.006639 ms
HDD节点管理器已清空
CVStatePool 已重置
CVStatePool 销毁完成
CUDA设备检查: device_count=1, error=no error
CVStatePool 初始化完成: 单个qumode截断维度=16, 初始总维度=16, 容量=128, 设备数=1
创建量子电路: 2 qubits, 1 qumodes, 截断维度=16, 执行GPU=0
构建量子线路...
量子线路构建完成
执行量子线路...
块级编译-执行流水线已启用，块数=4
GaussianStatePool initialized: 1 qumodes, 4096 capacity (refcount-enabled).
量子线路执行完成
执行时间: 1.16402 ms
传输时延: 0 ms
计算时延: 0.167679 ms
规划时延: 0.007295 ms
HDD节点管理器已清空
CVStatePool 已重置
CVStatePool 销毁完成
CUDA设备检查: device_count=1, error=no error
CVStatePool 初始化完成: 单个qumode截断维度=16, 初始总维度=16, 容量=128, 设备数=1
创建量子电路: 2 qubits, 1 qumodes, 截断维度=16, 执行GPU=0
构建量子线路...
量子线路构建完成
执行量子线路...
块级编译-执行流水线已启用，块数=4
GaussianStatePool initialized: 1 qumodes, 4096 capacity (refcount-enabled).
量子线路执行完成
执行时间: 1.17972 ms
传输时延: 0 ms
计算时延: 0.165155 ms
规划时延: 0.006451 ms
HDD节点管理器已清空
CVStatePool 已重置
CVStatePool 销毁完成
CUDA设备检查: device_count=1, error=no error
CVStatePool 初始化完成: 单个qumode截断维度=32, 初始总维度=32, 容量=128, 设备数=1
创建量子电路: 2 qubits, 1 qumodes, 截断维度=32, 执行GPU=0
构建量子线路...
量子线路构建完成
执行量子线路...
块级编译-执行流水线已启用，块数=5
GaussianStatePool initialized: 1 qumodes, 4096 capacity (refcount-enabled).
量子线路执行完成
执行时间: 0.923213 ms
传输时延: 0 ms
计算时延: 0.156506 ms
规划时延: 0.008264 ms
HDD节点管理器已清空
CVStatePool 已重置
CVStatePool 销毁完成
CUDA设备检查: device_count=1, error=no error
CVStatePool 初始化完成: 单个qumode截断维度=32, 初始总维度=32, 容量=128, 设备数=1
创建量子电路: 2 qubits, 1 qumodes, 截断维度=32, 执行GPU=0
构建量子线路...
量子线路构建完成
执行量子线路...
块级编译-执行流水线已启用，块数=5
GaussianStatePool initialized: 1 qumodes, 4096 capacity (refcount-enabled).
量子线路执行完成
执行时间: 0.915413 ms
传输时延: 0 ms
计算时延: 0.163229 ms
规划时延: 0.008466 ms
HDD节点管理器已清空
CVStatePool 已重置
CVStatePool 销毁完成
CUDA设备检查: device_count=1, error=no error
CVStatePool 初始化完成: 单个qumode截断维度=32, 初始总维度=32, 容量=128, 设备数=1
创建量子电路: 2 qubits, 1 qumodes, 截断维度=32, 执行GPU=0
构建量子线路...
量子线路构建完成
执行量子线路...
块级编译-执行流水线已启用，块数=5
GaussianStatePool initialized: 1 qumodes, 4096 capacity (refcount-enabled).
量子线路执行完成
执行时间: 0.925713 ms
传输时延: 0 ms
计算时延: 0.155528 ms
规划时延: 0.015326 ms
HDD节点管理器已清空
CVStatePool 已重置
CVStatePool 销毁完成
CUDA设备检查: device_count=1, error=no error
CVStatePool 初始化完成: 单个qumode截断维度=32, 初始总维度=32, 容量=128, 设备数=1
创建量子电路: 2 qubits, 1 qumodes, 截断维度=32, 执行GPU=0
构建量子线路...
量子线路构建完成
执行量子线路...
块级编译-执行流水线已启用，块数=5
GaussianStatePool initialized: 1 qumodes, 4096 capacity (refcount-enabled).
量子线路执行完成
执行时间: 0.911515 ms
传输时延: 0 ms
计算时延: 0.172883 ms
规划时延: 0.009629 ms
HDD节点管理器已清空
CVStatePool 已重置
CVStatePool 销毁完成
CUDA设备检查: device_count=1, error=no error
CVStatePool 初始化完成: 单个qumode截断维度=32, 初始总维度=32, 容量=128, 设备数=1
创建量子电路: 2 qubits, 1 qumodes, 截断维度=32, 执行GPU=0
构建量子线路...
量子线路构建完成
执行量子线路...
块级编译-执行流水线已启用，块数=5
GaussianStatePool initialized: 1 qumodes, 4096 capacity (refcount-enabled).
量子线路执行完成
执行时间: 0.927461 ms
传输时延: 0 ms
计算时延: 0.168876 ms
规划时延: 0.009095 ms
HDD节点管理器已清空
CVStatePool 已重置
CVStatePool 销毁完成
CUDA设备检查: device_count=1, error=no error
CVStatePool 初始化完成: 单个qumode截断维度=32, 初始总维度=32, 容量=128, 设备数=1
创建量子电路: 2 qubits, 1 qumodes, 截断维度=32, 执行GPU=0
构建量子线路...
量子线路构建完成
执行量子线路...
块级编译-执行流水线已启用，块数=5
GaussianStatePool initialized: 1 qumodes, 4096 capacity (refcount-enabled).
量子线路执行完成
执行时间: 0.918689 ms
传输时延: 0 ms
计算时延: 0.157273 ms
规划时延: 0.009782 ms
HDD节点管理器已清空
CVStatePool 已重置
CVStatePool 销毁完成
CUDA设备检查: device_count=1, error=no error
CVStatePool 初始化完成: 单个qumode截断维度=32, 初始总维度=32, 容量=128, 设备数=1
创建量子电路: 2 qubits, 1 qumodes, 截断维度=32, 执行GPU=0
构建量子线路...
量子线路构建完成
执行量子线路...
块级编译-执行流水线已启用，块数=5
GaussianStatePool initialized: 1 qumodes, 4096 capacity (refcount-enabled).
量子线路执行完成
执行时间: 0.913112 ms
传输时延: 0 ms
计算时延: 0.165029 ms
规划时延: 0.009838 ms
HDD节点管理器已清空
CVStatePool 已重置
CVStatePool 销毁完成
CUDA设备检查: device_count=1, error=no error
CVStatePool 初始化完成: 单个qumode截断维度=32, 初始总维度=32, 容量=128, 设备数=1
创建量子电路: 2 qubits, 1 qumodes, 截断维度=32, 执行GPU=0
构建量子线路...
量子线路构建完成
执行量子线路...
块级编译-执行流水线已启用，块数=4
GaussianStatePool initialized: 1 qumodes, 4096 capacity (refcount-enabled).
量子线路执行完成
执行时间: 1.13426 ms
传输时延: 0 ms
计算时延: 0.163226 ms
规划时延: 0.007302 ms
HDD节点管理器已清空
CVStatePool 已重置
CVStatePool 销毁完成
CUDA设备检查: device_count=1, error=no error
CVStatePool 初始化完成: 单个qumode截断维度=32, 初始总维度=32, 容量=128, 设备数=1
创建量子电路: 2 qubits, 1 qumodes, 截断维度=32, 执行GPU=0
构建量子线路...
量子线路构建完成
执行量子线路...
块级编译-执行流水线已启用，块数=4
GaussianStatePool initialized: 1 qumodes, 4096 capacity (refcount-enabled).
量子线路执行完成
执行时间: 1.1617 ms
传输时延: 0 ms
计算时延: 0.161796 ms
规划时延: 0.006475 ms
HDD节点管理器已清空
CVStatePool 已重置
CVStatePool 销毁完成
CUDA设备检查: device_count=1, error=no error
CVStatePool 初始化完成: 单个qumode截断维度=32, 初始总维度=32, 容量=128, 设备数=1
创建量子电路: 2 qubits, 1 qumodes, 截断维度=32, 执行GPU=0
构建量子线路...
量子线路构建完成
执行量子线路...
块级编译-执行流水线已启用，块数=4
GaussianStatePool initialized: 1 qumodes, 4096 capacity (refcount-enabled).
量子线路执行完成
执行时间: 1.15792 ms
传输时延: 0 ms
计算时延: 0.162171 ms
规划时延: 0.007186 ms
HDD节点管理器已清空
CVStatePool 已重置
CVStatePool 销毁完成
CUDA设备检查: device_count=1, error=no error
CVStatePool 初始化完成: 单个qumode截断维度=32, 初始总维度=32, 容量=128, 设备数=1
创建量子电路: 2 qubits, 1 qumodes, 截断维度=32, 执行GPU=0
构建量子线路...
量子线路构建完成
执行量子线路...
块级编译-执行流水线已启用，块数=4
GaussianStatePool initialized: 1 qumodes, 4096 capacity (refcount-enabled).
量子线路执行完成
执行时间: 1.15179 ms
传输时延: 0 ms
计算时延: 0.166266 ms
规划时延: 0.006796 ms
HDD节点管理器已清空
CVStatePool 已重置
CVStatePool 销毁完成
CUDA设备检查: device_count=1, error=no error
CVStatePool 初始化完成: 单个qumode截断维度=32, 初始总维度=32, 容量=128, 设备数=1
创建量子电路: 2 qubits, 1 qumodes, 截断维度=32, 执行GPU=0
构建量子线路...
量子线路构建完成
执行量子线路...
块级编译-执行流水线已启用，块数=4
GaussianStatePool initialized: 1 qumodes, 4096 capacity (refcount-enabled).
量子线路执行完成
执行时间: 1.1452 ms
传输时延: 0 ms
计算时延: 0.160172 ms
规划时延: 0.006585 ms
HDD节点管理器已清空
CVStatePool 已重置
CVStatePool 销毁完成
CUDA设备检查: device_count=1, error=no error
CVStatePool 初始化完成: 单个qumode截断维度=32, 初始总维度=32, 容量=128, 设备数=1
创建量子电路: 2 qubits, 1 qumodes, 截断维度=32, 执行GPU=0
构建量子线路...
量子线路构建完成
执行量子线路...
块级编译-执行流水线已启用，块数=4
GaussianStatePool initialized: 1 qumodes, 4096 capacity (refcount-enabled).
量子线路执行完成
执行时间: 1.12692 ms
传输时延: 0 ms
计算时延: 0.158294 ms
规划时延: 0.006108 ms
HDD节点管理器已清空
CVStatePool 已重置
CVStatePool 销毁完成
CUDA设备检查: device_count=1, error=no error
CVStatePool 初始化完成: 单个qumode截断维度=32, 初始总维度=32, 容量=128, 设备数=1
创建量子电路: 2 qubits, 1 qumodes, 截断维度=32, 执行GPU=0
构建量子线路...
量子线路构建完成
执行量子线路...
块级编译-执行流水线已启用，块数=4
GaussianStatePool initialized: 1 qumodes, 4096 capacity (refcount-enabled).
量子线路执行完成
执行时间: 1.15643 ms
传输时延: 0 ms
计算时延: 0.16959 ms
规划时延: 0.006707 ms
HDD节点管理器已清空
CVStatePool 已重置
CVStatePool 销毁完成
CUDA设备检查: device_count=1, error=no error
CVStatePool 初始化完成: 单个qumode截断维度=4, 初始总维度=4, 容量=128, 设备数=1
创建量子电路: 4 qubits, 1 qumodes, 截断维度=4, 执行GPU=0
构建量子线路...
量子线路构建完成
执行量子线路...
块级编译-执行流水线已启用，块数=5
GaussianStatePool initialized: 1 qumodes, 4096 capacity (refcount-enabled).
量子线路执行完成
执行时间: 3.48846 ms
传输时延: 0 ms
计算时延: 0.583713 ms
规划时延: 0.010099 ms
HDD节点管理器已清空
CVStatePool 已重置
CVStatePool 销毁完成
CUDA设备检查: device_count=1, error=no error
CVStatePool 初始化完成: 单个qumode截断维度=4, 初始总维度=4, 容量=128, 设备数=1
创建量子电路: 4 qubits, 1 qumodes, 截断维度=4, 执行GPU=0
构建量子线路...
量子线路构建完成
执行量子线路...
块级编译-执行流水线已启用，块数=5
GaussianStatePool initialized: 1 qumodes, 4096 capacity (refcount-enabled).
量子线路执行完成
执行时间: 3.46624 ms
传输时延: 0 ms
计算时延: 0.610163 ms
规划时延: 0.009633 ms
HDD节点管理器已清空
CVStatePool 已重置
CVStatePool 销毁完成
CUDA设备检查: device_count=1, error=no error
CVStatePool 初始化完成: 单个qumode截断维度=4, 初始总维度=4, 容量=128, 设备数=1
创建量子电路: 4 qubits, 1 qumodes, 截断维度=4, 执行GPU=0
构建量子线路...
量子线路构建完成
执行量子线路...
块级编译-执行流水线已启用，块数=5
GaussianStatePool initialized: 1 qumodes, 4096 capacity (refcount-enabled).
量子线路执行完成
执行时间: 3.43658 ms
传输时延: 0 ms
计算时延: 0.589826 ms
规划时延: 0.01231 ms
HDD节点管理器已清空
CVStatePool 已重置
CVStatePool 销毁完成
CUDA设备检查: device_count=1, error=no error
CVStatePool 初始化完成: 单个qumode截断维度=4, 初始总维度=4, 容量=128, 设备数=1
创建量子电路: 4 qubits, 1 qumodes, 截断维度=4, 执行GPU=0
构建量子线路...
量子线路构建完成
执行量子线路...
块级编译-执行流水线已启用，块数=5
GaussianStatePool initialized: 1 qumodes, 4096 capacity (refcount-enabled).
量子线路执行完成
执行时间: 3.4137 ms
传输时延: 0 ms
计算时延: 0.597018 ms
规划时延: 0.014662 ms
HDD节点管理器已清空
CVStatePool 已重置
CVStatePool 销毁完成
CUDA设备检查: device_count=1, error=no error
CVStatePool 初始化完成: 单个qumode截断维度=4, 初始总维度=4, 容量=128, 设备数=1
创建量子电路: 4 qubits, 1 qumodes, 截断维度=4, 执行GPU=0
构建量子线路...
量子线路构建完成
执行量子线路...
块级编译-执行流水线已启用，块数=5
GaussianStatePool initialized: 1 qumodes, 4096 capacity (refcount-enabled).
量子线路执行完成
执行时间: 3.4243 ms
传输时延: 0 ms
计算时延: 0.5858 ms
规划时延: 0.015286 ms
HDD节点管理器已清空
CVStatePool 已重置
CVStatePool 销毁完成
CUDA设备检查: device_count=1, error=no error
CVStatePool 初始化完成: 单个qumode截断维度=4, 初始总维度=4, 容量=128, 设备数=1
创建量子电路: 4 qubits, 1 qumodes, 截断维度=4, 执行GPU=0
构建量子线路...
量子线路构建完成
执行量子线路...
块级编译-执行流水线已启用，块数=5
GaussianStatePool initialized: 1 qumodes, 4096 capacity (refcount-enabled).
量子线路执行完成
执行时间: 3.4131 ms
传输时延: 0 ms
计算时延: 0.590371 ms
规划时延: 0.009154 ms
HDD节点管理器已清空
CVStatePool 已重置
CVStatePool 销毁完成
CUDA设备检查: device_count=1, error=no error
CVStatePool 初始化完成: 单个qumode截断维度=4, 初始总维度=4, 容量=128, 设备数=1
创建量子电路: 4 qubits, 1 qumodes, 截断维度=4, 执行GPU=0
构建量子线路...
量子线路构建完成
执行量子线路...
块级编译-执行流水线已启用，块数=5
GaussianStatePool initialized: 1 qumodes, 4096 capacity (refcount-enabled).
量子线路执行完成
执行时间: 3.39221 ms
传输时延: 0 ms
计算时延: 0.581916 ms
规划时延: 0.009584 ms
HDD节点管理器已清空
CVStatePool 已重置
CVStatePool 销毁完成
CUDA设备检查: device_count=1, error=no error
CVStatePool 初始化完成: 单个qumode截断维度=4, 初始总维度=4, 容量=128, 设备数=1
创建量子电路: 4 qubits, 1 qumodes, 截断维度=4, 执行GPU=0
构建量子线路...
量子线路构建完成
执行量子线路...
块级编译-执行流水线已启用，块数=4
GaussianStatePool initialized: 1 qumodes, 4096 capacity (refcount-enabled).
量子线路执行完成
执行时间: 8.88539 ms
传输时延: 0 ms
计算时延: 0.640298 ms
规划时延: 0.007549 ms
HDD节点管理器已清空
CVStatePool 已重置
CVStatePool 销毁完成
CUDA设备检查: device_count=1, error=no error
CVStatePool 初始化完成: 单个qumode截断维度=4, 初始总维度=4, 容量=128, 设备数=1
创建量子电路: 4 qubits, 1 qumodes, 截断维度=4, 执行GPU=0
构建量子线路...
量子线路构建完成
执行量子线路...
块级编译-执行流水线已启用，块数=4
GaussianStatePool initialized: 1 qumodes, 4096 capacity (refcount-enabled).
量子线路执行完成
执行时间: 8.77332 ms
传输时延: 0 ms
计算时延: 0.624076 ms
规划时延: 0.008043 ms
HDD节点管理器已清空
CVStatePool 已重置
CVStatePool 销毁完成
CUDA设备检查: device_count=1, error=no error
CVStatePool 初始化完成: 单个qumode截断维度=4, 初始总维度=4, 容量=128, 设备数=1
创建量子电路: 4 qubits, 1 qumodes, 截断维度=4, 执行GPU=0
构建量子线路...
量子线路构建完成
执行量子线路...
块级编译-执行流水线已启用，块数=4
GaussianStatePool initialized: 1 qumodes, 4096 capacity (refcount-enabled).
量子线路执行完成
执行时间: 8.72287 ms
传输时延: 0 ms
计算时延: 0.62499 ms
规划时延: 0.008626 ms
HDD节点管理器已清空
CVStatePool 已重置
CVStatePool 销毁完成
CUDA设备检查: device_count=1, error=no error
CVStatePool 初始化完成: 单个qumode截断维度=4, 初始总维度=4, 容量=128, 设备数=1
创建量子电路: 4 qubits, 1 qumodes, 截断维度=4, 执行GPU=0
构建量子线路...
量子线路构建完成
执行量子线路...
块级编译-执行流水线已启用，块数=4
GaussianStatePool initialized: 1 qumodes, 4096 capacity (refcount-enabled).
量子线路执行完成
执行时间: 8.65597 ms
传输时延: 0 ms
计算时延: 0.624915 ms
规划时延: 0.010808 ms
HDD节点管理器已清空
CVStatePool 已重置
CVStatePool 销毁完成
CUDA设备检查: device_count=1, error=no error
CVStatePool 初始化完成: 单个qumode截断维度=4, 初始总维度=4, 容量=128, 设备数=1
创建量子电路: 4 qubits, 1 qumodes, 截断维度=4, 执行GPU=0
构建量子线路...
量子线路构建完成
执行量子线路...
块级编译-执行流水线已启用，块数=4
GaussianStatePool initialized: 1 qumodes, 4096 capacity (refcount-enabled).
量子线路执行完成
执行时间: 8.70117 ms
传输时延: 0 ms
计算时延: 0.615102 ms
规划时延: 0.007762 ms
HDD节点管理器已清空
CVStatePool 已重置
CVStatePool 销毁完成
CUDA设备检查: device_count=1, error=no error
CVStatePool 初始化完成: 单个qumode截断维度=4, 初始总维度=4, 容量=128, 设备数=1
创建量子电路: 4 qubits, 1 qumodes, 截断维度=4, 执行GPU=0
构建量子线路...
量子线路构建完成
执行量子线路...
块级编译-执行流水线已启用，块数=4
GaussianStatePool initialized: 1 qumodes, 4096 capacity (refcount-enabled).
量子线路执行完成
执行时间: 8.66919 ms
传输时延: 0 ms
计算时延: 0.632896 ms
规划时延: 0.008483 ms
HDD节点管理器已清空
CVStatePool 已重置
CVStatePool 销毁完成
CUDA设备检查: device_count=1, error=no error
CVStatePool 初始化完成: 单个qumode截断维度=4, 初始总维度=4, 容量=128, 设备数=1
创建量子电路: 4 qubits, 1 qumodes, 截断维度=4, 执行GPU=0
构建量子线路...
量子线路构建完成
执行量子线路...
块级编译-执行流水线已启用，块数=4
GaussianStatePool initialized: 1 qumodes, 4096 capacity (refcount-enabled).
量子线路执行完成
执行时间: 8.67391 ms
传输时延: 0 ms
计算时延: 0.618108 ms
规划时延: 0.008893 ms
HDD节点管理器已清空
CVStatePool 已重置
CVStatePool 销毁完成
CUDA设备检查: device_count=1, error=no error
CVStatePool 初始化完成: 单个qumode截断维度=8, 初始总维度=8, 容量=128, 设备数=1
创建量子电路: 4 qubits, 1 qumodes, 截断维度=8, 执行GPU=0
构建量子线路...
量子线路构建完成
执行量子线路...
块级编译-执行流水线已启用，块数=5
GaussianStatePool initialized: 1 qumodes, 4096 capacity (refcount-enabled).
量子线路执行完成
执行时间: 3.43136 ms
传输时延: 0 ms
计算时延: 0.589939 ms
规划时延: 0.009806 ms
HDD节点管理器已清空
CVStatePool 已重置
CVStatePool 销毁完成
CUDA设备检查: device_count=1, error=no error
CVStatePool 初始化完成: 单个qumode截断维度=8, 初始总维度=8, 容量=128, 设备数=1
创建量子电路: 4 qubits, 1 qumodes, 截断维度=8, 执行GPU=0
构建量子线路...
量子线路构建完成
执行量子线路...
块级编译-执行流水线已启用，块数=5
GaussianStatePool initialized: 1 qumodes, 4096 capacity (refcount-enabled).
量子线路执行完成
执行时间: 3.39307 ms
传输时延: 0 ms
计算时延: 0.589669 ms
规划时延: 0.01071 ms
HDD节点管理器已清空
CVStatePool 已重置
CVStatePool 销毁完成
CUDA设备检查: device_count=1, error=no error
CVStatePool 初始化完成: 单个qumode截断维度=8, 初始总维度=8, 容量=128, 设备数=1
创建量子电路: 4 qubits, 1 qumodes, 截断维度=8, 执行GPU=0
构建量子线路...
量子线路构建完成
执行量子线路...
块级编译-执行流水线已启用，块数=5
GaussianStatePool initialized: 1 qumodes, 4096 capacity (refcount-enabled).
量子线路执行完成
执行时间: 3.4069 ms
传输时延: 0 ms
计算时延: 0.591083 ms
规划时延: 0.010701 ms
HDD节点管理器已清空
CVStatePool 已重置
CVStatePool 销毁完成
CUDA设备检查: device_count=1, error=no error
CVStatePool 初始化完成: 单个qumode截断维度=8, 初始总维度=8, 容量=128, 设备数=1
创建量子电路: 4 qubits, 1 qumodes, 截断维度=8, 执行GPU=0
构建量子线路...
量子线路构建完成
执行量子线路...
块级编译-执行流水线已启用，块数=5
GaussianStatePool initialized: 1 qumodes, 4096 capacity (refcount-enabled).
量子线路执行完成
执行时间: 3.43605 ms
传输时延: 0 ms
计算时延: 0.593264 ms
规划时延: 0.009576 ms
HDD节点管理器已清空
CVStatePool 已重置
CVStatePool 销毁完成
CUDA设备检查: device_count=1, error=no error
CVStatePool 初始化完成: 单个qumode截断维度=8, 初始总维度=8, 容量=128, 设备数=1
创建量子电路: 4 qubits, 1 qumodes, 截断维度=8, 执行GPU=0
构建量子线路...
量子线路构建完成
执行量子线路...
块级编译-执行流水线已启用，块数=5
GaussianStatePool initialized: 1 qumodes, 4096 capacity (refcount-enabled).
量子线路执行完成
执行时间: 3.44606 ms
传输时延: 0 ms
计算时延: 0.595703 ms
规划时延: 0.009562 ms
HDD节点管理器已清空
CVStatePool 已重置
CVStatePool 销毁完成
CUDA设备检查: device_count=1, error=no error
CVStatePool 初始化完成: 单个qumode截断维度=8, 初始总维度=8, 容量=128, 设备数=1
创建量子电路: 4 qubits, 1 qumodes, 截断维度=8, 执行GPU=0
构建量子线路...
量子线路构建完成
执行量子线路...
块级编译-执行流水线已启用，块数=5
GaussianStatePool initialized: 1 qumodes, 4096 capacity (refcount-enabled).
量子线路执行完成
执行时间: 3.42906 ms
传输时延: 0 ms
计算时延: 0.586799 ms
规划时延: 0.010524 ms
HDD节点管理器已清空
CVStatePool 已重置
CVStatePool 销毁完成
CUDA设备检查: device_count=1, error=no error
CVStatePool 初始化完成: 单个qumode截断维度=8, 初始总维度=8, 容量=128, 设备数=1
创建量子电路: 4 qubits, 1 qumodes, 截断维度=8, 执行GPU=0
构建量子线路...
量子线路构建完成
执行量子线路...
块级编译-执行流水线已启用，块数=5
GaussianStatePool initialized: 1 qumodes, 4096 capacity (refcount-enabled).
量子线路执行完成
执行时间: 3.36212 ms
传输时延: 0 ms
计算时延: 0.577837 ms
规划时延: 0.009379 ms
HDD节点管理器已清空
CVStatePool 已重置
CVStatePool 销毁完成
CUDA设备检查: device_count=1, error=no error
CVStatePool 初始化完成: 单个qumode截断维度=8, 初始总维度=8, 容量=128, 设备数=1
创建量子电路: 4 qubits, 1 qumodes, 截断维度=8, 执行GPU=0
构建量子线路...
量子线路构建完成
执行量子线路...
块级编译-执行流水线已启用，块数=4
GaussianStatePool initialized: 1 qumodes, 4096 capacity (refcount-enabled).
量子线路执行完成
执行时间: 8.68846 ms
传输时延: 0 ms
计算时延: 0.624944 ms
规划时延: 0.007415 ms
HDD节点管理器已清空
CVStatePool 已重置
CVStatePool 销毁完成
CUDA设备检查: device_count=1, error=no error
CVStatePool 初始化完成: 单个qumode截断维度=8, 初始总维度=8, 容量=128, 设备数=1
创建量子电路: 4 qubits, 1 qumodes, 截断维度=8, 执行GPU=0
构建量子线路...
量子线路构建完成
执行量子线路...
块级编译-执行流水线已启用，块数=4
GaussianStatePool initialized: 1 qumodes, 4096 capacity (refcount-enabled).
量子线路执行完成
执行时间: 8.61351 ms
传输时延: 0 ms
计算时延: 0.611814 ms
规划时延: 0.008392 ms
HDD节点管理器已清空
CVStatePool 已重置
CVStatePool 销毁完成
CUDA设备检查: device_count=1, error=no error
CVStatePool 初始化完成: 单个qumode截断维度=8, 初始总维度=8, 容量=128, 设备数=1
创建量子电路: 4 qubits, 1 qumodes, 截断维度=8, 执行GPU=0
构建量子线路...
量子线路构建完成
执行量子线路...
块级编译-执行流水线已启用，块数=4
GaussianStatePool initialized: 1 qumodes, 4096 capacity (refcount-enabled).
量子线路执行完成
执行时间: 8.64255 ms
传输时延: 0 ms
计算时延: 0.624467 ms
规划时延: 0.008138 ms
HDD节点管理器已清空
CVStatePool 已重置
CVStatePool 销毁完成
CUDA设备检查: device_count=1, error=no error
CVStatePool 初始化完成: 单个qumode截断维度=8, 初始总维度=8, 容量=128, 设备数=1
创建量子电路: 4 qubits, 1 qumodes, 截断维度=8, 执行GPU=0
构建量子线路...
量子线路构建完成
执行量子线路...
块级编译-执行流水线已启用，块数=4
GaussianStatePool initialized: 1 qumodes, 4096 capacity (refcount-enabled).
量子线路执行完成
执行时间: 8.64158 ms
传输时延: 0 ms
计算时延: 0.625396 ms
规划时延: 0.008185 ms
HDD节点管理器已清空
CVStatePool 已重置
CVStatePool 销毁完成
CUDA设备检查: device_count=1, error=no error
CVStatePool 初始化完成: 单个qumode截断维度=8, 初始总维度=8, 容量=128, 设备数=1
创建量子电路: 4 qubits, 1 qumodes, 截断维度=8, 执行GPU=0
构建量子线路...
量子线路构建完成
执行量子线路...
块级编译-执行流水线已启用，块数=4
GaussianStatePool initialized: 1 qumodes, 4096 capacity (refcount-enabled).
量子线路执行完成
执行时间: 8.61587 ms
传输时延: 0 ms
计算时延: 0.637424 ms
规划时延: 0.007095 ms
HDD节点管理器已清空
CVStatePool 已重置
CVStatePool 销毁完成
CUDA设备检查: device_count=1, error=no error
CVStatePool 初始化完成: 单个qumode截断维度=8, 初始总维度=8, 容量=128, 设备数=1
创建量子电路: 4 qubits, 1 qumodes, 截断维度=8, 执行GPU=0
构建量子线路...
量子线路构建完成
执行量子线路...
块级编译-执行流水线已启用，块数=4
GaussianStatePool initialized: 1 qumodes, 4096 capacity (refcount-enabled).
量子线路执行完成
执行时间: 8.56989 ms
传输时延: 0 ms
计算时延: 0.621319 ms
规划时延: 0.007809 ms
HDD节点管理器已清空
CVStatePool 已重置
CVStatePool 销毁完成
CUDA设备检查: device_count=1, error=no error
CVStatePool 初始化完成: 单个qumode截断维度=8, 初始总维度=8, 容量=128, 设备数=1
创建量子电路: 4 qubits, 1 qumodes, 截断维度=8, 执行GPU=0
构建量子线路...
量子线路构建完成
执行量子线路...
块级编译-执行流水线已启用，块数=4
GaussianStatePool initialized: 1 qumodes, 4096 capacity (refcount-enabled).
量子线路执行完成
执行时间: 8.6926 ms
传输时延: 0 ms
计算时延: 0.61681 ms
规划时延: 0.008042 ms
HDD节点管理器已清空
CVStatePool 已重置
CVStatePool 销毁完成
CUDA设备检查: device_count=1, error=no error
CVStatePool 初始化完成: 单个qumode截断维度=16, 初始总维度=16, 容量=128, 设备数=1
创建量子电路: 4 qubits, 1 qumodes, 截断维度=16, 执行GPU=0
构建量子线路...
量子线路构建完成
执行量子线路...
块级编译-执行流水线已启用，块数=5
GaussianStatePool initialized: 1 qumodes, 4096 capacity (refcount-enabled).
量子线路执行完成
执行时间: 3.46234 ms
传输时延: 0 ms
计算时延: 0.609665 ms
规划时延: 0.012247 ms
HDD节点管理器已清空
CVStatePool 已重置
CVStatePool 销毁完成
CUDA设备检查: device_count=1, error=no error
CVStatePool 初始化完成: 单个qumode截断维度=16, 初始总维度=16, 容量=128, 设备数=1
创建量子电路: 4 qubits, 1 qumodes, 截断维度=16, 执行GPU=0
构建量子线路...
量子线路构建完成
执行量子线路...
块级编译-执行流水线已启用，块数=5
GaussianStatePool initialized: 1 qumodes, 4096 capacity (refcount-enabled).
量子线路执行完成
执行时间: 3.44977 ms
传输时延: 0 ms
计算时延: 0.596726 ms
规划时延: 0.013247 ms
HDD节点管理器已清空
CVStatePool 已重置
CVStatePool 销毁完成
CUDA设备检查: device_count=1, error=no error
CVStatePool 初始化完成: 单个qumode截断维度=16, 初始总维度=16, 容量=128, 设备数=1
创建量子电路: 4 qubits, 1 qumodes, 截断维度=16, 执行GPU=0
构建量子线路...
量子线路构建完成
执行量子线路...
块级编译-执行流水线已启用，块数=5
GaussianStatePool initialized: 1 qumodes, 4096 capacity (refcount-enabled).
量子线路执行完成
执行时间: 3.42511 ms
传输时延: 0 ms
计算时延: 0.600819 ms
规划时延: 0.009949 ms
HDD节点管理器已清空
CVStatePool 已重置
CVStatePool 销毁完成
CUDA设备检查: device_count=1, error=no error
CVStatePool 初始化完成: 单个qumode截断维度=16, 初始总维度=16, 容量=128, 设备数=1
创建量子电路: 4 qubits, 1 qumodes, 截断维度=16, 执行GPU=0
构建量子线路...
量子线路构建完成
执行量子线路...
块级编译-执行流水线已启用，块数=5
GaussianStatePool initialized: 1 qumodes, 4096 capacity (refcount-enabled).
量子线路执行完成
执行时间: 3.40641 ms
传输时延: 0 ms
计算时延: 0.591824 ms
规划时延: 0.008793 ms
HDD节点管理器已清空
CVStatePool 已重置
CVStatePool 销毁完成
CUDA设备检查: device_count=1, error=no error
CVStatePool 初始化完成: 单个qumode截断维度=16, 初始总维度=16, 容量=128, 设备数=1
创建量子电路: 4 qubits, 1 qumodes, 截断维度=16, 执行GPU=0
构建量子线路...
量子线路构建完成
执行量子线路...
块级编译-执行流水线已启用，块数=5
GaussianStatePool initialized: 1 qumodes, 4096 capacity (refcount-enabled).
量子线路执行完成
执行时间: 3.43631 ms
传输时延: 0 ms
计算时延: 0.589213 ms
规划时延: 0.009005 ms
HDD节点管理器已清空
CVStatePool 已重置
CVStatePool 销毁完成
CUDA设备检查: device_count=1, error=no error
CVStatePool 初始化完成: 单个qumode截断维度=16, 初始总维度=16, 容量=128, 设备数=1
创建量子电路: 4 qubits, 1 qumodes, 截断维度=16, 执行GPU=0
构建量子线路...
量子线路构建完成
执行量子线路...
块级编译-执行流水线已启用，块数=5
GaussianStatePool initialized: 1 qumodes, 4096 capacity (refcount-enabled).
量子线路执行完成
执行时间: 3.40558 ms
传输时延: 0 ms
计算时延: 0.614093 ms
规划时延: 0.008812 ms
HDD节点管理器已清空
CVStatePool 已重置
CVStatePool 销毁完成
CUDA设备检查: device_count=1, error=no error
CVStatePool 初始化完成: 单个qumode截断维度=16, 初始总维度=16, 容量=128, 设备数=1
创建量子电路: 4 qubits, 1 qumodes, 截断维度=16, 执行GPU=0
构建量子线路...
量子线路构建完成
执行量子线路...
块级编译-执行流水线已启用，块数=5
GaussianStatePool initialized: 1 qumodes, 4096 capacity (refcount-enabled).
量子线路执行完成
执行时间: 3.42121 ms
传输时延: 0 ms
计算时延: 0.589415 ms
规划时延: 0.009156 ms
HDD节点管理器已清空
CVStatePool 已重置
CVStatePool 销毁完成
CUDA设备检查: device_count=1, error=no error
CVStatePool 初始化完成: 单个qumode截断维度=16, 初始总维度=16, 容量=128, 设备数=1
创建量子电路: 4 qubits, 1 qumodes, 截断维度=16, 执行GPU=0
构建量子线路...
量子线路构建完成
执行量子线路...
块级编译-执行流水线已启用，块数=4
GaussianStatePool initialized: 1 qumodes, 4096 capacity (refcount-enabled).
量子线路执行完成
执行时间: 8.68086 ms
传输时延: 0 ms
计算时延: 0.629334 ms
规划时延: 0.009384 ms
HDD节点管理器已清空
CVStatePool 已重置
CVStatePool 销毁完成
CUDA设备检查: device_count=1, error=no error
CVStatePool 初始化完成: 单个qumode截断维度=16, 初始总维度=16, 容量=128, 设备数=1
创建量子电路: 4 qubits, 1 qumodes, 截断维度=16, 执行GPU=0
构建量子线路...
量子线路构建完成
执行量子线路...
块级编译-执行流水线已启用，块数=4
GaussianStatePool initialized: 1 qumodes, 4096 capacity (refcount-enabled).
量子线路执行完成
执行时间: 8.64741 ms
传输时延: 0 ms
计算时延: 0.61858 ms
规划时延: 0.007961 ms
HDD节点管理器已清空
CVStatePool 已重置
CVStatePool 销毁完成
CUDA设备检查: device_count=1, error=no error
CVStatePool 初始化完成: 单个qumode截断维度=16, 初始总维度=16, 容量=128, 设备数=1
创建量子电路: 4 qubits, 1 qumodes, 截断维度=16, 执行GPU=0
构建量子线路...
量子线路构建完成
执行量子线路...
块级编译-执行流水线已启用，块数=4
GaussianStatePool initialized: 1 qumodes, 4096 capacity (refcount-enabled).
量子线路执行完成
执行时间: 8.61795 ms
传输时延: 0 ms
计算时延: 0.629221 ms
规划时延: 0.008771 ms
HDD节点管理器已清空
CVStatePool 已重置
CVStatePool 销毁完成
CUDA设备检查: device_count=1, error=no error
CVStatePool 初始化完成: 单个qumode截断维度=16, 初始总维度=16, 容量=128, 设备数=1
创建量子电路: 4 qubits, 1 qumodes, 截断维度=16, 执行GPU=0
构建量子线路...
量子线路构建完成
执行量子线路...
块级编译-执行流水线已启用，块数=4
GaussianStatePool initialized: 1 qumodes, 4096 capacity (refcount-enabled).
量子线路执行完成
执行时间: 8.56661 ms
传输时延: 0 ms
计算时延: 0.61518 ms
规划时延: 0.009389 ms
HDD节点管理器已清空
CVStatePool 已重置
CVStatePool 销毁完成
CUDA设备检查: device_count=1, error=no error
CVStatePool 初始化完成: 单个qumode截断维度=16, 初始总维度=16, 容量=128, 设备数=1
创建量子电路: 4 qubits, 1 qumodes, 截断维度=16, 执行GPU=0
构建量子线路...
量子线路构建完成
执行量子线路...
块级编译-执行流水线已启用，块数=4
GaussianStatePool initialized: 1 qumodes, 4096 capacity (refcount-enabled).
量子线路执行完成
执行时间: 8.63869 ms
传输时延: 0 ms
计算时延: 0.616149 ms
规划时延: 0.008589 ms
HDD节点管理器已清空
CVStatePool 已重置
CVStatePool 销毁完成
CUDA设备检查: device_count=1, error=no error
CVStatePool 初始化完成: 单个qumode截断维度=16, 初始总维度=16, 容量=128, 设备数=1
创建量子电路: 4 qubits, 1 qumodes, 截断维度=16, 执行GPU=0
构建量子线路...
量子线路构建完成
执行量子线路...
块级编译-执行流水线已启用，块数=4
GaussianStatePool initialized: 1 qumodes, 4096 capacity (refcount-enabled).
量子线路执行完成
执行时间: 8.62257 ms
传输时延: 0 ms
计算时延: 0.620343 ms
规划时延: 0.008668 ms
HDD节点管理器已清空
CVStatePool 已重置
CVStatePool 销毁完成
CUDA设备检查: device_count=1, error=no error
CVStatePool 初始化完成: 单个qumode截断维度=16, 初始总维度=16, 容量=128, 设备数=1
创建量子电路: 4 qubits, 1 qumodes, 截断维度=16, 执行GPU=0
构建量子线路...
量子线路构建完成
执行量子线路...
块级编译-执行流水线已启用，块数=4
GaussianStatePool initialized: 1 qumodes, 4096 capacity (refcount-enabled).
量子线路执行完成
执行时间: 8.67731 ms
传输时延: 0 ms
计算时延: 0.611691 ms
规划时延: 0.007793 ms
HDD节点管理器已清空
CVStatePool 已重置
CVStatePool 销毁完成
CUDA设备检查: device_count=1, error=no error
CVStatePool 初始化完成: 单个qumode截断维度=32, 初始总维度=32, 容量=128, 设备数=1
创建量子电路: 4 qubits, 1 qumodes, 截断维度=32, 执行GPU=0
构建量子线路...
量子线路构建完成
执行量子线路...
块级编译-执行流水线已启用，块数=5
GaussianStatePool initialized: 1 qumodes, 4096 capacity (refcount-enabled).
量子线路执行完成
执行时间: 3.44436 ms
传输时延: 0 ms
计算时延: 0.589416 ms
规划时延: 0.008268 ms
HDD节点管理器已清空
CVStatePool 已重置
CVStatePool 销毁完成
CUDA设备检查: device_count=1, error=no error
CVStatePool 初始化完成: 单个qumode截断维度=32, 初始总维度=32, 容量=128, 设备数=1
创建量子电路: 4 qubits, 1 qumodes, 截断维度=32, 执行GPU=0
构建量子线路...
量子线路构建完成
执行量子线路...
块级编译-执行流水线已启用，块数=5
GaussianStatePool initialized: 1 qumodes, 4096 capacity (refcount-enabled).
量子线路执行完成
执行时间: 3.42446 ms
传输时延: 0 ms
计算时延: 0.602559 ms
规划时延: 0.009579 ms
HDD节点管理器已清空
CVStatePool 已重置
CVStatePool 销毁完成
CUDA设备检查: device_count=1, error=no error
CVStatePool 初始化完成: 单个qumode截断维度=32, 初始总维度=32, 容量=128, 设备数=1
创建量子电路: 4 qubits, 1 qumodes, 截断维度=32, 执行GPU=0
构建量子线路...
量子线路构建完成
执行量子线路...
块级编译-执行流水线已启用，块数=5
GaussianStatePool initialized: 1 qumodes, 4096 capacity (refcount-enabled).
量子线路执行完成
执行时间: 3.45617 ms
传输时延: 0 ms
计算时延: 0.607513 ms
规划时延: 0.009454 ms
HDD节点管理器已清空
CVStatePool 已重置
CVStatePool 销毁完成
CUDA设备检查: device_count=1, error=no error
CVStatePool 初始化完成: 单个qumode截断维度=32, 初始总维度=32, 容量=128, 设备数=1
创建量子电路: 4 qubits, 1 qumodes, 截断维度=32, 执行GPU=0
构建量子线路...
量子线路构建完成
执行量子线路...
块级编译-执行流水线已启用，块数=5
GaussianStatePool initialized: 1 qumodes, 4096 capacity (refcount-enabled).
量子线路执行完成
执行时间: 3.44703 ms
传输时延: 0 ms
计算时延: 0.585431 ms
规划时延: 0.009428 ms
HDD节点管理器已清空
CVStatePool 已重置
CVStatePool 销毁完成
CUDA设备检查: device_count=1, error=no error
CVStatePool 初始化完成: 单个qumode截断维度=32, 初始总维度=32, 容量=128, 设备数=1
创建量子电路: 4 qubits, 1 qumodes, 截断维度=32, 执行GPU=0
构建量子线路...
量子线路构建完成
执行量子线路...
块级编译-执行流水线已启用，块数=5
GaussianStatePool initialized: 1 qumodes, 4096 capacity (refcount-enabled).
量子线路执行完成
执行时间: 3.42263 ms
传输时延: 0 ms
计算时延: 0.601198 ms
规划时延: 0.00985 ms
HDD节点管理器已清空
CVStatePool 已重置
CVStatePool 销毁完成
CUDA设备检查: device_count=1, error=no error
CVStatePool 初始化完成: 单个qumode截断维度=32, 初始总维度=32, 容量=128, 设备数=1
创建量子电路: 4 qubits, 1 qumodes, 截断维度=32, 执行GPU=0
构建量子线路...
量子线路构建完成
执行量子线路...
块级编译-执行流水线已启用，块数=5
GaussianStatePool initialized: 1 qumodes, 4096 capacity (refcount-enabled).
量子线路执行完成
执行时间: 3.42946 ms
传输时延: 0 ms
计算时延: 0.581042 ms
规划时延: 0.009741 ms
HDD节点管理器已清空
CVStatePool 已重置
CVStatePool 销毁完成
CUDA设备检查: device_count=1, error=no error
CVStatePool 初始化完成: 单个qumode截断维度=32, 初始总维度=32, 容量=128, 设备数=1
创建量子电路: 4 qubits, 1 qumodes, 截断维度=32, 执行GPU=0
构建量子线路...
量子线路构建完成
执行量子线路...
块级编译-执行流水线已启用，块数=5
GaussianStatePool initialized: 1 qumodes, 4096 capacity (refcount-enabled).
量子线路执行完成
执行时间: 3.49415 ms
传输时延: 0 ms
计算时延: 0.609949 ms
规划时延: 0.009917 ms
HDD节点管理器已清空
CVStatePool 已重置
CVStatePool 销毁完成
CUDA设备检查: device_count=1, error=no error
CVStatePool 初始化完成: 单个qumode截断维度=32, 初始总维度=32, 容量=128, 设备数=1
创建量子电路: 4 qubits, 1 qumodes, 截断维度=32, 执行GPU=0
构建量子线路...
量子线路构建完成
执行量子线路...
块级编译-执行流水线已启用，块数=4
GaussianStatePool initialized: 1 qumodes, 4096 capacity (refcount-enabled).
量子线路执行完成
执行时间: 8.63298 ms
传输时延: 0 ms
计算时延: 0.625649 ms
规划时延: 0.010877 ms
HDD节点管理器已清空
CVStatePool 已重置
CVStatePool 销毁完成
CUDA设备检查: device_count=1, error=no error
CVStatePool 初始化完成: 单个qumode截断维度=32, 初始总维度=32, 容量=128, 设备数=1
创建量子电路: 4 qubits, 1 qumodes, 截断维度=32, 执行GPU=0
构建量子线路...
量子线路构建完成
执行量子线路...
块级编译-执行流水线已启用，块数=4
GaussianStatePool initialized: 1 qumodes, 4096 capacity (refcount-enabled).
量子线路执行完成
执行时间: 8.58414 ms
传输时延: 0 ms
计算时延: 0.615601 ms
规划时延: 0.009497 ms
HDD节点管理器已清空
CVStatePool 已重置
CVStatePool 销毁完成
CUDA设备检查: device_count=1, error=no error
CVStatePool 初始化完成: 单个qumode截断维度=32, 初始总维度=32, 容量=128, 设备数=1
创建量子电路: 4 qubits, 1 qumodes, 截断维度=32, 执行GPU=0
构建量子线路...
量子线路构建完成
执行量子线路...
块级编译-执行流水线已启用，块数=4
GaussianStatePool initialized: 1 qumodes, 4096 capacity (refcount-enabled).
量子线路执行完成
执行时间: 8.69616 ms
传输时延: 0 ms
计算时延: 0.625473 ms
规划时延: 0.011332 ms
HDD节点管理器已清空
CVStatePool 已重置
CVStatePool 销毁完成
CUDA设备检查: device_count=1, error=no error
CVStatePool 初始化完成: 单个qumode截断维度=32, 初始总维度=32, 容量=128, 设备数=1
创建量子电路: 4 qubits, 1 qumodes, 截断维度=32, 执行GPU=0
构建量子线路...
量子线路构建完成
执行量子线路...
块级编译-执行流水线已启用，块数=4
GaussianStatePool initialized: 1 qumodes, 4096 capacity (refcount-enabled).
量子线路执行完成
执行时间: 8.68164 ms
传输时延: 0 ms
计算时延: 0.624647 ms
规划时延: 0.011665 ms
HDD节点管理器已清空
CVStatePool 已重置
CVStatePool 销毁完成
CUDA设备检查: device_count=1, error=no error
CVStatePool 初始化完成: 单个qumode截断维度=32, 初始总维度=32, 容量=128, 设备数=1
创建量子电路: 4 qubits, 1 qumodes, 截断维度=32, 执行GPU=0
构建量子线路...
量子线路构建完成
执行量子线路...
块级编译-执行流水线已启用，块数=4
GaussianStatePool initialized: 1 qumodes, 4096 capacity (refcount-enabled).
量子线路执行完成
执行时间: 8.68174 ms
传输时延: 0 ms
计算时延: 0.630695 ms
规划时延: 0.011048 ms
HDD节点管理器已清空
CVStatePool 已重置
CVStatePool 销毁完成
CUDA设备检查: device_count=1, error=no error
CVStatePool 初始化完成: 单个qumode截断维度=32, 初始总维度=32, 容量=128, 设备数=1
创建量子电路: 4 qubits, 1 qumodes, 截断维度=32, 执行GPU=0
构建量子线路...
量子线路构建完成
执行量子线路...
块级编译-执行流水线已启用，块数=4
GaussianStatePool initialized: 1 qumodes, 4096 capacity (refcount-enabled).
量子线路执行完成
执行时间: 8.65303 ms
传输时延: 0 ms
计算时延: 0.632369 ms
规划时延: 0.007953 ms
HDD节点管理器已清空
CVStatePool 已重置
CVStatePool 销毁完成
CUDA设备检查: device_count=1, error=no error
CVStatePool 初始化完成: 单个qumode截断维度=32, 初始总维度=32, 容量=128, 设备数=1
创建量子电路: 4 qubits, 1 qumodes, 截断维度=32, 执行GPU=0
构建量子线路...
量子线路构建完成
执行量子线路...
块级编译-执行流水线已启用，块数=4
GaussianStatePool initialized: 1 qumodes, 4096 capacity (refcount-enabled).
量子线路执行完成
执行时间: 8.64666 ms
传输时延: 0 ms
计算时延: 0.631297 ms
规划时延: 0.009763 ms
HDD节点管理器已清空
CVStatePool 已重置
CVStatePool 销毁完成
CUDA设备检查: device_count=1, error=no error
CVStatePool 初始化完成: 单个qumode截断维度=4, 初始总维度=4, 容量=128, 设备数=1
创建量子电路: 8 qubits, 1 qumodes, 截断维度=4, 执行GPU=0
构建量子线路...
量子线路构建完成
执行量子线路...
块级编译-执行流水线已启用，块数=5
GaussianStatePool initialized: 1 qumodes, 8192 capacity (refcount-enabled).
量子线路执行完成
执行时间: 2103.96 ms
传输时延: 200.142 ms
计算时延: 1069.71 ms
规划时延: 0.013343 ms
HDD节点管理器已清空
CVStatePool 已重置
CVStatePool 销毁完成
CUDA设备检查: device_count=1, error=no error
CVStatePool 初始化完成: 单个qumode截断维度=4, 初始总维度=4, 容量=128, 设备数=1
创建量子电路: 8 qubits, 1 qumodes, 截断维度=4, 执行GPU=0
构建量子线路...
量子线路构建完成
执行量子线路...
块级编译-执行流水线已启用，块数=5
GaussianStatePool initialized: 1 qumodes, 8192 capacity (refcount-enabled).
量子线路执行完成
执行时间: 2099.24 ms
传输时延: 199.995 ms
计算时延: 1070.34 ms
规划时延: 0.027255 ms
HDD节点管理器已清空
CVStatePool 已重置
CVStatePool 销毁完成
CUDA设备检查: device_count=1, error=no error
CVStatePool 初始化完成: 单个qumode截断维度=4, 初始总维度=4, 容量=128, 设备数=1
创建量子电路: 8 qubits, 1 qumodes, 截断维度=4, 执行GPU=0
构建量子线路...
量子线路构建完成
执行量子线路...
块级编译-执行流水线已启用，块数=5
GaussianStatePool initialized: 1 qumodes, 8192 capacity (refcount-enabled).
量子线路执行完成
执行时间: 2099.83 ms
传输时延: 199.742 ms
计算时延: 1070.34 ms
规划时延: 0.019782 ms
HDD节点管理器已清空
CVStatePool 已重置
CVStatePool 销毁完成
CUDA设备检查: device_count=1, error=no error
CVStatePool 初始化完成: 单个qumode截断维度=4, 初始总维度=4, 容量=128, 设备数=1
创建量子电路: 8 qubits, 1 qumodes, 截断维度=4, 执行GPU=0
构建量子线路...
量子线路构建完成
执行量子线路...
块级编译-执行流水线已启用，块数=5
GaussianStatePool initialized: 1 qumodes, 8192 capacity (refcount-enabled).
量子线路执行完成
执行时间: 2100.6 ms
传输时延: 199.885 ms
计算时延: 1070.54 ms
规划时延: 0.02013 ms
HDD节点管理器已清空
CVStatePool 已重置
CVStatePool 销毁完成
CUDA设备检查: device_count=1, error=no error
CVStatePool 初始化完成: 单个qumode截断维度=4, 初始总维度=4, 容量=128, 设备数=1
创建量子电路: 8 qubits, 1 qumodes, 截断维度=4, 执行GPU=0
构建量子线路...
量子线路构建完成
执行量子线路...
块级编译-执行流水线已启用，块数=5
GaussianStatePool initialized: 1 qumodes, 8192 capacity (refcount-enabled).
量子线路执行完成
执行时间: 2098.33 ms
传输时延: 199.033 ms
计算时延: 1070.32 ms
规划时延: 0.021085 ms
HDD节点管理器已清空
CVStatePool 已重置
CVStatePool 销毁完成
CUDA设备检查: device_count=1, error=no error
CVStatePool 初始化完成: 单个qumode截断维度=4, 初始总维度=4, 容量=128, 设备数=1
创建量子电路: 8 qubits, 1 qumodes, 截断维度=4, 执行GPU=0
构建量子线路...
量子线路构建完成
执行量子线路...
块级编译-执行流水线已启用，块数=5
GaussianStatePool initialized: 1 qumodes, 8192 capacity (refcount-enabled).
量子线路执行完成
执行时间: 2099.37 ms
传输时延: 199.664 ms
计算时延: 1070.51 ms
规划时延: 0.022942 ms
HDD节点管理器已清空
CVStatePool 已重置
CVStatePool 销毁完成
CUDA设备检查: device_count=1, error=no error
CVStatePool 初始化完成: 单个qumode截断维度=4, 初始总维度=4, 容量=128, 设备数=1
创建量子电路: 8 qubits, 1 qumodes, 截断维度=4, 执行GPU=0
构建量子线路...
量子线路构建完成
执行量子线路...
块级编译-执行流水线已启用，块数=5
GaussianStatePool initialized: 1 qumodes, 8192 capacity (refcount-enabled).
量子线路执行完成
执行时间: 2099.77 ms
传输时延: 199.71 ms
计算时延: 1070.52 ms
规划时延: 0.025607 ms
HDD节点管理器已清空
CVStatePool 已重置
CVStatePool 销毁完成
CUDA设备检查: device_count=1, error=no error
CVStatePool 初始化完成: 单个qumode截断维度=4, 初始总维度=4, 容量=128, 设备数=1
创建量子电路: 8 qubits, 1 qumodes, 截断维度=4, 执行GPU=0
构建量子线路...
量子线路构建完成
执行量子线路...
块级编译-执行流水线已启用，块数=4
GaussianStatePool initialized: 1 qumodes, 8192 capacity (refcount-enabled).
量子线路执行完成
执行时间: 1343.6 ms
传输时延: 192.17 ms
计算时延: 354.55 ms
规划时延: 0.019829 ms
HDD节点管理器已清空
CVStatePool 已重置
CVStatePool 销毁完成
CUDA设备检查: device_count=1, error=no error
CVStatePool 初始化完成: 单个qumode截断维度=4, 初始总维度=4, 容量=128, 设备数=1
创建量子电路: 8 qubits, 1 qumodes, 截断维度=4, 执行GPU=0
构建量子线路...
量子线路构建完成
执行量子线路...
块级编译-执行流水线已启用，块数=4
GaussianStatePool initialized: 1 qumodes, 8192 capacity (refcount-enabled).
量子线路执行完成
执行时间: 1339.3 ms
传输时延: 191.979 ms
计算时延: 353.408 ms
规划时延: 0.021161 ms
HDD节点管理器已清空
CVStatePool 已重置
CVStatePool 销毁完成
CUDA设备检查: device_count=1, error=no error
CVStatePool 初始化完成: 单个qumode截断维度=4, 初始总维度=4, 容量=128, 设备数=1
创建量子电路: 8 qubits, 1 qumodes, 截断维度=4, 执行GPU=0
构建量子线路...
量子线路构建完成
执行量子线路...
块级编译-执行流水线已启用，块数=4
GaussianStatePool initialized: 1 qumodes, 8192 capacity (refcount-enabled).
量子线路执行完成
执行时间: 1338.99 ms
传输时延: 191.684 ms
计算时延: 352.908 ms
规划时延: 0.018124 ms
HDD节点管理器已清空
CVStatePool 已重置
CVStatePool 销毁完成
CUDA设备检查: device_count=1, error=no error
CVStatePool 初始化完成: 单个qumode截断维度=4, 初始总维度=4, 容量=128, 设备数=1
创建量子电路: 8 qubits, 1 qumodes, 截断维度=4, 执行GPU=0
构建量子线路...
量子线路构建完成
执行量子线路...
块级编译-执行流水线已启用，块数=4
GaussianStatePool initialized: 1 qumodes, 8192 capacity (refcount-enabled).
量子线路执行完成
执行时间: 1340.3 ms
传输时延: 191.893 ms
计算时延: 353.398 ms
规划时延: 0.019403 ms
HDD节点管理器已清空
CVStatePool 已重置
CVStatePool 销毁完成
CUDA设备检查: device_count=1, error=no error
CVStatePool 初始化完成: 单个qumode截断维度=4, 初始总维度=4, 容量=128, 设备数=1
创建量子电路: 8 qubits, 1 qumodes, 截断维度=4, 执行GPU=0
构建量子线路...
量子线路构建完成
执行量子线路...
块级编译-执行流水线已启用，块数=4
GaussianStatePool initialized: 1 qumodes, 8192 capacity (refcount-enabled).
量子线路执行完成
执行时间: 1339.91 ms
传输时延: 191.435 ms
计算时延: 352.908 ms
规划时延: 0.016282 ms
HDD节点管理器已清空
CVStatePool 已重置
CVStatePool 销毁完成
CUDA设备检查: device_count=1, error=no error
CVStatePool 初始化完成: 单个qumode截断维度=4, 初始总维度=4, 容量=128, 设备数=1
创建量子电路: 8 qubits, 1 qumodes, 截断维度=4, 执行GPU=0
构建量子线路...
量子线路构建完成
执行量子线路...
块级编译-执行流水线已启用，块数=4
GaussianStatePool initialized: 1 qumodes, 8192 capacity (refcount-enabled).
量子线路执行完成
执行时间: 1339.89 ms
传输时延: 191.886 ms
计算时延: 353.13 ms
规划时延: 0.020034 ms
HDD节点管理器已清空
CVStatePool 已重置
CVStatePool 销毁完成
CUDA设备检查: device_count=1, error=no error
CVStatePool 初始化完成: 单个qumode截断维度=4, 初始总维度=4, 容量=128, 设备数=1
创建量子电路: 8 qubits, 1 qumodes, 截断维度=4, 执行GPU=0
构建量子线路...
量子线路构建完成
执行量子线路...
块级编译-执行流水线已启用，块数=4
GaussianStatePool initialized: 1 qumodes, 8192 capacity (refcount-enabled).
量子线路执行完成
执行时间: 1341.24 ms
传输时延: 192.438 ms
计算时延: 353.446 ms
规划时延: 0.016144 ms
HDD节点管理器已清空
CVStatePool 已重置
CVStatePool 销毁完成
CUDA设备检查: device_count=1, error=no error
CVStatePool 初始化完成: 单个qumode截断维度=8, 初始总维度=8, 容量=128, 设备数=1
创建量子电路: 8 qubits, 1 qumodes, 截断维度=8, 执行GPU=0
构建量子线路...
量子线路构建完成
执行量子线路...
块级编译-执行流水线已启用，块数=5
GaussianStatePool initialized: 1 qumodes, 8192 capacity (refcount-enabled).
量子线路执行完成
执行时间: 2989.14 ms
传输时延: 204.889 ms
计算时延: 1948.49 ms
规划时延: 0.022777 ms
HDD节点管理器已清空
CVStatePool 已重置
CVStatePool 销毁完成
CUDA设备检查: device_count=1, error=no error
CVStatePool 初始化完成: 单个qumode截断维度=8, 初始总维度=8, 容量=128, 设备数=1
创建量子电路: 8 qubits, 1 qumodes, 截断维度=8, 执行GPU=0
构建量子线路...
量子线路构建完成
执行量子线路...
块级编译-执行流水线已启用，块数=5
GaussianStatePool initialized: 1 qumodes, 8192 capacity (refcount-enabled).
量子线路执行完成
执行时间: 2990.56 ms
传输时延: 205.065 ms
计算时延: 1948.88 ms
规划时延: 0.021742 ms
HDD节点管理器已清空
CVStatePool 已重置
CVStatePool 销毁完成
CUDA设备检查: device_count=1, error=no error
CVStatePool 初始化完成: 单个qumode截断维度=8, 初始总维度=8, 容量=128, 设备数=1
创建量子电路: 8 qubits, 1 qumodes, 截断维度=8, 执行GPU=0
构建量子线路...
量子线路构建完成
执行量子线路...
块级编译-执行流水线已启用，块数=5
GaussianStatePool initialized: 1 qumodes, 8192 capacity (refcount-enabled).
量子线路执行完成
执行时间: 2990.67 ms
传输时延: 204.996 ms
计算时延: 1949.23 ms
规划时延: 0.020986 ms
HDD节点管理器已清空
CVStatePool 已重置
CVStatePool 销毁完成
CUDA设备检查: device_count=1, error=no error
CVStatePool 初始化完成: 单个qumode截断维度=8, 初始总维度=8, 容量=128, 设备数=1
创建量子电路: 8 qubits, 1 qumodes, 截断维度=8, 执行GPU=0
构建量子线路...
量子线路构建完成
执行量子线路...
块级编译-执行流水线已启用，块数=5
GaussianStatePool initialized: 1 qumodes, 8192 capacity (refcount-enabled).
量子线路执行完成
执行时间: 2988.32 ms
传输时延: 204.485 ms
计算时延: 1948.29 ms
规划时延: 0.018719 ms
HDD节点管理器已清空
CVStatePool 已重置
CVStatePool 销毁完成
CUDA设备检查: device_count=1, error=no error
CVStatePool 初始化完成: 单个qumode截断维度=8, 初始总维度=8, 容量=128, 设备数=1
创建量子电路: 8 qubits, 1 qumodes, 截断维度=8, 执行GPU=0
构建量子线路...
量子线路构建完成
执行量子线路...
块级编译-执行流水线已启用，块数=5
GaussianStatePool initialized: 1 qumodes, 8192 capacity (refcount-enabled).
量子线路执行完成
执行时间: 2982.35 ms
传输时延: 204.407 ms
计算时延: 1945.92 ms
规划时延: 0.019456 ms
HDD节点管理器已清空
CVStatePool 已重置
CVStatePool 销毁完成
CUDA设备检查: device_count=1, error=no error
CVStatePool 初始化完成: 单个qumode截断维度=8, 初始总维度=8, 容量=128, 设备数=1
创建量子电路: 8 qubits, 1 qumodes, 截断维度=8, 执行GPU=0
构建量子线路...
量子线路构建完成
执行量子线路...
块级编译-执行流水线已启用，块数=5
GaussianStatePool initialized: 1 qumodes, 8192 capacity (refcount-enabled).
量子线路执行完成
执行时间: 2979.92 ms
传输时延: 203.531 ms
计算时延: 1945.17 ms
规划时延: 0.020569 ms
HDD节点管理器已清空
CVStatePool 已重置
CVStatePool 销毁完成
CUDA设备检查: device_count=1, error=no error
CVStatePool 初始化完成: 单个qumode截断维度=8, 初始总维度=8, 容量=128, 设备数=1
创建量子电路: 8 qubits, 1 qumodes, 截断维度=8, 执行GPU=0
构建量子线路...
量子线路构建完成
执行量子线路...
块级编译-执行流水线已启用，块数=5
GaussianStatePool initialized: 1 qumodes, 8192 capacity (refcount-enabled).
量子线路执行完成
执行时间: 2980.71 ms
传输时延: 203.985 ms
计算时延: 1945.26 ms
规划时延: 0.019131 ms
HDD节点管理器已清空
CVStatePool 已重置
CVStatePool 销毁完成
CUDA设备检查: device_count=1, error=no error
CVStatePool 初始化完成: 单个qumode截断维度=8, 初始总维度=8, 容量=128, 设备数=1
创建量子电路: 8 qubits, 1 qumodes, 截断维度=8, 执行GPU=0
构建量子线路...
量子线路构建完成
执行量子线路...
块级编译-执行流水线已启用，块数=4
GaussianStatePool initialized: 1 qumodes, 8192 capacity (refcount-enabled).
量子线路执行完成
执行时间: 1343.81 ms
传输时延: 192.257 ms
计算时延: 355.02 ms
规划时延: 0.018969 ms
HDD节点管理器已清空
CVStatePool 已重置
CVStatePool 销毁完成
CUDA设备检查: device_count=1, error=no error
CVStatePool 初始化完成: 单个qumode截断维度=8, 初始总维度=8, 容量=128, 设备数=1
创建量子电路: 8 qubits, 1 qumodes, 截断维度=8, 执行GPU=0
构建量子线路...
量子线路构建完成
执行量子线路...
块级编译-执行流水线已启用，块数=4
GaussianStatePool initialized: 1 qumodes, 8192 capacity (refcount-enabled).
量子线路执行完成
执行时间: 1343.25 ms
传输时延: 192.261 ms
计算时延: 355.354 ms
规划时延: 0.016762 ms
HDD节点管理器已清空
CVStatePool 已重置
CVStatePool 销毁完成
CUDA设备检查: device_count=1, error=no error
CVStatePool 初始化完成: 单个qumode截断维度=8, 初始总维度=8, 容量=128, 设备数=1
创建量子电路: 8 qubits, 1 qumodes, 截断维度=8, 执行GPU=0
构建量子线路...
量子线路构建完成
执行量子线路...
块级编译-执行流水线已启用，块数=4
GaussianStatePool initialized: 1 qumodes, 8192 capacity (refcount-enabled).
量子线路执行完成
执行时间: 1343.8 ms
传输时延: 192.212 ms
计算时延: 355.413 ms
规划时延: 0.018674 ms
HDD节点管理器已清空
CVStatePool 已重置
CVStatePool 销毁完成
CUDA设备检查: device_count=1, error=no error
CVStatePool 初始化完成: 单个qumode截断维度=8, 初始总维度=8, 容量=128, 设备数=1
创建量子电路: 8 qubits, 1 qumodes, 截断维度=8, 执行GPU=0
构建量子线路...
量子线路构建完成
执行量子线路...
块级编译-执行流水线已启用，块数=4
GaussianStatePool initialized: 1 qumodes, 8192 capacity (refcount-enabled).
量子线路执行完成
执行时间: 1343.61 ms
传输时延: 192.337 ms
计算时延: 355.432 ms
规划时延: 0.018569 ms
HDD节点管理器已清空
CVStatePool 已重置
CVStatePool 销毁完成
CUDA设备检查: device_count=1, error=no error
CVStatePool 初始化完成: 单个qumode截断维度=8, 初始总维度=8, 容量=128, 设备数=1
创建量子电路: 8 qubits, 1 qumodes, 截断维度=8, 执行GPU=0
构建量子线路...
量子线路构建完成
执行量子线路...
块级编译-执行流水线已启用，块数=4
GaussianStatePool initialized: 1 qumodes, 8192 capacity (refcount-enabled).
量子线路执行完成
执行时间: 1343.46 ms
传输时延: 192.167 ms
计算时延: 355.484 ms
规划时延: 0.022539 ms
HDD节点管理器已清空
CVStatePool 已重置
CVStatePool 销毁完成
CUDA设备检查: device_count=1, error=no error
CVStatePool 初始化完成: 单个qumode截断维度=8, 初始总维度=8, 容量=128, 设备数=1
创建量子电路: 8 qubits, 1 qumodes, 截断维度=8, 执行GPU=0
构建量子线路...
量子线路构建完成
执行量子线路...
块级编译-执行流水线已启用，块数=4
GaussianStatePool initialized: 1 qumodes, 8192 capacity (refcount-enabled).
量子线路执行完成
执行时间: 1344.08 ms
传输时延: 192.463 ms
计算时延: 355.214 ms
规划时延: 0.01348 ms
HDD节点管理器已清空
CVStatePool 已重置
CVStatePool 销毁完成
CUDA设备检查: device_count=1, error=no error
CVStatePool 初始化完成: 单个qumode截断维度=8, 初始总维度=8, 容量=128, 设备数=1
创建量子电路: 8 qubits, 1 qumodes, 截断维度=8, 执行GPU=0
构建量子线路...
量子线路构建完成
执行量子线路...
块级编译-执行流水线已启用，块数=4
GaussianStatePool initialized: 1 qumodes, 8192 capacity (refcount-enabled).
量子线路执行完成
执行时间: 1343.48 ms
传输时延: 192.122 ms
计算时延: 355.308 ms
规划时延: 0.018603 ms
HDD节点管理器已清空
CVStatePool 已重置
CVStatePool 销毁完成
CUDA设备检查: device_count=1, error=no error
CVStatePool 初始化完成: 单个qumode截断维度=16, 初始总维度=16, 容量=128, 设备数=1
创建量子电路: 8 qubits, 1 qumodes, 截断维度=16, 执行GPU=0
构建量子线路...
量子线路构建完成
执行量子线路...
块级编译-执行流水线已启用，块数=5
GaussianStatePool initialized: 1 qumodes, 8192 capacity (refcount-enabled).
量子线路执行完成
执行时间: 6206.27 ms
传输时延: 210.337 ms
计算时延: 5151.23 ms
规划时延: 0.019537 ms
HDD节点管理器已清空
CVStatePool 已重置
CVStatePool 销毁完成
CUDA设备检查: device_count=1, error=no error
CVStatePool 初始化完成: 单个qumode截断维度=16, 初始总维度=16, 容量=128, 设备数=1
创建量子电路: 8 qubits, 1 qumodes, 截断维度=16, 执行GPU=0
构建量子线路...
量子线路构建完成
执行量子线路...
块级编译-执行流水线已启用，块数=5
GaussianStatePool initialized: 1 qumodes, 8192 capacity (refcount-enabled).
量子线路执行完成
执行时间: 6194.2 ms
传输时延: 208.771 ms
计算时延: 5144.68 ms
规划时延: 0.02346 ms
HDD节点管理器已清空
CVStatePool 已重置
CVStatePool 销毁完成
CUDA设备检查: device_count=1, error=no error
CVStatePool 初始化完成: 单个qumode截断维度=16, 初始总维度=16, 容量=128, 设备数=1
创建量子电路: 8 qubits, 1 qumodes, 截断维度=16, 执行GPU=0
构建量子线路...
量子线路构建完成
执行量子线路...
块级编译-执行流水线已启用，块数=5
GaussianStatePool initialized: 1 qumodes, 8192 capacity (refcount-enabled).
量子线路执行完成
执行时间: 6206.25 ms
传输时延: 209.823 ms
计算时延: 5151.09 ms
规划时延: 0.023937 ms
HDD节点管理器已清空
CVStatePool 已重置
CVStatePool 销毁完成
CUDA设备检查: device_count=1, error=no error
CVStatePool 初始化完成: 单个qumode截断维度=16, 初始总维度=16, 容量=128, 设备数=1
创建量子电路: 8 qubits, 1 qumodes, 截断维度=16, 执行GPU=0
构建量子线路...
量子线路构建完成
执行量子线路...
块级编译-执行流水线已启用，块数=5
GaussianStatePool initialized: 1 qumodes, 8192 capacity (refcount-enabled).
量子线路执行完成
执行时间: 6212.21 ms
传输时延: 211.011 ms
计算时延: 5153.09 ms
规划时延: 0.021737 ms
HDD节点管理器已清空
CVStatePool 已重置
CVStatePool 销毁完成
CUDA设备检查: device_count=1, error=no error
CVStatePool 初始化完成: 单个qumode截断维度=16, 初始总维度=16, 容量=128, 设备数=1
创建量子电路: 8 qubits, 1 qumodes, 截断维度=16, 执行GPU=0
构建量子线路...
量子线路构建完成
执行量子线路...
块级编译-执行流水线已启用，块数=5
GaussianStatePool initialized: 1 qumodes, 8192 capacity (refcount-enabled).
量子线路执行完成
执行时间: 6209.43 ms
传输时延: 210.985 ms
计算时延: 5152.45 ms
规划时延: 0.023245 ms
HDD节点管理器已清空
CVStatePool 已重置
CVStatePool 销毁完成
CUDA设备检查: device_count=1, error=no error
CVStatePool 初始化完成: 单个qumode截断维度=16, 初始总维度=16, 容量=128, 设备数=1
创建量子电路: 8 qubits, 1 qumodes, 截断维度=16, 执行GPU=0
构建量子线路...
量子线路构建完成
执行量子线路...
块级编译-执行流水线已启用，块数=5
GaussianStatePool initialized: 1 qumodes, 8192 capacity (refcount-enabled).
量子线路执行完成
执行时间: 6202.78 ms
传输时延: 209.942 ms
计算时延: 5148.9 ms
规划时延: 0.020722 ms
HDD节点管理器已清空
CVStatePool 已重置
CVStatePool 销毁完成
CUDA设备检查: device_count=1, error=no error
CVStatePool 初始化完成: 单个qumode截断维度=16, 初始总维度=16, 容量=128, 设备数=1
创建量子电路: 8 qubits, 1 qumodes, 截断维度=16, 执行GPU=0
构建量子线路...
量子线路构建完成
执行量子线路...
块级编译-执行流水线已启用，块数=5
GaussianStatePool initialized: 1 qumodes, 8192 capacity (refcount-enabled).
量子线路执行完成
执行时间: 6198.61 ms
传输时延: 209.131 ms
计算时延: 5147.65 ms
规划时延: 0.023585 ms
HDD节点管理器已清空
CVStatePool 已重置
CVStatePool 销毁完成
CUDA设备检查: device_count=1, error=no error
CVStatePool 初始化完成: 单个qumode截断维度=16, 初始总维度=16, 容量=128, 设备数=1
创建量子电路: 8 qubits, 1 qumodes, 截断维度=16, 执行GPU=0
构建量子线路...
量子线路构建完成
执行量子线路...
块级编译-执行流水线已启用，块数=4
GaussianStatePool initialized: 1 qumodes, 8192 capacity (refcount-enabled).
量子线路执行完成
执行时间: 1361.26 ms
传输时延: 192.349 ms
计算时延: 371.995 ms
规划时延: 0.019363 ms
HDD节点管理器已清空
CVStatePool 已重置
CVStatePool 销毁完成
CUDA设备检查: device_count=1, error=no error
CVStatePool 初始化完成: 单个qumode截断维度=16, 初始总维度=16, 容量=128, 设备数=1
创建量子电路: 8 qubits, 1 qumodes, 截断维度=16, 执行GPU=0
构建量子线路...
量子线路构建完成
执行量子线路...
块级编译-执行流水线已启用，块数=4
GaussianStatePool initialized: 1 qumodes, 8192 capacity (refcount-enabled).
量子线路执行完成
执行时间: 1360.24 ms
传输时延: 191.861 ms
计算时延: 371.339 ms
规划时延: 0.018048 ms
HDD节点管理器已清空
CVStatePool 已重置
CVStatePool 销毁完成
CUDA设备检查: device_count=1, error=no error
CVStatePool 初始化完成: 单个qumode截断维度=16, 初始总维度=16, 容量=128, 设备数=1
创建量子电路: 8 qubits, 1 qumodes, 截断维度=16, 执行GPU=0
构建量子线路...
量子线路构建完成
执行量子线路...
块级编译-执行流水线已启用，块数=4
GaussianStatePool initialized: 1 qumodes, 8192 capacity (refcount-enabled).
量子线路执行完成
执行时间: 1360.65 ms
传输时延: 192.498 ms
计算时延: 372.064 ms
规划时延: 0.017901 ms
HDD节点管理器已清空
CVStatePool 已重置
CVStatePool 销毁完成
CUDA设备检查: device_count=1, error=no error
CVStatePool 初始化完成: 单个qumode截断维度=16, 初始总维度=16, 容量=128, 设备数=1
创建量子电路: 8 qubits, 1 qumodes, 截断维度=16, 执行GPU=0
构建量子线路...
量子线路构建完成
执行量子线路...
块级编译-执行流水线已启用，块数=4
GaussianStatePool initialized: 1 qumodes, 8192 capacity (refcount-enabled).
量子线路执行完成
执行时间: 1361.03 ms
传输时延: 192.445 ms
计算时延: 372.138 ms
规划时延: 0.016494 ms
HDD节点管理器已清空
CVStatePool 已重置
CVStatePool 销毁完成
CUDA设备检查: device_count=1, error=no error
CVStatePool 初始化完成: 单个qumode截断维度=16, 初始总维度=16, 容量=128, 设备数=1
创建量子电路: 8 qubits, 1 qumodes, 截断维度=16, 执行GPU=0
构建量子线路...
量子线路构建完成
执行量子线路...
块级编译-执行流水线已启用，块数=4
GaussianStatePool initialized: 1 qumodes, 8192 capacity (refcount-enabled).
量子线路执行完成
执行时间: 1360.72 ms
传输时延: 192.055 ms
计算时延: 371.401 ms
规划时延: 0.015536 ms
HDD节点管理器已清空
CVStatePool 已重置
CVStatePool 销毁完成
CUDA设备检查: device_count=1, error=no error
CVStatePool 初始化完成: 单个qumode截断维度=16, 初始总维度=16, 容量=128, 设备数=1
创建量子电路: 8 qubits, 1 qumodes, 截断维度=16, 执行GPU=0
构建量子线路...
量子线路构建完成
执行量子线路...
块级编译-执行流水线已启用，块数=4
GaussianStatePool initialized: 1 qumodes, 8192 capacity (refcount-enabled).
量子线路执行完成
执行时间: 1361.66 ms
传输时延: 192.307 ms
计算时延: 372.083 ms
规划时延: 0.016918 ms
HDD节点管理器已清空
CVStatePool 已重置
CVStatePool 销毁完成
CUDA设备检查: device_count=1, error=no error
CVStatePool 初始化完成: 单个qumode截断维度=16, 初始总维度=16, 容量=128, 设备数=1
创建量子电路: 8 qubits, 1 qumodes, 截断维度=16, 执行GPU=0
构建量子线路...
量子线路构建完成
执行量子线路...
块级编译-执行流水线已启用，块数=4
GaussianStatePool initialized: 1 qumodes, 8192 capacity (refcount-enabled).
量子线路执行完成
执行时间: 1361.54 ms
传输时延: 191.877 ms
计算时延: 371.701 ms
规划时延: 0.024342 ms
HDD节点管理器已清空
CVStatePool 已重置
CVStatePool 销毁完成
CUDA设备检查: device_count=1, error=no error
CVStatePool 初始化完成: 单个qumode截断维度=32, 初始总维度=32, 容量=128, 设备数=1
创建量子电路: 8 qubits, 1 qumodes, 截断维度=32, 执行GPU=0
构建量子线路...
量子线路构建完成
执行量子线路...
块级编译-执行流水线已启用，块数=5
GaussianStatePool initialized: 1 qumodes, 8192 capacity (refcount-enabled).
量子线路执行完成
执行时间: 18344.9 ms
传输时延: 221.88 ms
计算时延: 17261.7 ms
规划时延: 0.020442 ms
HDD节点管理器已清空
CVStatePool 已重置
CVStatePool 销毁完成
CUDA设备检查: device_count=1, error=no error
CVStatePool 初始化完成: 单个qumode截断维度=32, 初始总维度=32, 容量=128, 设备数=1
创建量子电路: 8 qubits, 1 qumodes, 截断维度=32, 执行GPU=0
构建量子线路...
量子线路构建完成
执行量子线路...
块级编译-执行流水线已启用，块数=5
GaussianStatePool initialized: 1 qumodes, 8192 capacity (refcount-enabled).
量子线路执行完成
执行时间: 18344.3 ms
传输时延: 221.211 ms
计算时延: 17260.8 ms
规划时延: 0.022227 ms
HDD节点管理器已清空
CVStatePool 已重置
CVStatePool 销毁完成
CUDA设备检查: device_count=1, error=no error
CVStatePool 初始化完成: 单个qumode截断维度=32, 初始总维度=32, 容量=128, 设备数=1
创建量子电路: 8 qubits, 1 qumodes, 截断维度=32, 执行GPU=0
构建量子线路...
量子线路构建完成
执行量子线路...
块级编译-执行流水线已启用，块数=5
GaussianStatePool initialized: 1 qumodes, 8192 capacity (refcount-enabled).
量子线路执行完成
执行时间: 18339.9 ms
传输时延: 220.376 ms
计算时延: 17259.7 ms
规划时延: 0.021178 ms
HDD节点管理器已清空
CVStatePool 已重置
CVStatePool 销毁完成
CUDA设备检查: device_count=1, error=no error
CVStatePool 初始化完成: 单个qumode截断维度=32, 初始总维度=32, 容量=128, 设备数=1
创建量子电路: 8 qubits, 1 qumodes, 截断维度=32, 执行GPU=0
构建量子线路...
量子线路构建完成
执行量子线路...
块级编译-执行流水线已启用，块数=5
GaussianStatePool initialized: 1 qumodes, 8192 capacity (refcount-enabled).
量子线路执行完成
执行时间: 18340.1 ms
传输时延: 221.391 ms
计算时延: 17259.3 ms
规划时延: 0.02225 ms
HDD节点管理器已清空
CVStatePool 已重置
CVStatePool 销毁完成
CUDA设备检查: device_count=1, error=no error
CVStatePool 初始化完成: 单个qumode截断维度=32, 初始总维度=32, 容量=128, 设备数=1
创建量子电路: 8 qubits, 1 qumodes, 截断维度=32, 执行GPU=0
构建量子线路...
量子线路构建完成
执行量子线路...
块级编译-执行流水线已启用，块数=5
GaussianStatePool initialized: 1 qumodes, 8192 capacity (refcount-enabled).
量子线路执行完成
执行时间: 18336.7 ms
传输时延: 220.41 ms
计算时延: 17258 ms
规划时延: 0.020432 ms
HDD节点管理器已清空
CVStatePool 已重置
CVStatePool 销毁完成
CUDA设备检查: device_count=1, error=no error
CVStatePool 初始化完成: 单个qumode截断维度=32, 初始总维度=32, 容量=128, 设备数=1
创建量子电路: 8 qubits, 1 qumodes, 截断维度=32, 执行GPU=0
构建量子线路...
量子线路构建完成
执行量子线路...
块级编译-执行流水线已启用，块数=5
GaussianStatePool initialized: 1 qumodes, 8192 capacity (refcount-enabled).
量子线路执行完成
执行时间: 18332.3 ms
传输时延: 219.478 ms
计算时延: 17256.3 ms
规划时延: 0.022012 ms
HDD节点管理器已清空
CVStatePool 已重置
CVStatePool 销毁完成
CUDA设备检查: device_count=1, error=no error
CVStatePool 初始化完成: 单个qumode截断维度=32, 初始总维度=32, 容量=128, 设备数=1
创建量子电路: 8 qubits, 1 qumodes, 截断维度=32, 执行GPU=0
构建量子线路...
量子线路构建完成
执行量子线路...
块级编译-执行流水线已启用，块数=5
GaussianStatePool initialized: 1 qumodes, 8192 capacity (refcount-enabled).
量子线路执行完成
执行时间: 18343.4 ms
传输时延: 221.698 ms
计算时延: 17260.2 ms
规划时延: 0.021129 ms
HDD节点管理器已清空
CVStatePool 已重置
CVStatePool 销毁完成
CUDA设备检查: device_count=1, error=no error
CVStatePool 初始化完成: 单个qumode截断维度=32, 初始总维度=32, 容量=128, 设备数=1
创建量子电路: 8 qubits, 1 qumodes, 截断维度=32, 执行GPU=0
构建量子线路...
量子线路构建完成
执行量子线路...
块级编译-执行流水线已启用，块数=4
GaussianStatePool initialized: 1 qumodes, 8192 capacity (refcount-enabled).
量子线路执行完成
执行时间: 1402.57 ms
传输时延: 192.309 ms
计算时延: 412.745 ms
规划时延: 0.022676 ms
HDD节点管理器已清空
CVStatePool 已重置
CVStatePool 销毁完成
CUDA设备检查: device_count=1, error=no error
CVStatePool 初始化完成: 单个qumode截断维度=32, 初始总维度=32, 容量=128, 设备数=1
创建量子电路: 8 qubits, 1 qumodes, 截断维度=32, 执行GPU=0
构建量子线路...
量子线路构建完成
执行量子线路...
块级编译-执行流水线已启用，块数=4
GaussianStatePool initialized: 1 qumodes, 8192 capacity (refcount-enabled).
量子线路执行完成
执行时间: 1401.49 ms
传输时延: 191.962 ms
计算时延: 412.353 ms
规划时延: 0.015787 ms
HDD节点管理器已清空
CVStatePool 已重置
CVStatePool 销毁完成
CUDA设备检查: device_count=1, error=no error
CVStatePool 初始化完成: 单个qumode截断维度=32, 初始总维度=32, 容量=128, 设备数=1
创建量子电路: 8 qubits, 1 qumodes, 截断维度=32, 执行GPU=0
构建量子线路...
量子线路构建完成
执行量子线路...
块级编译-执行流水线已启用，块数=4
GaussianStatePool initialized: 1 qumodes, 8192 capacity (refcount-enabled).
量子线路执行完成
执行时间: 1403.48 ms
传输时延: 192.314 ms
计算时延: 413.566 ms
规划时延: 0.018273 ms
HDD节点管理器已清空
CVStatePool 已重置
CVStatePool 销毁完成
CUDA设备检查: device_count=1, error=no error
CVStatePool 初始化完成: 单个qumode截断维度=32, 初始总维度=32, 容量=128, 设备数=1
创建量子电路: 8 qubits, 1 qumodes, 截断维度=32, 执行GPU=0
构建量子线路...
量子线路构建完成
执行量子线路...
块级编译-执行流水线已启用，块数=4
GaussianStatePool initialized: 1 qumodes, 8192 capacity (refcount-enabled).
量子线路执行完成
执行时间: 1407.02 ms
传输时延: 193.045 ms
计算时延: 413.402 ms
规划时延: 0.02011 ms
HDD节点管理器已清空
CVStatePool 已重置
CVStatePool 销毁完成
CUDA设备检查: device_count=1, error=no error
CVStatePool 初始化完成: 单个qumode截断维度=32, 初始总维度=32, 容量=128, 设备数=1
创建量子电路: 8 qubits, 1 qumodes, 截断维度=32, 执行GPU=0
构建量子线路...
量子线路构建完成
执行量子线路...
块级编译-执行流水线已启用，块数=4
GaussianStatePool initialized: 1 qumodes, 8192 capacity (refcount-enabled).
量子线路执行完成
执行时间: 1406.71 ms
传输时延: 193.094 ms
计算时延: 413.554 ms
规划时延: 0.018907 ms
HDD节点管理器已清空
CVStatePool 已重置
CVStatePool 销毁完成
CUDA设备检查: device_count=1, error=no error
CVStatePool 初始化完成: 单个qumode截断维度=32, 初始总维度=32, 容量=128, 设备数=1
创建量子电路: 8 qubits, 1 qumodes, 截断维度=32, 执行GPU=0
构建量子线路...
量子线路构建完成
执行量子线路...
块级编译-执行流水线已启用，块数=4
GaussianStatePool initialized: 1 qumodes, 8192 capacity (refcount-enabled).
量子线路执行完成
执行时间: 1402.58 ms
传输时延: 192.124 ms
计算时延: 412.109 ms
规划时延: 0.019592 ms
HDD节点管理器已清空
CVStatePool 已重置
CVStatePool 销毁完成
CUDA设备检查: device_count=1, error=no error
CVStatePool 初始化完成: 单个qumode截断维度=32, 初始总维度=32, 容量=128, 设备数=1
创建量子电路: 8 qubits, 1 qumodes, 截断维度=32, 执行GPU=0
构建量子线路...
量子线路构建完成
执行量子线路...
块级编译-执行流水线已启用，块数=4
GaussianStatePool initialized: 1 qumodes, 8192 capacity (refcount-enabled).
量子线路执行完成
执行时间: 1402.23 ms
传输时延: 191.898 ms
计算时延: 412.953 ms
规划时延: 0.018108 ms
HDD节点管理器已清空
CVStatePool 已重置
CVStatePool 销毁完成
CUDA设备检查: device_count=1, error=no error
CVStatePool 初始化完成: 单个qumode截断维度=4, 初始总维度=4, 容量=128, 设备数=1
创建量子电路: 16 qubits, 1 qumodes, 截断维度=4, 执行GPU=0
构建量子线路...
量子线路构建完成
执行量子线路...
块级编译-执行流水线已启用，块数=5
GaussianStatePool initialized: 1 qumodes, 2097152 capacity (refcount-enabled).
量子线路执行完成
执行时间: 1.36255e+06 ms
传输时延: 54174.6 ms
计算时延: 300411 ms
规划时延: 0.031472 ms
HDD节点管理器已清空
CVStatePool 已重置
CVStatePool 销毁完成
CUDA设备检查: device_count=1, error=no error
CVStatePool 初始化完成: 单个qumode截断维度=4, 初始总维度=4, 容量=128, 设备数=1
创建量子电路: 16 qubits, 1 qumodes, 截断维度=4, 执行GPU=0
构建量子线路...
量子线路构建完成
执行量子线路...
块级编译-执行流水线已启用，块数=5
GaussianStatePool initialized: 1 qumodes, 2097152 capacity (refcount-enabled).
�: 16 qubits, 1 qumodes, 截断维度=4, 执行GPU=0
构建量子线路...
量子线路构建完成
执行量子线路...
块级编译-执行流水线已启用，块数=5
GaussianStatePool initialized: 1 qumodes, 2097152 capacity (refcount-enabled).
量子线路执行完成
执行时间: 1.36255e+06 ms
传输时延: 54174.6 ms
计算时延: 300411 ms
规划时延: 0.031472 ms
HDD节点管理器已清空
CVStatePool 已重置
CVStatePool 销毁完成
CUDA设备检查: device_count=1, error=no error
CVStatePool 初始化完成: 单个qumode截断维度=4, 初始总维度=4, 容量=128, 设备数=1
创建量子电路: 16 qubits, 1 qumodes, 截断维度=4, 执行GPU=0
构建量子线路...
量子线路构建完成
执行量子线路...
块级编译-执行流水线已启用，块数=5
GaussianStatePool initialized: 1 qumodes, 2097152 capacity (refcount-enabled).
