[2026-04-07T16:15:10Z] === SC26 Ablation Experiment Start ===
[2026-04-07T16:15:10Z] Binary: /root/sandboxes/HybridCVDV-Simulator/build-local-sc26/hybridcvdv_single_gpu_experiments
[2026-04-07T16:15:10Z] Results: /root/sandboxes/HybridCVDV-Simulator/experiments/results/ablation
[2026-04-07T16:15:10Z] Warmup: 1, Measured: 3
[2026-04-07T16:15:10Z] START: sc26_cv_qaoa_nm2_c16__full  flags=[]
[GPUContext] P2P: 0 links enabled (0 NVLink)
[GPUContext] Initialized with 2 device(s) (multi-GPU enabled)
[MultiGPU] Initialized 2 GPU(s) with P2P
╔══════════════════════════════════════════════════╗
║          GPU Context Summary                    ║
╠══════════════════════════════════════════════════╣
║ GPU 0: NVIDIA L20                               ║
║   Compute: SM 8.9  |  SMs: 92    |  Warp: 32   ║
║   Memory:  45467 MiB total / 42591 MiB free    ║
║   SharedMem/Block:    48 KB  /SM:   100 KB    ║
║ GPU 1: NVIDIA L20                               ║
║   Compute: SM 8.9  |  SMs: 92    |  Warp: 32   ║
║   Memory:  45467 MiB total / 45177 MiB free    ║
║   SharedMem/Block:    48 KB  /SM:   100 KB    ║
╠──────────────────────────────────────────────────╣
║ P2P Topology:                                    ║
╚══════════════════════════════════════════════════╝
CUDA设备检查: device_count=2, error=no error
CVStatePool 初始化完成: 单个qumode截断维度=16, 初始总维度=256, 容量=64, 设备数=2
创建量子电路: 0 qubits, 2 qumodes, 截断维度=16, 执行GPU=1
构建量子线路...
异步CV流水线已禁用（环境变量或multi-GPU状态池）
量子线路构建完成
执行量子线路...
GaussianStatePool initialized: 2 qumodes, 4096 capacity (refcount-enabled).
量子线路执行完成
执行时间: 0.763619 ms
传输时延: 0 ms
计算时延: 0.302035 ms
规划时延: 0.013376 ms
HDD节点管理器已清空
CVStatePool 已重置
CVStatePool 销毁完成
CUDA设备检查: device_count=2, error=no error
CVStatePool 初始化完成: 单个qumode截断维度=16, 初始总维度=256, 容量=64, 设备数=2
创建量子电路: 0 qubits, 2 qumodes, 截断维度=16, 执行GPU=1
构建量子线路...
异步CV流水线已禁用（环境变量或multi-GPU状态池）
量子线路构建完成
执行量子线路...
GaussianStatePool initialized: 2 qumodes, 4096 capacity (refcount-enabled).
量子线路执行完成
执行时间: 0.330178 ms
传输时延: 0 ms
计算时延: 0.19995 ms
规划时延: 0.006801 ms
HDD节点管理器已清空
CVStatePool 已重置
CVStatePool 销毁完成
CUDA设备检查: device_count=2, error=no error
CVStatePool 初始化完成: 单个qumode截断维度=16, 初始总维度=256, 容量=64, 设备数=2
创建量子电路: 0 qubits, 2 qumodes, 截断维度=16, 执行GPU=1
构建量子线路...
异步CV流水线已禁用（环境变量或multi-GPU状态池）
量子线路构建完成
执行量子线路...
GaussianStatePool initialized: 2 qumodes, 4096 capacity (refcount-enabled).
量子线路执行完成
执行时间: 0.3247 ms
传输时延: 0 ms
计算时延: 0.186788 ms
规划时延: 0.006188 ms
HDD节点管理器已清空
CVStatePool 已重置
CVStatePool 销毁完成
CUDA设备检查: device_count=2, error=no error
CVStatePool 初始化完成: 单个qumode截断维度=16, 初始总维度=256, 容量=64, 设备数=2
创建量子电路: 0 qubits, 2 qumodes, 截断维度=16, 执行GPU=1
构建量子线路...
异步CV流水线已禁用（环境变量或multi-GPU状态池）
量子线路构建完成
执行量子线路...
GaussianStatePool initialized: 2 qumodes, 4096 capacity (refcount-enabled).
量子线路执行完成
执行时间: 0.311547 ms
传输时延: 0 ms
计算时延: 0.200081 ms
规划时延: 0.005003 ms
HDD节点管理器已清空
CVStatePool 已重置
CVStatePool 销毁完成
Wrote experiment report to "/root/sandboxes/HybridCVDV-Simulator/experiments/results/ablation/sc26_cv_qaoa_nm2_c16__full.json"
Results: ok=1, unsupported=0, error=0
[2026-04-07T16:15:10Z] DONE: sc26_cv_qaoa_nm2_c16__full  (0s)
[2026-04-07T16:15:10Z] START: sc26_cv_qaoa_nm2_c16__no_symbolic  flags=[--disable-gaussian-symbolic]
[GPUContext] P2P: 0 links enabled (0 NVLink)
[GPUContext] Initialized with 2 device(s) (multi-GPU enabled)
[MultiGPU] Initialized 2 GPU(s) with P2P
╔══════════════════════════════════════════════════╗
║          GPU Context Summary                    ║
╠══════════════════════════════════════════════════╣
║ GPU 0: NVIDIA L20                               ║
║   Compute: SM 8.9  |  SMs: 92    |  Warp: 32   ║
║   Memory:  45467 MiB total / 42591 MiB free    ║
║   SharedMem/Block:    48 KB  /SM:   100 KB    ║
║ GPU 1: NVIDIA L20                               ║
║   Compute: SM 8.9  |  SMs: 92    |  Warp: 32   ║
║   Memory:  45467 MiB total / 45177 MiB free    ║
║   SharedMem/Block:    48 KB  /SM:   100 KB    ║
╠──────────────────────────────────────────────────╣
║ P2P Topology:                                    ║
╚══════════════════════════════════════════════════╝
CUDA设备检查: device_count=2, error=no error
CVStatePool 初始化完成: 单个qumode截断维度=16, 初始总维度=256, 容量=64, 设备数=2
创建量子电路: 0 qubits, 2 qumodes, 截断维度=16, 执行GPU=1
构建量子线路...
异步CV流水线已禁用（环境变量或multi-GPU状态池）
量子线路构建完成
执行量子线路...
量子线路执行完成
执行时间: 2.62576 ms
传输时延: 0.010415 ms
计算时延: 2.59209 ms
规划时延: 0.012938 ms
HDD节点管理器已清空
CVStatePool 已重置
CVStatePool 销毁完成
CUDA设备检查: device_count=2, error=no error
CVStatePool 初始化完成: 单个qumode截断维度=16, 初始总维度=256, 容量=64, 设备数=2
创建量子电路: 0 qubits, 2 qumodes, 截断维度=16, 执行GPU=1
构建量子线路...
异步CV流水线已禁用（环境变量或multi-GPU状态池）
量子线路构建完成
执行量子线路...
量子线路执行完成
执行时间: 2.24494 ms
传输时延: 0.010239 ms
计算时延: 2.22245 ms
规划时延: 0.006872 ms
HDD节点管理器已清空
CVStatePool 已重置
CVStatePool 销毁完成
CUDA设备检查: device_count=2, error=no error
CVStatePool 初始化完成: 单个qumode截断维度=16, 初始总维度=256, 容量=64, 设备数=2
创建量子电路: 0 qubits, 2 qumodes, 截断维度=16, 执行GPU=1
构建量子线路...
异步CV流水线已禁用（环境变量或multi-GPU状态池）
量子线路构建完成
执行量子线路...
量子线路执行完成
执行时间: 2.23549 ms
传输时延: 0.009844 ms
计算时延: 2.21486 ms
规划时延: 0.006231 ms
HDD节点管理器已清空
CVStatePool 已重置
CVStatePool 销毁完成
CUDA设备检查: device_count=2, error=no error
CVStatePool 初始化完成: 单个qumode截断维度=16, 初始总维度=256, 容量=64, 设备数=2
创建量子电路: 0 qubits, 2 qumodes, 截断维度=16, 执行GPU=1
构建量子线路...
异步CV流水线已禁用（环境变量或multi-GPU状态池）
量子线路构建完成
执行量子线路...
量子线路执行完成
执行时间: 2.22575 ms
传输时延: 0.008996 ms
计算时延: 2.20617 ms
规划时延: 0.005817 ms
HDD节点管理器已清空
CVStatePool 已重置
CVStatePool 销毁完成
Wrote experiment report to "/root/sandboxes/HybridCVDV-Simulator/experiments/results/ablation/sc26_cv_qaoa_nm2_c16__no_symbolic.json"
Results: ok=1, unsupported=0, error=0
[2026-04-07T16:15:10Z] DONE: sc26_cv_qaoa_nm2_c16__no_symbolic  (0s)
[2026-04-07T16:15:10Z] START: sc26_cv_qaoa_nm2_c16__force_dense_fock  flags=[--force-dense-fock]
[GPUContext] P2P: 0 links enabled (0 NVLink)
[GPUContext] Initialized with 2 device(s) (multi-GPU enabled)
[MultiGPU] Initialized 2 GPU(s) with P2P
╔══════════════════════════════════════════════════╗
║          GPU Context Summary                    ║
╠══════════════════════════════════════════════════╣
║ GPU 0: NVIDIA L20                               ║
║   Compute: SM 8.9  |  SMs: 92    |  Warp: 32   ║
║   Memory:  45467 MiB total / 42591 MiB free    ║
║   SharedMem/Block:    48 KB  /SM:   100 KB    ║
║ GPU 1: NVIDIA L20                               ║
║   Compute: SM 8.9  |  SMs: 92    |  Warp: 32   ║
║   Memory:  45467 MiB total / 45177 MiB free    ║
║   SharedMem/Block:    48 KB  /SM:   100 KB    ║
╠──────────────────────────────────────────────────╣
║ P2P Topology:                                    ║
╚══════════════════════════════════════════════════╝
CUDA设备检查: device_count=2, error=no error
CVStatePool 初始化完成: 单个qumode截断维度=16, 初始总维度=256, 容量=64, 设备数=2
创建量子电路: 0 qubits, 2 qumodes, 截断维度=16, 执行GPU=1
构建量子线路...
异步CV流水线已禁用（环境变量或multi-GPU状态池）
量子线路构建完成
执行量子线路...
GaussianStatePool initialized: 2 qumodes, 4096 capacity (refcount-enabled).
量子线路执行完成
执行时间: 0.776745 ms
传输时延: 0 ms
计算时延: 0.305167 ms
规划时延: 0.015393 ms
HDD节点管理器已清空
CVStatePool 已重置
CVStatePool 销毁完成
CUDA设备检查: device_count=2, error=no error
CVStatePool 初始化完成: 单个qumode截断维度=16, 初始总维度=256, 容量=64, 设备数=2
创建量子电路: 0 qubits, 2 qumodes, 截断维度=16, 执行GPU=1
构建量子线路...
异步CV流水线已禁用（环境变量或multi-GPU状态池）
量子线路构建完成
执行量子线路...
GaussianStatePool initialized: 2 qumodes, 4096 capacity (refcount-enabled).
量子线路执行完成
执行时间: 0.331982 ms
传输时延: 0 ms
计算时延: 0.20213 ms
规划时延: 0.007016 ms
HDD节点管理器已清空
CVStatePool 已重置
CVStatePool 销毁完成
CUDA设备检查: device_count=2, error=no error
CVStatePool 初始化完成: 单个qumode截断维度=16, 初始总维度=256, 容量=64, 设备数=2
创建量子电路: 0 qubits, 2 qumodes, 截断维度=16, 执行GPU=1
构建量子线路...
异步CV流水线已禁用（环境变量或multi-GPU状态池）
量子线路构建完成
执行量子线路...
GaussianStatePool initialized: 2 qumodes, 4096 capacity (refcount-enabled).
量子线路执行完成
执行时间: 0.313481 ms
传输时延: 0 ms
计算时延: 0.189377 ms
规划时延: 0.006172 ms
HDD节点管理器已清空
CVStatePool 已重置
CVStatePool 销毁完成
CUDA设备检查: device_count=2, error=no error
CVStatePool 初始化完成: 单个qumode截断维度=16, 初始总维度=256, 容量=64, 设备数=2
创建量子电路: 0 qubits, 2 qumodes, 截断维度=16, 执行GPU=1
构建量子线路...
异步CV流水线已禁用（环境变量或multi-GPU状态池）
量子线路构建完成
执行量子线路...
GaussianStatePool initialized: 2 qumodes, 4096 capacity (refcount-enabled).
量子线路执行完成
执行时间: 0.311656 ms
传输时延: 0 ms
计算时延: 0.198891 ms
规划时延: 0.006038 ms
HDD节点管理器已清空
CVStatePool 已重置
CVStatePool 销毁完成
Wrote experiment report to "/root/sandboxes/HybridCVDV-Simulator/experiments/results/ablation/sc26_cv_qaoa_nm2_c16__force_dense_fock.json"
Results: ok=1, unsupported=0, error=0
[2026-04-07T16:15:11Z] DONE: sc26_cv_qaoa_nm2_c16__force_dense_fock  (1s)
[2026-04-07T16:15:11Z] START: sc26_cv_qaoa_nm3_c16__full  flags=[]
[GPUContext] P2P: 0 links enabled (0 NVLink)
[GPUContext] Initialized with 2 device(s) (multi-GPU enabled)
[MultiGPU] Initialized 2 GPU(s) with P2P
╔══════════════════════════════════════════════════╗
║          GPU Context Summary                    ║
╠══════════════════════════════════════════════════╣
║ GPU 0: NVIDIA L20                               ║
║   Compute: SM 8.9  |  SMs: 92    |  Warp: 32   ║
║   Memory:  45467 MiB total / 42591 MiB free    ║
║   SharedMem/Block:    48 KB  /SM:   100 KB    ║
║ GPU 1: NVIDIA L20                               ║
║   Compute: SM 8.9  |  SMs: 92    |  Warp: 32   ║
║   Memory:  45467 MiB total / 45177 MiB free    ║
║   SharedMem/Block:    48 KB  /SM:   100 KB    ║
╠──────────────────────────────────────────────────╣
║ P2P Topology:                                    ║
╚══════════════════════════════════════════════════╝
CUDA设备检查: device_count=2, error=no error
CVStatePool 初始化完成: 单个qumode截断维度=16, 初始总维度=4096, 容量=64, 设备数=2
创建量子电路: 0 qubits, 3 qumodes, 截断维度=16, 执行GPU=1
构建量子线路...
异步CV流水线已禁用（环境变量或multi-GPU状态池）
量子线路构建完成
执行量子线路...
GaussianStatePool initialized: 3 qumodes, 4096 capacity (refcount-enabled).
量子线路执行完成
执行时间: 1.83586 ms
传输时延: 0 ms
计算时延: 1.38403 ms
规划时延: 0.012984 ms
HDD节点管理器已清空
CVStatePool 已重置
CVStatePool 销毁完成
CUDA设备检查: device_count=2, error=no error
CVStatePool 初始化完成: 单个qumode截断维度=16, 初始总维度=4096, 容量=64, 设备数=2
创建量子电路: 0 qubits, 3 qumodes, 截断维度=16, 执行GPU=1
构建量子线路...
异步CV流水线已禁用（环境变量或multi-GPU状态池）
量子线路构建完成
执行量子线路...
GaussianStatePool initialized: 3 qumodes, 4096 capacity (refcount-enabled).
量子线路执行完成
执行时间: 1.30974 ms
传输时延: 0 ms
计算时延: 1.16027 ms
规划时延: 0.008418 ms
HDD节点管理器已清空
CVStatePool 已重置
CVStatePool 销毁完成
CUDA设备检查: device_count=2, error=no error
CVStatePool 初始化完成: 单个qumode截断维度=16, 初始总维度=4096, 容量=64, 设备数=2
创建量子电路: 0 qubits, 3 qumodes, 截断维度=16, 执行GPU=1
构建量子线路...
异步CV流水线已禁用（环境变量或multi-GPU状态池）
量子线路构建完成
执行量子线路...
GaussianStatePool initialized: 3 qumodes, 4096 capacity (refcount-enabled).
量子线路执行完成
执行时间: 1.15173 ms
传输时延: 0 ms
计算时延: 1.03227 ms
规划时延: 0.007681 ms
HDD节点管理器已清空
CVStatePool 已重置
CVStatePool 销毁完成
CUDA设备检查: device_count=2, error=no error
CVStatePool 初始化完成: 单个qumode截断维度=16, 初始总维度=4096, 容量=64, 设备数=2
创建量子电路: 0 qubits, 3 qumodes, 截断维度=16, 执行GPU=1
构建量子线路...
异步CV流水线已禁用（环境变量或multi-GPU状态池）
量子线路构建完成
执行量子线路...
GaussianStatePool initialized: 3 qumodes, 4096 capacity (refcount-enabled).
量子线路执行完成
执行时间: 1.16892 ms
传输时延: 0 ms
计算时延: 1.03097 ms
规划时延: 0.007729 ms
HDD节点管理器已清空
CVStatePool 已重置
CVStatePool 销毁完成
Wrote experiment report to "/root/sandboxes/HybridCVDV-Simulator/experiments/results/ablation/sc26_cv_qaoa_nm3_c16__full.json"
Results: ok=1, unsupported=0, error=0
[2026-04-07T16:15:11Z] DONE: sc26_cv_qaoa_nm3_c16__full  (0s)
[2026-04-07T16:15:11Z] START: sc26_cv_qaoa_nm3_c16__no_symbolic  flags=[--disable-gaussian-symbolic]
[GPUContext] P2P: 0 links enabled (0 NVLink)
[GPUContext] Initialized with 2 device(s) (multi-GPU enabled)
[MultiGPU] Initialized 2 GPU(s) with P2P
╔══════════════════════════════════════════════════╗
║          GPU Context Summary                    ║
╠══════════════════════════════════════════════════╣
║ GPU 0: NVIDIA L20                               ║
║   Compute: SM 8.9  |  SMs: 92    |  Warp: 32   ║
║   Memory:  45467 MiB total / 42591 MiB free    ║
║   SharedMem/Block:    48 KB  /SM:   100 KB    ║
║ GPU 1: NVIDIA L20                               ║
║   Compute: SM 8.9  |  SMs: 92    |  Warp: 32   ║
║   Memory:  45467 MiB total / 45177 MiB free    ║
║   SharedMem/Block:    48 KB  /SM:   100 KB    ║
╠──────────────────────────────────────────────────╣
║ P2P Topology:                                    ║
╚══════════════════════════════════════════════════╝
CUDA设备检查: device_count=2, error=no error
CVStatePool 初始化完成: 单个qumode截断维度=16, 初始总维度=4096, 容量=64, 设备数=2
创建量子电路: 0 qubits, 3 qumodes, 截断维度=16, 执行GPU=1
构建量子线路...
异步CV流水线已禁用（环境变量或multi-GPU状态池）
量子线路构建完成
执行量子线路...
量子线路执行完成
执行时间: 3.4885 ms
传输时延: 0.01068 ms
计算时延: 3.45404 ms
规划时延: 0.013553 ms
HDD节点管理器已清空
CVStatePool 已重置
CVStatePool 销毁完成
CUDA设备检查: device_count=2, error=no error
CVStatePool 初始化完成: 单个qumode截断维度=16, 初始总维度=4096, 容量=64, 设备数=2
创建量子电路: 0 qubits, 3 qumodes, 截断维度=16, 执行GPU=1
构建量子线路...
异步CV流水线已禁用（环境变量或multi-GPU状态池）
量子线路构建完成
执行量子线路...
量子线路执行完成
执行时间: 3.13322 ms
传输时延: 0.01057 ms
计算时延: 3.10734 ms
规划时延: 0.010252 ms
HDD节点管理器已清空
CVStatePool 已重置
CVStatePool 销毁完成
CUDA设备检查: device_count=2, error=no error
CVStatePool 初始化完成: 单个qumode截断维度=16, 初始总维度=4096, 容量=64, 设备数=2
创建量子电路: 0 qubits, 3 qumodes, 截断维度=16, 执行GPU=1
构建量子线路...
异步CV流水线已禁用（环境变量或multi-GPU状态池）
量子线路构建完成
执行量子线路...
量子线路执行完成
执行时间: 3.1361 ms
传输时延: 0.010674 ms
计算时延: 3.11109 ms
规划时延: 0.008899 ms
HDD节点管理器已清空
CVStatePool 已重置
CVStatePool 销毁完成
CUDA设备检查: device_count=2, error=no error
CVStatePool 初始化完成: 单个qumode截断维度=16, 初始总维度=4096, 容量=64, 设备数=2
创建量子电路: 0 qubits, 3 qumodes, 截断维度=16, 执行GPU=1
构建量子线路...
异步CV流水线已禁用（环境变量或multi-GPU状态池）
量子线路构建完成
执行量子线路...
量子线路执行完成
执行时间: 3.13079 ms
传输时延: 0.010034 ms
计算时延: 3.10732 ms
规划时延: 0.008263 ms
HDD节点管理器已清空
CVStatePool 已重置
CVStatePool 销毁完成
Wrote experiment report to "/root/sandboxes/HybridCVDV-Simulator/experiments/results/ablation/sc26_cv_qaoa_nm3_c16__no_symbolic.json"
Results: ok=1, unsupported=0, error=0
[2026-04-07T16:15:11Z] DONE: sc26_cv_qaoa_nm3_c16__no_symbolic  (0s)
[2026-04-07T16:15:11Z] START: sc26_cv_qaoa_nm3_c16__force_dense_fock  flags=[--force-dense-fock]
[GPUContext] P2P: 0 links enabled (0 NVLink)
[GPUContext] Initialized with 2 device(s) (multi-GPU enabled)
[MultiGPU] Initialized 2 GPU(s) with P2P
╔══════════════════════════════════════════════════╗
║          GPU Context Summary                    ║
╠══════════════════════════════════════════════════╣
║ GPU 0: NVIDIA L20                               ║
║   Compute: SM 8.9  |  SMs: 92    |  Warp: 32   ║
║   Memory:  45467 MiB total / 42591 MiB free    ║
║   SharedMem/Block:    48 KB  /SM:   100 KB    ║
║ GPU 1: NVIDIA L20                               ║
║   Compute: SM 8.9  |  SMs: 92    |  Warp: 32   ║
║   Memory:  45467 MiB total / 45177 MiB free    ║
║   SharedMem/Block:    48 KB  /SM:   100 KB    ║
╠──────────────────────────────────────────────────╣
║ P2P Topology:                                    ║
╚══════════════════════════════════════════════════╝
CUDA设备检查: device_count=2, error=no error
CVStatePool 初始化完成: 单个qumode截断维度=16, 初始总维度=4096, 容量=64, 设备数=2
创建量子电路: 0 qubits, 3 qumodes, 截断维度=16, 执行GPU=1
构建量子线路...
异步CV流水线已禁用（环境变量或multi-GPU状态池）
量子线路构建完成
执行量子线路...
GaussianStatePool initialized: 3 qumodes, 4096 capacity (refcount-enabled).
量子线路执行完成
执行时间: 1.92076 ms
传输时延: 0 ms
计算时延: 1.4473 ms
规划时延: 0.017255 ms
HDD节点管理器已清空
CVStatePool 已重置
CVStatePool 销毁完成
CUDA设备检查: device_count=2, error=no error
CVStatePool 初始化完成: 单个qumode截断维度=16, 初始总维度=4096, 容量=64, 设备数=2
创建量子电路: 0 qubits, 3 qumodes, 截断维度=16, 执行GPU=1
构建量子线路...
异步CV流水线已禁用（环境变量或multi-GPU状态池）
量子线路构建完成
执行量子线路...
GaussianStatePool initialized: 3 qumodes, 4096 capacity (refcount-enabled).
量子线路执行完成
执行时间: 1.28141 ms
传输时延: 0 ms
计算时延: 1.15112 ms
规划时延: 0.00873 ms
HDD节点管理器已清空
CVStatePool 已重置
CVStatePool 销毁完成
CUDA设备检查: device_count=2, error=no error
CVStatePool 初始化完成: 单个qumode截断维度=16, 初始总维度=4096, 容量=64, 设备数=2
创建量子电路: 0 qubits, 3 qumodes, 截断维度=16, 执行GPU=1
构建量子线路...
异步CV流水线已禁用（环境变量或multi-GPU状态池）
量子线路构建完成
执行量子线路...
GaussianStatePool initialized: 3 qumodes, 4096 capacity (refcount-enabled).
量子线路执行完成
执行时间: 1.19339 ms
传输时延: 0 ms
计算时延: 1.07323 ms
规划时延: 0.007929 ms
HDD节点管理器已清空
CVStatePool 已重置
CVStatePool 销毁完成
CUDA设备检查: device_count=2, error=no error
CVStatePool 初始化完成: 单个qumode截断维度=16, 初始总维度=4096, 容量=64, 设备数=2
创建量子电路: 0 qubits, 3 qumodes, 截断维度=16, 执行GPU=1
构建量子线路...
异步CV流水线已禁用（环境变量或multi-GPU状态池）
量子线路构建完成
执行量子线路...
GaussianStatePool initialized: 3 qumodes, 4096 capacity (refcount-enabled).
量子线路执行完成
执行时间: 1.30251 ms
传输时延: 0 ms
计算时延: 1.16996 ms
规划时延: 0.01007 ms
HDD节点管理器已清空
CVStatePool 已重置
CVStatePool 销毁完成
Wrote experiment report to "/root/sandboxes/HybridCVDV-Simulator/experiments/results/ablation/sc26_cv_qaoa_nm3_c16__force_dense_fock.json"
Results: ok=1, unsupported=0, error=0
[2026-04-07T16:15:12Z] DONE: sc26_cv_qaoa_nm3_c16__force_dense_fock  (1s)
[2026-04-07T16:15:12Z] START: sc26_cv_qaoa_nm4_c16__full  flags=[]
[GPUContext] P2P: 0 links enabled (0 NVLink)
[GPUContext] Initialized with 2 device(s) (multi-GPU enabled)
[MultiGPU] Initialized 2 GPU(s) with P2P
╔══════════════════════════════════════════════════╗
║          GPU Context Summary                    ║
╠══════════════════════════════════════════════════╣
║ GPU 0: NVIDIA L20                               ║
║   Compute: SM 8.9  |  SMs: 92    |  Warp: 32   ║
║   Memory:  45467 MiB total / 42591 MiB free    ║
║   SharedMem/Block:    48 KB  /SM:   100 KB    ║
║ GPU 1: NVIDIA L20                               ║
║   Compute: SM 8.9  |  SMs: 92    |  Warp: 32   ║
║   Memory:  45467 MiB total / 45177 MiB free    ║
║   SharedMem/Block:    48 KB  /SM:   100 KB    ║
╠──────────────────────────────────────────────────╣
║ P2P Topology:                                    ║
╚══════════════════════════════════════════════════╝
CUDA设备检查: device_count=2, error=no error
CVStatePool 初始化完成: 单个qumode截断维度=16, 初始总维度=65536, 容量=64, 设备数=2
创建量子电路: 0 qubits, 4 qumodes, 截断维度=16, 执行GPU=1
构建量子线路...
异步CV流水线已禁用（环境变量或multi-GPU状态池）
量子线路构建完成
执行量子线路...
GaussianStatePool initialized: 4 qumodes, 4096 capacity (refcount-enabled).
量子线路执行完成
执行时间: 1.93695 ms
传输时延: 0 ms
计算时延: 1.50085 ms
规划时延: 0.017797 ms
HDD节点管理器已清空
CVStatePool 已重置
CVStatePool 销毁完成
CUDA设备检查: device_count=2, error=no error
CVStatePool 初始化完成: 单个qumode截断维度=16, 初始总维度=65536, 容量=64, 设备数=2
创建量子电路: 0 qubits, 4 qumodes, 截断维度=16, 执行GPU=1
构建量子线路...
异步CV流水线已禁用（环境变量或multi-GPU状态池）
量子线路构建完成
执行量子线路...
GaussianStatePool initialized: 4 qumodes, 4096 capacity (refcount-enabled).
量子线路执行完成
执行时间: 1.34885 ms
传输时延: 0 ms
计算时延: 1.21823 ms
规划时延: 0.009605 ms
HDD节点管理器已清空
CVStatePool 已重置
CVStatePool 销毁完成
CUDA设备检查: device_count=2, error=no error
CVStatePool 初始化完成: 单个qumode截断维度=16, 初始总维度=65536, 容量=64, 设备数=2
创建量子电路: 0 qubits, 4 qumodes, 截断维度=16, 执行GPU=1
构建量子线路...
异步CV流水线已禁用（环境变量或multi-GPU状态池）
量子线路构建完成
执行量子线路...
GaussianStatePool initialized: 4 qumodes, 4096 capacity (refcount-enabled).
量子线路执行完成
执行时间: 1.26498 ms
传输时延: 0 ms
计算时延: 1.13591 ms
规划时延: 0.009076 ms
HDD节点管理器已清空
CVStatePool 已重置
CVStatePool 销毁完成
CUDA设备检查: device_count=2, error=no error
CVStatePool 初始化完成: 单个qumode截断维度=16, 初始总维度=65536, 容量=64, 设备数=2
创建量子电路: 0 qubits, 4 qumodes, 截断维度=16, 执行GPU=1
构建量子线路...
异步CV流水线已禁用（环境变量或multi-GPU状态池）
量子线路构建完成
执行量子线路...
GaussianStatePool initialized: 4 qumodes, 4096 capacity (refcount-enabled).
量子线路执行完成
执行时间: 1.24507 ms
传输时延: 0 ms
计算时延: 1.1216 ms
规划时延: 0.009566 ms
HDD节点管理器已清空
CVStatePool 已重置
CVStatePool 销毁完成
Wrote experiment report to "/root/sandboxes/HybridCVDV-Simulator/experiments/results/ablation/sc26_cv_qaoa_nm4_c16__full.json"
Results: ok=1, unsupported=0, error=0
[2026-04-07T16:15:12Z] DONE: sc26_cv_qaoa_nm4_c16__full  (0s)
[2026-04-07T16:15:12Z] START: sc26_cv_qaoa_nm4_c16__no_symbolic  flags=[--disable-gaussian-symbolic]
[GPUContext] P2P: 0 links enabled (0 NVLink)
[GPUContext] Initialized with 2 device(s) (multi-GPU enabled)
[MultiGPU] Initialized 2 GPU(s) with P2P
╔══════════════════════════════════════════════════╗
║          GPU Context Summary                    ║
╠══════════════════════════════════════════════════╣
║ GPU 0: NVIDIA L20                               ║
║   Compute: SM 8.9  |  SMs: 92    |  Warp: 32   ║
║   Memory:  45467 MiB total / 42591 MiB free    ║
║   SharedMem/Block:    48 KB  /SM:   100 KB    ║
║ GPU 1: NVIDIA L20                               ║
║   Compute: SM 8.9  |  SMs: 92    |  Warp: 32   ║
║   Memory:  45467 MiB total / 45177 MiB free    ║
║   SharedMem/Block:    48 KB  /SM:   100 KB    ║
╠──────────────────────────────────────────────────╣
║ P2P Topology:                                    ║
╚══════════════════════════════════════════════════╝
CUDA设备检查: device_count=2, error=no error
CVStatePool 初始化完成: 单个qumode截断维度=16, 初始总维度=65536, 容量=64, 设备数=2
创建量子电路: 0 qubits, 4 qumodes, 截断维度=16, 执行GPU=1
构建量子线路...
异步CV流水线已禁用（环境变量或multi-GPU状态池）
量子线路构建完成
执行量子线路...
量子线路执行完成
执行时间: 11.2625 ms
传输时延: 0.011201 ms
计算时延: 11.2216 ms
规划时延: 0.01745 ms
HDD节点管理器已清空
CVStatePool 已重置
CVStatePool 销毁完成
CUDA设备检查: device_count=2, error=no error
CVStatePool 初始化完成: 单个qumode截断维度=16, 初始总维度=65536, 容量=64, 设备数=2
创建量子电路: 0 qubits, 4 qumodes, 截断维度=16, 执行GPU=1
构建量子线路...
异步CV流水线已禁用（环境变量或multi-GPU状态池）
量子线路构建完成
执行量子线路...
量子线路执行完成
执行时间: 10.8795 ms
传输时延: 0.01064 ms
计算时延: 10.8472 ms
规划时延: 0.013953 ms
HDD节点管理器已清空
CVStatePool 已重置
CVStatePool 销毁完成
CUDA设备检查: device_count=2, error=no error
CVStatePool 初始化完成: 单个qumode截断维度=16, 初始总维度=65536, 容量=64, 设备数=2
创建量子电路: 0 qubits, 4 qumodes, 截断维度=16, 执行GPU=1
构建量子线路...
异步CV流水线已禁用（环境变量或multi-GPU状态池）
量子线路构建完成
执行量子线路...
量子线路执行完成
执行时间: 10.8779 ms
传输时延: 0.010063 ms
计算时延: 10.8491 ms
规划时延: 0.00997 ms
HDD节点管理器已清空
CVStatePool 已重置
CVStatePool 销毁完成
CUDA设备检查: device_count=2, error=no error
CVStatePool 初始化完成: 单个qumode截断维度=16, 初始总维度=65536, 容量=64, 设备数=2
创建量子电路: 0 qubits, 4 qumodes, 截断维度=16, 执行GPU=1
构建量子线路...
异步CV流水线已禁用（环境变量或multi-GPU状态池）
量子线路构建完成
执行量子线路...
量子线路执行完成
执行时间: 10.8723 ms
传输时延: 0.010121 ms
计算时延: 10.8452 ms
规划时延: 0.009589 ms
HDD节点管理器已清空
CVStatePool 已重置
CVStatePool 销毁完成
Wrote experiment report to "/root/sandboxes/HybridCVDV-Simulator/experiments/results/ablation/sc26_cv_qaoa_nm4_c16__no_symbolic.json"
Results: ok=1, unsupported=0, error=0
[2026-04-07T16:15:12Z] DONE: sc26_cv_qaoa_nm4_c16__no_symbolic  (0s)
[2026-04-07T16:15:12Z] START: sc26_cv_qaoa_nm4_c16__force_dense_fock  flags=[--force-dense-fock]
[GPUContext] P2P: 0 links enabled (0 NVLink)
[GPUContext] Initialized with 2 device(s) (multi-GPU enabled)
[MultiGPU] Initialized 2 GPU(s) with P2P
╔══════════════════════════════════════════════════╗
║          GPU Context Summary                    ║
╠══════════════════════════════════════════════════╣
║ GPU 0: NVIDIA L20                               ║
║   Compute: SM 8.9  |  SMs: 92    |  Warp: 32   ║
║   Memory:  45467 MiB total / 42591 MiB free    ║
║   SharedMem/Block:    48 KB  /SM:   100 KB    ║
║ GPU 1: NVIDIA L20                               ║
║   Compute: SM 8.9  |  SMs: 92    |  Warp: 32   ║
║   Memory:  45467 MiB total / 45177 MiB free    ║
║   SharedMem/Block:    48 KB  /SM:   100 KB    ║
╠──────────────────────────────────────────────────╣
║ P2P Topology:                                    ║
╚══════════════════════════════════════════════════╝
CUDA设备检查: device_count=2, error=no error
CVStatePool 初始化完成: 单个qumode截断维度=16, 初始总维度=65536, 容量=64, 设备数=2
创建量子电路: 0 qubits, 4 qumodes, 截断维度=16, 执行GPU=1
构建量子线路...
异步CV流水线已禁用（环境变量或multi-GPU状态池）
量子线路构建完成
执行量子线路...
GaussianStatePool initialized: 4 qumodes, 4096 capacity (refcount-enabled).
量子线路执行完成
执行时间: 1.94277 ms
传输时延: 0 ms
计算时延: 1.47487 ms
规划时延: 0.020128 ms
HDD节点管理器已清空
CVStatePool 已重置
CVStatePool 销毁完成
CUDA设备检查: device_count=2, error=no error
CVStatePool 初始化完成: 单个qumode截断维度=16, 初始总维度=65536, 容量=64, 设备数=2
创建量子电路: 0 qubits, 4 qumodes, 截断维度=16, 执行GPU=1
构建量子线路...
异步CV流水线已禁用（环境变量或multi-GPU状态池）
量子线路构建完成
执行量子线路...
GaussianStatePool initialized: 4 qumodes, 4096 capacity (refcount-enabled).
量子线路执行完成
执行时间: 1.3664 ms
传输时延: 0 ms
计算时延: 1.23738 ms
规划时延: 0.010062 ms
HDD节点管理器已清空
CVStatePool 已重置
CVStatePool 销毁完成
CUDA设备检查: device_count=2, error=no error
CVStatePool 初始化完成: 单个qumode截断维度=16, 初始总维度=65536, 容量=64, 设备数=2
创建量子电路: 0 qubits, 4 qumodes, 截断维度=16, 执行GPU=1
构建量子线路...
异步CV流水线已禁用（环境变量或multi-GPU状态池）
量子线路构建完成
执行量子线路...
GaussianStatePool initialized: 4 qumodes, 4096 capacity (refcount-enabled).
量子线路执行完成
执行时间: 1.24571 ms
传输时延: 0 ms
计算时延: 1.12796 ms
规划时延: 0.008939 ms
HDD节点管理器已清空
CVStatePool 已重置
CVStatePool 销毁完成
CUDA设备检查: device_count=2, error=no error
CVStatePool 初始化完成: 单个qumode截断维度=16, 初始总维度=65536, 容量=64, 设备数=2
创建量子电路: 0 qubits, 4 qumodes, 截断维度=16, 执行GPU=1
构建量子线路...
异步CV流水线已禁用（环境变量或multi-GPU状态池）
量子线路构建完成
执行量子线路...
GaussianStatePool initialized: 4 qumodes, 4096 capacity (refcount-enabled).
量子线路执行完成
执行时间: 1.25163 ms
传输时延: 0 ms
计算时延: 1.11717 ms
规划时延: 0.009738 ms
HDD节点管理器已清空
CVStatePool 已重置
CVStatePool 销毁完成
Wrote experiment report to "/root/sandboxes/HybridCVDV-Simulator/experiments/results/ablation/sc26_cv_qaoa_nm4_c16__force_dense_fock.json"
Results: ok=1, unsupported=0, error=0
[2026-04-07T16:15:13Z] DONE: sc26_cv_qaoa_nm4_c16__force_dense_fock  (1s)
[2026-04-07T16:15:13Z] START: sc26_cv_qaoa_nm5_c16__full  flags=[]
[GPUContext] P2P: 0 links enabled (0 NVLink)
[GPUContext] Initialized with 2 device(s) (multi-GPU enabled)
[MultiGPU] Initialized 2 GPU(s) with P2P
╔══════════════════════════════════════════════════╗
║          GPU Context Summary                    ║
╠══════════════════════════════════════════════════╣
║ GPU 0: NVIDIA L20                               ║
║   Compute: SM 8.9  |  SMs: 92    |  Warp: 32   ║
║   Memory:  45467 MiB total / 42591 MiB free    ║
║   SharedMem/Block:    48 KB  /SM:   100 KB    ║
║ GPU 1: NVIDIA L20                               ║
║   Compute: SM 8.9  |  SMs: 92    |  Warp: 32   ║
║   Memory:  45467 MiB total / 45177 MiB free    ║
║   SharedMem/Block:    48 KB  /SM:   100 KB    ║
╠──────────────────────────────────────────────────╣
║ P2P Topology:                                    ║
╚══════════════════════════════════════════════════╝
CUDA设备检查: device_count=2, error=no error
CVStatePool 初始化完成: 单个qumode截断维度=16, 初始总维度=1048576, 容量=64, 设备数=2
创建量子电路: 0 qubits, 5 qumodes, 截断维度=16, 执行GPU=1
构建量子线路...
异步CV流水线已禁用（环境变量或multi-GPU状态池）
量子线路构建完成
执行量子线路...
GaussianStatePool initialized: 5 qumodes, 4096 capacity (refcount-enabled).
量子线路执行完成
执行时间: 2.10115 ms
传输时延: 0 ms
计算时延: 1.58729 ms
规划时延: 0.021666 ms
HDD节点管理器已清空
CVStatePool 已重置
CVStatePool 销毁完成
CUDA设备检查: device_count=2, error=no error
CVStatePool 初始化完成: 单个qumode截断维度=16, 初始总维度=1048576, 容量=64, 设备数=2
创建量子电路: 0 qubits, 5 qumodes, 截断维度=16, 执行GPU=1
构建量子线路...
异步CV流水线已禁用（环境变量或multi-GPU状态池）
量子线路构建完成
执行量子线路...
GaussianStatePool initialized: 5 qumodes, 4096 capacity (refcount-enabled).
量子线路执行完成
执行时间: 1.52814 ms
传输时延: 0 ms
计算时延: 1.34705 ms
规划时延: 0.013297 ms
HDD节点管理器已清空
CVStatePool 已重置
CVStatePool 销毁完成
CUDA设备检查: device_count=2, error=no error
CVStatePool 初始化完成: 单个qumode截断维度=16, 初始总维度=1048576, 容量=64, 设备数=2
创建量子电路: 0 qubits, 5 qumodes, 截断维度=16, 执行GPU=1
构建量子线路...
异步CV流水线已禁用（环境变量或multi-GPU状态池）
量子线路构建完成
执行量子线路...
GaussianStatePool initialized: 5 qumodes, 4096 capacity (refcount-enabled).
量子线路执行完成
执行时间: 1.41644 ms
传输时延: 0 ms
计算时延: 1.25326 ms
规划时延: 0.011485 ms
HDD节点管理器已清空
CVStatePool 已重置
CVStatePool 销毁完成
CUDA设备检查: device_count=2, error=no error
CVStatePool 初始化完成: 单个qumode截断维度=16, 初始总维度=1048576, 容量=64, 设备数=2
创建量子电路: 0 qubits, 5 qumodes, 截断维度=16, 执行GPU=1
构建量子线路...
异步CV流水线已禁用（环境变量或multi-GPU状态池）
量子线路构建完成
执行量子线路...
GaussianStatePool initialized: 5 qumodes, 4096 capacity (refcount-enabled).
量子线路执行完成
执行时间: 1.41494 ms
传输时延: 0 ms
计算时延: 1.2368 ms
规划时延: 0.011362 ms
HDD节点管理器已清空
CVStatePool 已重置
CVStatePool 销毁完成
Wrote experiment report to "/root/sandboxes/HybridCVDV-Simulator/experiments/results/ablation/sc26_cv_qaoa_nm5_c16__full.json"
Results: ok=1, unsupported=0, error=0
[2026-04-07T16:15:13Z] DONE: sc26_cv_qaoa_nm5_c16__full  (0s)
[2026-04-07T16:15:13Z] START: sc26_cv_qaoa_nm5_c16__no_symbolic  flags=[--disable-gaussian-symbolic]
[GPUContext] P2P: 0 links enabled (0 NVLink)
[GPUContext] Initialized with 2 device(s) (multi-GPU enabled)
[MultiGPU] Initialized 2 GPU(s) with P2P
╔══════════════════════════════════════════════════╗
║          GPU Context Summary                    ║
╠══════════════════════════════════════════════════╣
║ GPU 0: NVIDIA L20                               ║
║   Compute: SM 8.9  |  SMs: 92    |  Warp: 32   ║
║   Memory:  45467 MiB total / 42591 MiB free    ║
║   SharedMem/Block:    48 KB  /SM:   100 KB    ║
║ GPU 1: NVIDIA L20                               ║
║   Compute: SM 8.9  |  SMs: 92    |  Warp: 32   ║
║   Memory:  45467 MiB total / 45177 MiB free    ║
║   SharedMem/Block:    48 KB  /SM:   100 KB    ║
╠──────────────────────────────────────────────────╣
║ P2P Topology:                                    ║
╚══════════════════════════════════════════════════╝
CUDA设备检查: device_count=2, error=no error
CVStatePool 初始化完成: 单个qumode截断维度=16, 初始总维度=1048576, 容量=64, 设备数=2
创建量子电路: 0 qubits, 5 qumodes, 截断维度=16, 执行GPU=1
构建量子线路...
异步CV流水线已禁用（环境变量或multi-GPU状态池）
量子线路构建完成
执行量子线路...
量子线路执行完成
执行时间: 193.009 ms
传输时延: 0.01232 ms
计算时延: 192.958 ms
规划时延: 0.021361 ms
HDD节点管理器已清空
CVStatePool 已重置
CVStatePool 销毁完成
CUDA设备检查: device_count=2, error=no error
CVStatePool 初始化完成: 单个qumode截断维度=16, 初始总维度=1048576, 容量=64, 设备数=2
创建量子电路: 0 qubits, 5 qumodes, 截断维度=16, 执行GPU=1
构建量子线路...
异步CV流水线已禁用（环境变量或multi-GPU状态池）
量子线路构建完成
执行量子线路...
量子线路执行完成
执行时间: 192.636 ms
传输时延: 0.013646 ms
计算时延: 192.585 ms
规划时延: 0.022825 ms
HDD节点管理器已清空
CVStatePool 已重置
CVStatePool 销毁完成
CUDA设备检查: device_count=2, error=no error
CVStatePool 初始化完成: 单个qumode截断维度=16, 初始总维度=1048576, 容量=64, 设备数=2
创建量子电路: 0 qubits, 5 qumodes, 截断维度=16, 执行GPU=1
构建量子线路...
异步CV流水线已禁用（环境变量或multi-GPU状态池）
量子线路构建完成
执行量子线路...
量子线路执行完成
执行时间: 192.597 ms
传输时延: 0.019419 ms
计算时延: 192.539 ms
规划时延: 0.020608 ms
HDD节点管理器已清空
CVStatePool 已重置
CVStatePool 销毁完成
CUDA设备检查: device_count=2, error=no error
CVStatePool 初始化完成: 单个qumode截断维度=16, 初始总维度=1048576, 容量=64, 设备数=2
创建量子电路: 0 qubits, 5 qumodes, 截断维度=16, 执行GPU=1
构建量子线路...
异步CV流水线已禁用（环境变量或multi-GPU状态池）
量子线路构建完成
执行量子线路...
量子线路执行完成
执行时间: 192.582 ms
传输时延: 0.011786 ms
计算时延: 192.538 ms
规划时延: 0.019307 ms
HDD节点管理器已清空
CVStatePool 已重置
CVStatePool 销毁完成
Wrote experiment report to "/root/sandboxes/HybridCVDV-Simulator/experiments/results/ablation/sc26_cv_qaoa_nm5_c16__no_symbolic.json"
Results: ok=1, unsupported=0, error=0
[2026-04-07T16:15:14Z] DONE: sc26_cv_qaoa_nm5_c16__no_symbolic  (1s)
[2026-04-07T16:15:14Z] START: sc26_cv_qaoa_nm5_c16__force_dense_fock  flags=[--force-dense-fock]
[GPUContext] P2P: 0 links enabled (0 NVLink)
[GPUContext] Initialized with 2 device(s) (multi-GPU enabled)
[MultiGPU] Initialized 2 GPU(s) with P2P
╔══════════════════════════════════════════════════╗
║          GPU Context Summary                    ║
╠══════════════════════════════════════════════════╣
║ GPU 0: NVIDIA L20                               ║
║   Compute: SM 8.9  |  SMs: 92    |  Warp: 32   ║
║   Memory:  45467 MiB total / 42591 MiB free    ║
║   SharedMem/Block:    48 KB  /SM:   100 KB    ║
║ GPU 1: NVIDIA L20                               ║
║   Compute: SM 8.9  |  SMs: 92    |  Warp: 32   ║
║   Memory:  45467 MiB total / 45177 MiB free    ║
║   SharedMem/Block:    48 KB  /SM:   100 KB    ║
╠──────────────────────────────────────────────────╣
║ P2P Topology:                                    ║
╚══════════════════════════════════════════════════╝
CUDA设备检查: device_count=2, error=no error
CVStatePool 初始化完成: 单个qumode截断维度=16, 初始总维度=1048576, 容量=64, 设备数=2
创建量子电路: 0 qubits, 5 qumodes, 截断维度=16, 执行GPU=1
构建量子线路...
异步CV流水线已禁用（环境变量或multi-GPU状态池）
量子线路构建完成
执行量子线路...
GaussianStatePool initialized: 5 qumodes, 4096 capacity (refcount-enabled).
量子线路执行完成
执行时间: 2.07723 ms
传输时延: 0 ms
计算时延: 1.57928 ms
规划时延: 0.022486 ms
HDD节点管理器已清空
CVStatePool 已重置
CVStatePool 销毁完成
CUDA设备检查: device_count=2, error=no error
CVStatePool 初始化完成: 单个qumode截断维度=16, 初始总维度=1048576, 容量=64, 设备数=2
创建量子电路: 0 qubits, 5 qumodes, 截断维度=16, 执行GPU=1
构建量子线路...
异步CV流水线已禁用（环境变量或multi-GPU状态池）
量子线路构建完成
执行量子线路...
GaussianStatePool initialized: 5 qumodes, 4096 capacity (refcount-enabled).
量子线路执行完成
执行时间: 1.52029 ms
传输时延: 0 ms
计算时延: 1.34295 ms
规划时延: 0.013106 ms
HDD节点管理器已清空
CVStatePool 已重置
CVStatePool 销毁完成
CUDA设备检查: device_count=2, error=no error
CVStatePool 初始化完成: 单个qumode截断维度=16, 初始总维度=1048576, 容量=64, 设备数=2
创建量子电路: 0 qubits, 5 qumodes, 截断维度=16, 执行GPU=1
构建量子线路...
异步CV流水线已禁用（环境变量或multi-GPU状态池）
量子线路构建完成
执行量子线路...
GaussianStatePool initialized: 5 qumodes, 4096 capacity (refcount-enabled).
量子线路执行完成
执行时间: 1.41464 ms
传输时延: 0 ms
计算时延: 1.25148 ms
规划时延: 0.011089 ms
HDD节点管理器已清空
CVStatePool 已重置
CVStatePool 销毁完成
CUDA设备检查: device_count=2, error=no error
CVStatePool 初始化完成: 单个qumode截断维度=16, 初始总维度=1048576, 容量=64, 设备数=2
创建量子电路: 0 qubits, 5 qumodes, 截断维度=16, 执行GPU=1
构建量子线路...
异步CV流水线已禁用（环境变量或multi-GPU状态池）
量子线路构建完成
执行量子线路...
GaussianStatePool initialized: 5 qumodes, 4096 capacity (refcount-enabled).
量子线路执行完成
执行时间: 1.41389 ms
传输时延: 0 ms
计算时延: 1.24248 ms
规划时延: 0.011376 ms
HDD节点管理器已清空
CVStatePool 已重置
CVStatePool 销毁完成
Wrote experiment report to "/root/sandboxes/HybridCVDV-Simulator/experiments/results/ablation/sc26_cv_qaoa_nm5_c16__force_dense_fock.json"
Results: ok=1, unsupported=0, error=0
[2026-04-07T16:15:15Z] DONE: sc26_cv_qaoa_nm5_c16__force_dense_fock  (1s)
[2026-04-07T16:15:15Z] START: sc26_jch_nq4_nm2_c16__full  flags=[]
[GPUContext] P2P: 0 links enabled (0 NVLink)
[GPUContext] Initialized with 2 device(s) (multi-GPU enabled)
[MultiGPU] Initialized 2 GPU(s) with P2P
╔══════════════════════════════════════════════════╗
║          GPU Context Summary                    ║
╠══════════════════════════════════════════════════╣
║ GPU 0: NVIDIA L20                               ║
║   Compute: SM 8.9  |  SMs: 92    |  Warp: 32   ║
║   Memory:  45467 MiB total / 42591 MiB free    ║
║   SharedMem/Block:    48 KB  /SM:   100 KB    ║
║ GPU 1: NVIDIA L20                               ║
║   Compute: SM 8.9  |  SMs: 92    |  Warp: 32   ║
║   Memory:  45467 MiB total / 45177 MiB free    ║
║   SharedMem/Block:    48 KB  /SM:   100 KB    ║
╠──────────────────────────────────────────────────╣
║ P2P Topology:                                    ║
╚══════════════════════════════════════════════════╝
CUDA设备检查: device_count=2, error=no error
CVStatePool 初始化完成: 单个qumode截断维度=16, 初始总维度=256, 容量=128, 设备数=2
创建量子电路: 4 qubits, 2 qumodes, 截断维度=16, 执行GPU=1
构建量子线路...
异步CV流水线已禁用（环境变量或multi-GPU状态池）
量子线路构建完成
执行量子线路...
块级编译-执行流水线已启用，块数=16
GaussianStatePool initialized: 2 qumodes, 4096 capacity (refcount-enabled).
量子线路执行完成
执行时间: 7.76044 ms
传输时延: 0.039364 ms
计算时延: 0.40091 ms
规划时延: 0.093107 ms
HDD节点管理器已清空
CVStatePool 已重置
CVStatePool 销毁完成
CUDA设备检查: device_count=2, error=no error
CVStatePool 初始化完成: 单个qumode截断维度=16, 初始总维度=256, 容量=128, 设备数=2
创建量子电路: 4 qubits, 2 qumodes, 截断维度=16, 执行GPU=1
构建量子线路...
异步CV流水线已禁用（环境变量或multi-GPU状态池）
量子线路构建完成
执行量子线路...
块级编译-执行流水线已启用，块数=16
GaussianStatePool initialized: 2 qumodes, 4096 capacity (refcount-enabled).
量子线路执行完成
执行时间: 6.2611 ms
传输时延: 0.038361 ms
计算时延: 0.28305 ms
规划时延: 0.039728 ms
HDD节点管理器已清空
CVStatePool 已重置
CVStatePool 销毁完成
CUDA设备检查: device_count=2, error=no error
CVStatePool 初始化完成: 单个qumode截断维度=16, 初始总维度=256, 容量=128, 设备数=2
创建量子电路: 4 qubits, 2 qumodes, 截断维度=16, 执行GPU=1
构建量子线路...
异步CV流水线已禁用（环境变量或multi-GPU状态池）
量子线路构建完成
执行量子线路...
块级编译-执行流水线已启用，块数=16
GaussianStatePool initialized: 2 qumodes, 4096 capacity (refcount-enabled).
量子线路执行完成
执行时间: 6.36541 ms
传输时延: 0.039017 ms
计算时延: 0.290858 ms
规划时延: 0.047172 ms
HDD节点管理器已清空
CVStatePool 已重置
CVStatePool 销毁完成
CUDA设备检查: device_count=2, error=no error
CVStatePool 初始化完成: 单个qumode截断维度=16, 初始总维度=256, 容量=128, 设备数=2
创建量子电路: 4 qubits, 2 qumodes, 截断维度=16, 执行GPU=1
构建量子线路...
异步CV流水线已禁用（环境变量或multi-GPU状态池）
量子线路构建完成
执行量子线路...
块级编译-执行流水线已启用，块数=16
GaussianStatePool initialized: 2 qumodes, 4096 capacity (refcount-enabled).
量子线路执行完成
执行时间: 6.30335 ms
传输时延: 0.03766 ms
计算时延: 0.278527 ms
规划时延: 0.041434 ms
HDD节点管理器已清空
CVStatePool 已重置
CVStatePool 销毁完成
Wrote experiment report to "/root/sandboxes/HybridCVDV-Simulator/experiments/results/ablation/sc26_jch_nq4_nm2_c16__full.json"
Results: ok=1, unsupported=0, error=0
[2026-04-07T16:15:15Z] DONE: sc26_jch_nq4_nm2_c16__full  (0s)
[2026-04-07T16:15:15Z] START: sc26_jch_nq4_nm2_c16__no_symbolic  flags=[--disable-gaussian-symbolic]
[GPUContext] P2P: 0 links enabled (0 NVLink)
[GPUContext] Initialized with 2 device(s) (multi-GPU enabled)
[MultiGPU] Initialized 2 GPU(s) with P2P
╔══════════════════════════════════════════════════╗
║          GPU Context Summary                    ║
╠══════════════════════════════════════════════════╣
║ GPU 0: NVIDIA L20                               ║
║   Compute: SM 8.9  |  SMs: 92    |  Warp: 32   ║
║   Memory:  45467 MiB total / 42591 MiB free    ║
║   SharedMem/Block:    48 KB  /SM:   100 KB    ║
║ GPU 1: NVIDIA L20                               ║
║   Compute: SM 8.9  |  SMs: 92    |  Warp: 32   ║
║   Memory:  45467 MiB total / 45177 MiB free    ║
║   SharedMem/Block:    48 KB  /SM:   100 KB    ║
╠──────────────────────────────────────────────────╣
║ P2P Topology:                                    ║
╚══════════════════════════════════════════════════╝
CUDA设备检查: device_count=2, error=no error
CVStatePool 初始化完成: 单个qumode截断维度=16, 初始总维度=256, 容量=128, 设备数=2
创建量子电路: 4 qubits, 2 qumodes, 截断维度=16, 执行GPU=1
构建量子线路...
异步CV流水线已禁用（环境变量或multi-GPU状态池）
量子线路构建完成
执行量子线路...
块级编译-执行流水线已启用，块数=16
量子线路执行完成
执行时间: 6.64695 ms
传输时延: 0.089876 ms
计算时延: 1.72164 ms
规划时延: 0.095855 ms
HDD节点管理器已清空
CVStatePool 已重置
CVStatePool 销毁完成
CUDA设备检查: device_count=2, error=no error
CVStatePool 初始化完成: 单个qumode截断维度=16, 初始总维度=256, 容量=128, 设备数=2
创建量子电路: 4 qubits, 2 qumodes, 截断维度=16, 执行GPU=1
构建量子线路...
异步CV流水线已禁用（环境变量或multi-GPU状态池）
量子线路构建完成
执行量子线路...
块级编译-执行流水线已启用，块数=16
量子线路执行完成
执行时间: 5.4782 ms
传输时延: 0.083282 ms
计算时延: 0.869263 ms
规划时延: 0.04507 ms
HDD节点管理器已清空
CVStatePool 已重置
CVStatePool 销毁完成
CUDA设备检查: device_count=2, error=no error
CVStatePool 初始化完成: 单个qumode截断维度=16, 初始总维度=256, 容量=128, 设备数=2
创建量子电路: 4 qubits, 2 qumodes, 截断维度=16, 执行GPU=1
构建量子线路...
异步CV流水线已禁用（环境变量或multi-GPU状态池）
量子线路构建完成
执行量子线路...
块级编译-执行流水线已启用，块数=16
量子线路执行完成
执行时间: 5.30957 ms
传输时延: 0.079792 ms
计算时延: 0.828228 ms
规划时延: 0.039798 ms
HDD节点管理器已清空
CVStatePool 已重置
CVStatePool 销毁完成
CUDA设备检查: device_count=2, error=no error
CVStatePool 初始化完成: 单个qumode截断维度=16, 初始总维度=256, 容量=128, 设备数=2
创建量子电路: 4 qubits, 2 qumodes, 截断维度=16, 执行GPU=1
构建量子线路...
异步CV流水线已禁用（环境变量或multi-GPU状态池）
量子线路构建完成
执行量子线路...
块级编译-执行流水线已启用，块数=16
量子线路执行完成
执行时间: 5.41989 ms
传输时延: 0.084363 ms
计算时延: 0.837761 ms
规划时延: 0.0455 ms
HDD节点管理器已清空
CVStatePool 已重置
CVStatePool 销毁完成
Wrote experiment report to "/root/sandboxes/HybridCVDV-Simulator/experiments/results/ablation/sc26_jch_nq4_nm2_c16__no_symbolic.json"
Results: ok=1, unsupported=0, error=0
[2026-04-07T16:15:15Z] DONE: sc26_jch_nq4_nm2_c16__no_symbolic  (0s)
[2026-04-07T16:15:15Z] START: sc26_jch_nq4_nm2_c16__force_dense_fock  flags=[--force-dense-fock]
[GPUContext] P2P: 0 links enabled (0 NVLink)
[GPUContext] Initialized with 2 device(s) (multi-GPU enabled)
[MultiGPU] Initialized 2 GPU(s) with P2P
╔══════════════════════════════════════════════════╗
║          GPU Context Summary                    ║
╠══════════════════════════════════════════════════╣
║ GPU 0: NVIDIA L20                               ║
║   Compute: SM 8.9  |  SMs: 92    |  Warp: 32   ║
║   Memory:  45467 MiB total / 42591 MiB free    ║
║   SharedMem/Block:    48 KB  /SM:   100 KB    ║
║ GPU 1: NVIDIA L20                               ║
║   Compute: SM 8.9  |  SMs: 92    |  Warp: 32   ║
║   Memory:  45467 MiB total / 45177 MiB free    ║
║   SharedMem/Block:    48 KB  /SM:   100 KB    ║
╠──────────────────────────────────────────────────╣
║ P2P Topology:                                    ║
╚══════════════════════════════════════════════════╝
CUDA设备检查: device_count=2, error=no error
CVStatePool 初始化完成: 单个qumode截断维度=16, 初始总维度=256, 容量=128, 设备数=2
创建量子电路: 4 qubits, 2 qumodes, 截断维度=16, 执行GPU=1
构建量子线路...
异步CV流水线已禁用（环境变量或multi-GPU状态池）
量子线路构建完成
执行量子线路...
块级编译-执行流水线已启用，块数=16
GaussianStatePool initialized: 2 qumodes, 4096 capacity (refcount-enabled).
量子线路执行完成
执行时间: 7.71281 ms
传输时延: 0.038482 ms
计算时延: 0.412276 ms
规划时延: 0.092505 ms
HDD节点管理器已清空
CVStatePool 已重置
CVStatePool 销毁完成
CUDA设备检查: device_count=2, error=no error
CVStatePool 初始化完成: 单个qumode截断维度=16, 初始总维度=256, 容量=128, 设备数=2
创建量子电路: 4 qubits, 2 qumodes, 截断维度=16, 执行GPU=1
构建量子线路...
异步CV流水线已禁用（环境变量或multi-GPU状态池）
量子线路构建完成
执行量子线路...
块级编译-执行流水线已启用，块数=16
GaussianStatePool initialized: 2 qumodes, 4096 capacity (refcount-enabled).
量子线路执行完成
执行时间: 6.3259 ms
传输时延: 0.039915 ms
计算时延: 0.30088 ms
规划时延: 0.039614 ms
HDD节点管理器已清空
CVStatePool 已重置
CVStatePool 销毁完成
CUDA设备检查: device_count=2, error=no error
CVStatePool 初始化完成: 单个qumode截断维度=16, 初始总维度=256, 容量=128, 设备数=2
创建量子电路: 4 qubits, 2 qumodes, 截断维度=16, 执行GPU=1
构建量子线路...
异步CV流水线已禁用（环境变量或multi-GPU状态池）
量子线路构建完成
执行量子线路...
块级编译-执行流水线已启用，块数=16
GaussianStatePool initialized: 2 qumodes, 4096 capacity (refcount-enabled).
量子线路执行完成
执行时间: 6.27401 ms
传输时延: 0.038833 ms
计算时延: 0.287134 ms
规划时延: 0.041038 ms
HDD节点管理器已清空
CVStatePool 已重置
CVStatePool 销毁完成
CUDA设备检查: device_count=2, error=no error
CVStatePool 初始化完成: 单个qumode截断维度=16, 初始总维度=256, 容量=128, 设备数=2
创建量子电路: 4 qubits, 2 qumodes, 截断维度=16, 执行GPU=1
构建量子线路...
异步CV流水线已禁用（环境变量或multi-GPU状态池）
量子线路构建完成
执行量子线路...
块级编译-执行流水线已启用，块数=16
GaussianStatePool initialized: 2 qumodes, 4096 capacity (refcount-enabled).
量子线路执行完成
执行时间: 6.30948 ms
传输时延: 0.038808 ms
计算时延: 0.278076 ms
规划时延: 0.041046 ms
HDD节点管理器已清空
CVStatePool 已重置
CVStatePool 销毁完成
Wrote experiment report to "/root/sandboxes/HybridCVDV-Simulator/experiments/results/ablation/sc26_jch_nq4_nm2_c16__force_dense_fock.json"
Results: ok=1, unsupported=0, error=0
[2026-04-07T16:15:16Z] DONE: sc26_jch_nq4_nm2_c16__force_dense_fock  (1s)
[2026-04-07T16:15:16Z] START: sc26_jch_nq4_nm3_c16__full  flags=[]
[GPUContext] P2P: 0 links enabled (0 NVLink)
[GPUContext] Initialized with 2 device(s) (multi-GPU enabled)
[MultiGPU] Initialized 2 GPU(s) with P2P
╔══════════════════════════════════════════════════╗
║          GPU Context Summary                    ║
╠══════════════════════════════════════════════════╣
║ GPU 0: NVIDIA L20                               ║
║   Compute: SM 8.9  |  SMs: 92    |  Warp: 32   ║
║   Memory:  45467 MiB total / 42591 MiB free    ║
║   SharedMem/Block:    48 KB  /SM:   100 KB    ║
║ GPU 1: NVIDIA L20                               ║
║   Compute: SM 8.9  |  SMs: 92    |  Warp: 32   ║
║   Memory:  45467 MiB total / 45177 MiB free    ║
║   SharedMem/Block:    48 KB  /SM:   100 KB    ║
╠──────────────────────────────────────────────────╣
║ P2P Topology:                                    ║
╚══════════════════════════════════════════════════╝
CUDA设备检查: device_count=2, error=no error
CVStatePool 初始化完成: 单个qumode截断维度=16, 初始总维度=4096, 容量=128, 设备数=2
创建量子电路: 4 qubits, 3 qumodes, 截断维度=16, 执行GPU=1
构建量子线路...
异步CV流水线已禁用（环境变量或multi-GPU状态池）
量子线路构建完成
执行量子线路...
块级编译-执行流水线已启用，块数=16
GaussianStatePool initialized: 3 qumodes, 4096 capacity (refcount-enabled).
量子线路执行完成
执行时间: 13.6303 ms
传输时延: 0.038307 ms
计算时延: 0.596588 ms
规划时延: 0.090395 ms
HDD节点管理器已清空
CVStatePool 已重置
CVStatePool 销毁完成
CUDA设备检查: device_count=2, error=no error
CVStatePool 初始化完成: 单个qumode截断维度=16, 初始总维度=4096, 容量=128, 设备数=2
创建量子电路: 4 qubits, 3 qumodes, 截断维度=16, 执行GPU=1
构建量子线路...
异步CV流水线已禁用（环境变量或multi-GPU状态池）
量子线路构建完成
执行量子线路...
块级编译-执行流水线已启用，块数=16
GaussianStatePool initialized: 3 qumodes, 4096 capacity (refcount-enabled).
量子线路执行完成
执行时间: 12.0672 ms
传输时延: 0.03842 ms
计算时延: 0.4924 ms
规划时延: 0.048863 ms
HDD节点管理器已清空
CVStatePool 已重置
CVStatePool 销毁完成
CUDA设备检查: device_count=2, error=no error
CVStatePool 初始化完成: 单个qumode截断维度=16, 初始总维度=4096, 容量=128, 设备数=2
创建量子电路: 4 qubits, 3 qumodes, 截断维度=16, 执行GPU=1
构建量子线路...
异步CV流水线已禁用（环境变量或multi-GPU状态池）
量子线路构建完成
执行量子线路...
块级编译-执行流水线已启用，块数=16
GaussianStatePool initialized: 3 qumodes, 4096 capacity (refcount-enabled).
量子线路执行完成
执行时间: 12.1636 ms
传输时延: 0.03839 ms
计算时延: 0.481816 ms
规划时延: 0.048153 ms
HDD节点管理器已清空
CVStatePool 已重置
CVStatePool 销毁完成
CUDA设备检查: device_count=2, error=no error
CVStatePool 初始化完成: 单个qumode截断维度=16, 初始总维度=4096, 容量=128, 设备数=2
创建量子电路: 4 qubits, 3 qumodes, 截断维度=16, 执行GPU=1
构建量子线路...
异步CV流水线已禁用（环境变量或multi-GPU状态池）
量子线路构建完成
执行量子线路...
块级编译-执行流水线已启用，块数=16
GaussianStatePool initialized: 3 qumodes, 4096 capacity (refcount-enabled).
量子线路执行完成
执行时间: 12.1823 ms
传输时延: 0.043234 ms
计算时延: 0.47444 ms
规划时延: 0.052074 ms
HDD节点管理器已清空
CVStatePool 已重置
CVStatePool 销毁完成
Wrote experiment report to "/root/sandboxes/HybridCVDV-Simulator/experiments/results/ablation/sc26_jch_nq4_nm3_c16__full.json"
Results: ok=1, unsupported=0, error=0
[2026-04-07T16:15:16Z] DONE: sc26_jch_nq4_nm3_c16__full  (0s)
[2026-04-07T16:15:16Z] START: sc26_jch_nq4_nm3_c16__no_symbolic  flags=[--disable-gaussian-symbolic]
[GPUContext] P2P: 0 links enabled (0 NVLink)
[GPUContext] Initialized with 2 device(s) (multi-GPU enabled)
[MultiGPU] Initialized 2 GPU(s) with P2P
╔══════════════════════════════════════════════════╗
║          GPU Context Summary                    ║
╠══════════════════════════════════════════════════╣
║ GPU 0: NVIDIA L20                               ║
║   Compute: SM 8.9  |  SMs: 92    |  Warp: 32   ║
║   Memory:  45467 MiB total / 42591 MiB free    ║
║   SharedMem/Block:    48 KB  /SM:   100 KB    ║
║ GPU 1: NVIDIA L20                               ║
║   Compute: SM 8.9  |  SMs: 92    |  Warp: 32   ║
║   Memory:  45467 MiB total / 45177 MiB free    ║
║   SharedMem/Block:    48 KB  /SM:   100 KB    ║
╠──────────────────────────────────────────────────╣
║ P2P Topology:                                    ║
╚══════════════════════════════════════════════════╝
CUDA设备检查: device_count=2, error=no error
CVStatePool 初始化完成: 单个qumode截断维度=16, 初始总维度=4096, 容量=128, 设备数=2
创建量子电路: 4 qubits, 3 qumodes, 截断维度=16, 执行GPU=1
构建量子线路...
异步CV流水线已禁用（环境变量或multi-GPU状态池）
量子线路构建完成
执行量子线路...
块级编译-执行流水线已启用，块数=16
量子线路执行完成
执行时间: 16.3844 ms
传输时延: 0.097355 ms
计算时延: 3.85935 ms
规划时延: 0.096433 ms
HDD节点管理器已清空
CVStatePool 已重置
CVStatePool 销毁完成
CUDA设备检查: device_count=2, error=no error
CVStatePool 初始化完成: 单个qumode截断维度=16, 初始总维度=4096, 容量=128, 设备数=2
创建量子电路: 4 qubits, 3 qumodes, 截断维度=16, 执行GPU=1
构建量子线路...
异步CV流水线已禁用（环境变量或multi-GPU状态池）
量子线路构建完成
执行量子线路...
块级编译-执行流水线已启用，块数=16
量子线路执行完成
执行时间: 15.0556 ms
传输时延: 0.082864 ms
计算时延: 2.98885 ms
规划时延: 0.048949 ms
HDD节点管理器已清空
CVStatePool 已重置
CVStatePool 销毁完成
CUDA设备检查: device_count=2, error=no error
CVStatePool 初始化完成: 单个qumode截断维度=16, 初始总维度=4096, 容量=128, 设备数=2
创建量子电路: 4 qubits, 3 qumodes, 截断维度=16, 执行GPU=1
构建量子线路...
异步CV流水线已禁用（环境变量或multi-GPU状态池）
量子线路构建完成
执行量子线路...
块级编译-执行流水线已启用，块数=16
量子线路执行完成
执行时间: 14.8975 ms
传输时延: 0.083514 ms
计算时延: 2.96156 ms
规划时延: 0.046202 ms
HDD节点管理器已清空
CVStatePool 已重置
CVStatePool 销毁完成
CUDA设备检查: device_count=2, error=no error
CVStatePool 初始化完成: 单个qumode截断维度=16, 初始总维度=4096, 容量=128, 设备数=2
创建量子电路: 4 qubits, 3 qumodes, 截断维度=16, 执行GPU=1
构建量子线路...
异步CV流水线已禁用（环境变量或multi-GPU状态池）
量子线路构建完成
执行量子线路...
块级编译-执行流水线已启用，块数=16
量子线路执行完成
执行时间: 15.1069 ms
传输时延: 0.084628 ms
计算时延: 3.0582 ms
规划时延: 0.042856 ms
HDD节点管理器已清空
CVStatePool 已重置
CVStatePool 销毁完成
Wrote experiment report to "/root/sandboxes/HybridCVDV-Simulator/experiments/results/ablation/sc26_jch_nq4_nm3_c16__no_symbolic.json"
Results: ok=1, unsupported=0, error=0
[2026-04-07T16:15:16Z] DONE: sc26_jch_nq4_nm3_c16__no_symbolic  (0s)
[2026-04-07T16:15:16Z] START: sc26_jch_nq4_nm3_c16__force_dense_fock  flags=[--force-dense-fock]
[GPUContext] P2P: 0 links enabled (0 NVLink)
[GPUContext] Initialized with 2 device(s) (multi-GPU enabled)
[MultiGPU] Initialized 2 GPU(s) with P2P
╔══════════════════════════════════════════════════╗
║          GPU Context Summary                    ║
╠══════════════════════════════════════════════════╣
║ GPU 0: NVIDIA L20                               ║
║   Compute: SM 8.9  |  SMs: 92    |  Warp: 32   ║
║   Memory:  45467 MiB total / 42591 MiB free    ║
║   SharedMem/Block:    48 KB  /SM:   100 KB    ║
║ GPU 1: NVIDIA L20                               ║
║   Compute: SM 8.9  |  SMs: 92    |  Warp: 32   ║
║   Memory:  45467 MiB total / 45177 MiB free    ║
║   SharedMem/Block:    48 KB  /SM:   100 KB    ║
╠──────────────────────────────────────────────────╣
║ P2P Topology:                                    ║
╚══════════════════════════════════════════════════╝
CUDA设备检查: device_count=2, error=no error
CVStatePool 初始化完成: 单个qumode截断维度=16, 初始总维度=4096, 容量=128, 设备数=2
创建量子电路: 4 qubits, 3 qumodes, 截断维度=16, 执行GPU=1
构建量子线路...
异步CV流水线已禁用（环境变量或multi-GPU状态池）
量子线路构建完成
执行量子线路...
块级编译-执行流水线已启用，块数=16
GaussianStatePool initialized: 3 qumodes, 4096 capacity (refcount-enabled).
量子线路执行完成
执行时间: 13.5931 ms
传输时延: 0.042552 ms
计算时延: 0.622955 ms
规划时延: 0.101287 ms
HDD节点管理器已清空
CVStatePool 已重置
CVStatePool 销毁完成
CUDA设备检查: device_count=2, error=no error
CVStatePool 初始化完成: 单个qumode截断维度=16, 初始总维度=4096, 容量=128, 设备数=2
创建量子电路: 4 qubits, 3 qumodes, 截断维度=16, 执行GPU=1
构建量子线路...
异步CV流水线已禁用（环境变量或multi-GPU状态池）
量子线路构建完成
执行量子线路...
块级编译-执行流水线已启用，块数=16
GaussianStatePool initialized: 3 qumodes, 4096 capacity (refcount-enabled).
量子线路执行完成
执行时间: 12.0426 ms
传输时延: 0.038299 ms
计算时延: 0.476168 ms
规划时延: 0.058305 ms
HDD节点管理器已清空
CVStatePool 已重置
CVStatePool 销毁完成
CUDA设备检查: device_count=2, error=no error
CVStatePool 初始化完成: 单个qumode截断维度=16, 初始总维度=4096, 容量=128, 设备数=2
创建量子电路: 4 qubits, 3 qumodes, 截断维度=16, 执行GPU=1
构建量子线路...
异步CV流水线已禁用（环境变量或multi-GPU状态池）
量子线路构建完成
执行量子线路...
块级编译-执行流水线已启用，块数=16
GaussianStatePool initialized: 3 qumodes, 4096 capacity (refcount-enabled).
量子线路执行完成
执行时间: 12.0119 ms
传输时延: 0.038501 ms
计算时延: 0.470918 ms
规划时延: 0.047009 ms
HDD节点管理器已清空
CVStatePool 已重置
CVStatePool 销毁完成
CUDA设备检查: device_count=2, error=no error
CVStatePool 初始化完成: 单个qumode截断维度=16, 初始总维度=4096, 容量=128, 设备数=2
创建量子电路: 4 qubits, 3 qumodes, 截断维度=16, 执行GPU=1
构建量子线路...
异步CV流水线已禁用（环境变量或multi-GPU状态池）
量子线路构建完成
执行量子线路...
块级编译-执行流水线已启用，块数=16
GaussianStatePool initialized: 3 qumodes, 4096 capacity (refcount-enabled).
量子线路执行完成
执行时间: 12.0624 ms
传输时延: 0.038864 ms
计算时延: 0.497552 ms
规划时延: 0.053825 ms
HDD节点管理器已清空
CVStatePool 已重置
CVStatePool 销毁完成
Wrote experiment report to "/root/sandboxes/HybridCVDV-Simulator/experiments/results/ablation/sc26_jch_nq4_nm3_c16__force_dense_fock.json"
Results: ok=1, unsupported=0, error=0
[2026-04-07T16:15:17Z] DONE: sc26_jch_nq4_nm3_c16__force_dense_fock  (1s)
[2026-04-07T16:15:17Z] START: sc26_jch_nq4_nm4_c16__full  flags=[]
[GPUContext] P2P: 0 links enabled (0 NVLink)
[GPUContext] Initialized with 2 device(s) (multi-GPU enabled)
[MultiGPU] Initialized 2 GPU(s) with P2P
╔══════════════════════════════════════════════════╗
║          GPU Context Summary                    ║
╠══════════════════════════════════════════════════╣
║ GPU 0: NVIDIA L20                               ║
║   Compute: SM 8.9  |  SMs: 92    |  Warp: 32   ║
║   Memory:  45467 MiB total / 42591 MiB free    ║
║   SharedMem/Block:    48 KB  /SM:   100 KB    ║
║ GPU 1: NVIDIA L20                               ║
║   Compute: SM 8.9  |  SMs: 92    |  Warp: 32   ║
║   Memory:  45467 MiB total / 45177 MiB free    ║
║   SharedMem/Block:    48 KB  /SM:   100 KB    ║
╠──────────────────────────────────────────────────╣
║ P2P Topology:                                    ║
╚══════════════════════════════════════════════════╝
CUDA设备检查: device_count=2, error=no error
CVStatePool 初始化完成: 单个qumode截断维度=16, 初始总维度=65536, 容量=128, 设备数=2
创建量子电路: 4 qubits, 4 qumodes, 截断维度=16, 执行GPU=1
构建量子线路...
异步CV流水线已禁用（环境变量或multi-GPU状态池）
量子线路构建完成
执行量子线路...
块级编译-执行流水线已启用，块数=16
GaussianStatePool initialized: 4 qumodes, 4096 capacity (refcount-enabled).
量子线路执行完成
执行时间: 21.9696 ms
传输时延: 0.04193 ms
计算时延: 1.78813 ms
规划时延: 0.108622 ms
HDD节点管理器已清空
CVStatePool 已重置
CVStatePool 销毁完成
CUDA设备检查: device_count=2, error=no error
CVStatePool 初始化完成: 单个qumode截断维度=16, 初始总维度=65536, 容量=128, 设备数=2
创建量子电路: 4 qubits, 4 qumodes, 截断维度=16, 执行GPU=1
构建量子线路...
异步CV流水线已禁用（环境变量或multi-GPU状态池）
量子线路构建完成
执行量子线路...
块级编译-执行流水线已启用，块数=16
GaussianStatePool initialized: 4 qumodes, 4096 capacity (refcount-enabled).
量子线路执行完成
执行时间: 20.4158 ms
传输时延: 0.039062 ms
计算时延: 1.51342 ms
规划时延: 0.059812 ms
HDD节点管理器已清空
CVStatePool 已重置
CVStatePool 销毁完成
CUDA设备检查: device_count=2, error=no error
CVStatePool 初始化完成: 单个qumode截断维度=16, 初始总维度=65536, 容量=128, 设备数=2
创建量子电路: 4 qubits, 4 qumodes, 截断维度=16, 执行GPU=1
构建量子线路...
异步CV流水线已禁用（环境变量或multi-GPU状态池）
量子线路构建完成
执行量子线路...
块级编译-执行流水线已启用，块数=16
GaussianStatePool initialized: 4 qumodes, 4096 capacity (refcount-enabled).
量子线路执行完成
执行时间: 20.4289 ms
传输时延: 0.039379 ms
计算时延: 1.49604 ms
规划时延: 0.065501 ms
HDD节点管理器已清空
CVStatePool 已重置
CVStatePool 销毁完成
CUDA设备检查: device_count=2, error=no error
CVStatePool 初始化完成: 单个qumode截断维度=16, 初始总维度=65536, 容量=128, 设备数=2
创建量子电路: 4 qubits, 4 qumodes, 截断维度=16, 执行GPU=1
构建量子线路...
异步CV流水线已禁用（环境变量或multi-GPU状态池）
量子线路构建完成
执行量子线路...
块级编译-执行流水线已启用，块数=16
GaussianStatePool initialized: 4 qumodes, 4096 capacity (refcount-enabled).
量子线路执行完成
执行时间: 20.2825 ms
传输时延: 0.038747 ms
计算时延: 1.49797 ms
规划时延: 0.069318 ms
HDD节点管理器已清空
CVStatePool 已重置
CVStatePool 销毁完成
Wrote experiment report to "/root/sandboxes/HybridCVDV-Simulator/experiments/results/ablation/sc26_jch_nq4_nm4_c16__full.json"
Results: ok=1, unsupported=0, error=0
[2026-04-07T16:15:17Z] DONE: sc26_jch_nq4_nm4_c16__full  (0s)
[2026-04-07T16:15:17Z] START: sc26_jch_nq4_nm4_c16__no_symbolic  flags=[--disable-gaussian-symbolic]
[GPUContext] P2P: 0 links enabled (0 NVLink)
[GPUContext] Initialized with 2 device(s) (multi-GPU enabled)
[MultiGPU] Initialized 2 GPU(s) with P2P
╔══════════════════════════════════════════════════╗
║          GPU Context Summary                    ║
╠══════════════════════════════════════════════════╣
║ GPU 0: NVIDIA L20                               ║
║   Compute: SM 8.9  |  SMs: 92    |  Warp: 32   ║
║   Memory:  45467 MiB total / 42591 MiB free    ║
║   SharedMem/Block:    48 KB  /SM:   100 KB    ║
║ GPU 1: NVIDIA L20                               ║
║   Compute: SM 8.9  |  SMs: 92    |  Warp: 32   ║
║   Memory:  45467 MiB total / 45177 MiB free    ║
║   SharedMem/Block:    48 KB  /SM:   100 KB    ║
╠──────────────────────────────────────────────────╣
║ P2P Topology:                                    ║
╚══════════════════════════════════════════════════╝
CUDA设备检查: device_count=2, error=no error
CVStatePool 初始化完成: 单个qumode截断维度=16, 初始总维度=65536, 容量=128, 设备数=2
创建量子电路: 4 qubits, 4 qumodes, 截断维度=16, 执行GPU=1
构建量子线路...
异步CV流水线已禁用（环境变量或multi-GPU状态池）
量子线路构建完成
执行量子线路...
块级编译-执行流水线已启用，块数=16
量子线路执行完成
执行时间: 29.68 ms
传输时延: 0.086795 ms
计算时延: 9.86384 ms
规划时延: 0.100276 ms
HDD节点管理器已清空
CVStatePool 已重置
CVStatePool 销毁完成
CUDA设备检查: device_count=2, error=no error
CVStatePool 初始化完成: 单个qumode截断维度=16, 初始总维度=65536, 容量=128, 设备数=2
创建量子电路: 4 qubits, 4 qumodes, 截断维度=16, 执行GPU=1
构建量子线路...
异步CV流水线已禁用（环境变量或multi-GPU状态池）
量子线路构建完成
执行量子线路...
块级编译-执行流水线已启用，块数=16
量子线路执行完成
执行时间: 28.3241 ms
传输时延: 0.085128 ms
计算时延: 8.98367 ms
规划时延: 0.065676 ms
HDD节点管理器已清空
CVStatePool 已重置
CVStatePool 销毁完成
CUDA设备检查: device_count=2, error=no error
CVStatePool 初始化完成: 单个qumode截断维度=16, 初始总维度=65536, 容量=128, 设备数=2
创建量子电路: 4 qubits, 4 qumodes, 截断维度=16, 执行GPU=1
构建量子线路...
异步CV流水线已禁用（环境变量或multi-GPU状态池）
量子线路构建完成
执行量子线路...
块级编译-执行流水线已启用，块数=16
量子线路执行完成
执行时间: 28.2667 ms
传输时延: 0.083947 ms
计算时延: 9.03101 ms
规划时延: 0.061106 ms
HDD节点管理器已清空
CVStatePool 已重置
CVStatePool 销毁完成
CUDA设备检查: device_count=2, error=no error
CVStatePool 初始化完成: 单个qumode截断维度=16, 初始总维度=65536, 容量=128, 设备数=2
创建量子电路: 4 qubits, 4 qumodes, 截断维度=16, 执行GPU=1
构建量子线路...
异步CV流水线已禁用（环境变量或multi-GPU状态池）
量子线路构建完成
执行量子线路...
块级编译-执行流水线已启用，块数=16
量子线路执行完成
执行时间: 28.2784 ms
传输时延: 0.08447 ms
计算时延: 8.99816 ms
规划时延: 0.066729 ms
HDD节点管理器已清空
CVStatePool 已重置
CVStatePool 销毁完成
Wrote experiment report to "/root/sandboxes/HybridCVDV-Simulator/experiments/results/ablation/sc26_jch_nq4_nm4_c16__no_symbolic.json"
Results: ok=1, unsupported=0, error=0
[2026-04-07T16:15:18Z] DONE: sc26_jch_nq4_nm4_c16__no_symbolic  (1s)
[2026-04-07T16:15:18Z] START: sc26_jch_nq4_nm4_c16__force_dense_fock  flags=[--force-dense-fock]
[GPUContext] P2P: 0 links enabled (0 NVLink)
[GPUContext] Initialized with 2 device(s) (multi-GPU enabled)
[MultiGPU] Initialized 2 GPU(s) with P2P
╔══════════════════════════════════════════════════╗
║          GPU Context Summary                    ║
╠══════════════════════════════════════════════════╣
║ GPU 0: NVIDIA L20                               ║
║   Compute: SM 8.9  |  SMs: 92    |  Warp: 32   ║
║   Memory:  45467 MiB total / 42591 MiB free    ║
║   SharedMem/Block:    48 KB  /SM:   100 KB    ║
║ GPU 1: NVIDIA L20                               ║
║   Compute: SM 8.9  |  SMs: 92    |  Warp: 32   ║
║   Memory:  45467 MiB total / 45177 MiB free    ║
║   SharedMem/Block:    48 KB  /SM:   100 KB    ║
╠──────────────────────────────────────────────────╣
║ P2P Topology:                                    ║
╚══════════════════════════════════════════════════╝
CUDA设备检查: device_count=2, error=no error
CVStatePool 初始化完成: 单个qumode截断维度=16, 初始总维度=65536, 容量=128, 设备数=2
创建量子电路: 4 qubits, 4 qumodes, 截断维度=16, 执行GPU=1
构建量子线路...
异步CV流水线已禁用（环境变量或multi-GPU状态池）
量子线路构建完成
执行量子线路...
块级编译-执行流水线已启用，块数=16
GaussianStatePool initialized: 4 qumodes, 4096 capacity (refcount-enabled).
量子线路执行完成
执行时间: 21.8978 ms
传输时延: 0.038898 ms
计算时延: 1.74456 ms
规划时延: 0.102083 ms
HDD节点管理器已清空
CVStatePool 已重置
CVStatePool 销毁完成
CUDA设备检查: device_count=2, error=no error
CVStatePool 初始化完成: 单个qumode截断维度=16, 初始总维度=65536, 容量=128, 设备数=2
创建量子电路: 4 qubits, 4 qumodes, 截断维度=16, 执行GPU=1
构建量子线路...
异步CV流水线已禁用（环境变量或multi-GPU状态池）
量子线路构建完成
执行量子线路...
块级编译-执行流水线已启用，块数=16
GaussianStatePool initialized: 4 qumodes, 4096 capacity (refcount-enabled).
量子线路执行完成
执行时间: 20.2301 ms
传输时延: 0.039243 ms
计算时延: 1.49917 ms
规划时延: 0.060075 ms
HDD节点管理器已清空
CVStatePool 已重置
CVStatePool 销毁完成
CUDA设备检查: device_count=2, error=no error
CVStatePool 初始化完成: 单个qumode截断维度=16, 初始总维度=65536, 容量=128, 设备数=2
创建量子电路: 4 qubits, 4 qumodes, 截断维度=16, 执行GPU=1
构建量子线路...
异步CV流水线已禁用（环境变量或multi-GPU状态池）
量子线路构建完成
执行量子线路...
块级编译-执行流水线已启用，块数=16
GaussianStatePool initialized: 4 qumodes, 4096 capacity (refcount-enabled).
量子线路执行完成
执行时间: 20.2821 ms
传输时延: 0.039593 ms
计算时延: 1.46258 ms
规划时延: 0.057177 ms
HDD节点管理器已清空
CVStatePool 已重置
CVStatePool 销毁完成
CUDA设备检查: device_count=2, error=no error
CVStatePool 初始化完成: 单个qumode截断维度=16, 初始总维度=65536, 容量=128, 设备数=2
创建量子电路: 4 qubits, 4 qumodes, 截断维度=16, 执行GPU=1
构建量子线路...
异步CV流水线已禁用（环境变量或multi-GPU状态池）
量子线路构建完成
执行量子线路...
块级编译-执行流水线已启用，块数=16
GaussianStatePool initialized: 4 qumodes, 4096 capacity (refcount-enabled).
量子线路执行完成
执行时间: 20.2452 ms
传输时延: 0.038935 ms
计算时延: 1.45608 ms
规划时延: 0.058271 ms
HDD节点管理器已清空
CVStatePool 已重置
CVStatePool 销毁完成
Wrote experiment report to "/root/sandboxes/HybridCVDV-Simulator/experiments/results/ablation/sc26_jch_nq4_nm4_c16__force_dense_fock.json"
Results: ok=1, unsupported=0, error=0
[2026-04-07T16:15:18Z] DONE: sc26_jch_nq4_nm4_c16__force_dense_fock  (0s)
[2026-04-07T16:15:18Z] START: sc26_jch_nq4_nm5_c16__full  flags=[]
[GPUContext] P2P: 0 links enabled (0 NVLink)
[GPUContext] Initialized with 2 device(s) (multi-GPU enabled)
[MultiGPU] Initialized 2 GPU(s) with P2P
╔══════════════════════════════════════════════════╗
║          GPU Context Summary                    ║
╠══════════════════════════════════════════════════╣
║ GPU 0: NVIDIA L20                               ║
║   Compute: SM 8.9  |  SMs: 92    |  Warp: 32   ║
║   Memory:  45467 MiB total / 42591 MiB free    ║
║   SharedMem/Block:    48 KB  /SM:   100 KB    ║
║ GPU 1: NVIDIA L20                               ║
║   Compute: SM 8.9  |  SMs: 92    |  Warp: 32   ║
║   Memory:  45467 MiB total / 45177 MiB free    ║
║   SharedMem/Block:    48 KB  /SM:   100 KB    ║
╠──────────────────────────────────────────────────╣
║ P2P Topology:                                    ║
╚══════════════════════════════════════════════════╝
CUDA设备检查: device_count=2, error=no error
CVStatePool 初始化完成: 单个qumode截断维度=16, 初始总维度=1048576, 容量=128, 设备数=2
创建量子电路: 4 qubits, 5 qumodes, 截断维度=16, 执行GPU=1
构建量子线路...
异步CV流水线已禁用（环境变量或multi-GPU状态池）
量子线路构建完成
执行量子线路...
块级编译-执行流水线已启用，块数=16
GaussianStatePool initialized: 5 qumodes, 4096 capacity (refcount-enabled).
量子线路执行完成
执行时间: 75.4198 ms
传输时延: 0.03978 ms
计算时延: 2.00302 ms
规划时延: 0.116481 ms
HDD节点管理器已清空
CVStatePool 已重置
CVStatePool 销毁完成
CUDA设备检查: device_count=2, error=no error
CVStatePool 初始化完成: 单个qumode截断维度=16, 初始总维度=1048576, 容量=128, 设备数=2
创建量子电路: 4 qubits, 5 qumodes, 截断维度=16, 执行GPU=1
构建量子线路...
异步CV流水线已禁用（环境变量或multi-GPU状态池）
量子线路构建完成
执行量子线路...
块级编译-执行流水线已启用，块数=16
GaussianStatePool initialized: 5 qumodes, 4096 capacity (refcount-enabled).
量子线路执行完成
执行时间: 73.8769 ms
传输时延: 0.042583 ms
计算时延: 1.85784 ms
规划时延: 0.092009 ms
HDD节点管理器已清空
CVStatePool 已重置
CVStatePool 销毁完成
CUDA设备检查: device_count=2, error=no error
CVStatePool 初始化完成: 单个qumode截断维度=16, 初始总维度=1048576, 容量=128, 设备数=2
创建量子电路: 4 qubits, 5 qumodes, 截断维度=16, 执行GPU=1
构建量子线路...
异步CV流水线已禁用（环境变量或multi-GPU状态池）
量子线路构建完成
执行量子线路...
块级编译-执行流水线已启用，块数=16
GaussianStatePool initialized: 5 qumodes, 4096 capacity (refcount-enabled).
量子线路执行完成
执行时间: 73.7799 ms
传输时延: 0.041054 ms
计算时延: 1.83586 ms
规划时延: 0.085093 ms
HDD节点管理器已清空
CVStatePool 已重置
CVStatePool 销毁完成
CUDA设备检查: device_count=2, error=no error
CVStatePool 初始化完成: 单个qumode截断维度=16, 初始总维度=1048576, 容量=128, 设备数=2
创建量子电路: 4 qubits, 5 qumodes, 截断维度=16, 执行GPU=1
构建量子线路...
异步CV流水线已禁用（环境变量或multi-GPU状态池）
量子线路构建完成
执行量子线路...
块级编译-执行流水线已启用，块数=16
GaussianStatePool initialized: 5 qumodes, 4096 capacity (refcount-enabled).
量子线路执行完成
执行时间: 73.7844 ms
传输时延: 0.04079 ms
计算时延: 1.8718 ms
规划时延: 0.073429 ms
HDD节点管理器已清空
CVStatePool 已重置
CVStatePool 销毁完成
Wrote experiment report to "/root/sandboxes/HybridCVDV-Simulator/experiments/results/ablation/sc26_jch_nq4_nm5_c16__full.json"
Results: ok=1, unsupported=0, error=0
[2026-04-07T16:15:19Z] DONE: sc26_jch_nq4_nm5_c16__full  (1s)
[2026-04-07T16:15:19Z] START: sc26_jch_nq4_nm5_c16__no_symbolic  flags=[--disable-gaussian-symbolic]
[GPUContext] P2P: 0 links enabled (0 NVLink)
[GPUContext] Initialized with 2 device(s) (multi-GPU enabled)
[MultiGPU] Initialized 2 GPU(s) with P2P
╔══════════════════════════════════════════════════╗
║          GPU Context Summary                    ║
╠══════════════════════════════════════════════════╣
║ GPU 0: NVIDIA L20                               ║
║   Compute: SM 8.9  |  SMs: 92    |  Warp: 32   ║
║   Memory:  45467 MiB total / 42591 MiB free    ║
║   SharedMem/Block:    48 KB  /SM:   100 KB    ║
║ GPU 1: NVIDIA L20                               ║
║   Compute: SM 8.9  |  SMs: 92    |  Warp: 32   ║
║   Memory:  45467 MiB total / 45177 MiB free    ║
║   SharedMem/Block:    48 KB  /SM:   100 KB    ║
╠──────────────────────────────────────────────────╣
║ P2P Topology:                                    ║
╚══════════════════════════════════════════════════╝
CUDA设备检查: device_count=2, error=no error
CVStatePool 初始化完成: 单个qumode截断维度=16, 初始总维度=1048576, 容量=128, 设备数=2
创建量子电路: 4 qubits, 5 qumodes, 截断维度=16, 执行GPU=1
构建量子线路...
异步CV流水线已禁用（环境变量或multi-GPU状态池）
量子线路构建完成
执行量子线路...
块级编译-执行流水线已启用，块数=16
量子线路执行完成
执行时间: 174.412 ms
传输时延: 0.10062 ms
计算时延: 94.3559 ms
规划时延: 0.12607 ms
HDD节点管理器已清空
CVStatePool 已重置
CVStatePool 销毁完成
CUDA设备检查: device_count=2, error=no error
CVStatePool 初始化完成: 单个qumode截断维度=16, 初始总维度=1048576, 容量=128, 设备数=2
创建量子电路: 4 qubits, 5 qumodes, 截断维度=16, 执行GPU=1
构建量子线路...
异步CV流水线已禁用（环境变量或multi-GPU状态池）
量子线路构建完成
执行量子线路...
块级编译-执行流水线已启用，块数=16
量子线路执行完成
执行时间: 174.172 ms
传输时延: 0.095441 ms
计算时延: 93.2003 ms
规划时延: 0.102147 ms
HDD节点管理器已清空
CVStatePool 已重置
CVStatePool 销毁完成
CUDA设备检查: device_count=2, error=no error
CVStatePool 初始化完成: 单个qumode截断维度=16, 初始总维度=1048576, 容量=128, 设备数=2
创建量子电路: 4 qubits, 5 qumodes, 截断维度=16, 执行GPU=1
构建量子线路...
异步CV流水线已禁用（环境变量或multi-GPU状态池）
量子线路构建完成
执行量子线路...
块级编译-执行流水线已启用，块数=16
量子线路执行完成
执行时间: 174.4 ms
传输时延: 0.098202 ms
计算时延: 93.2907 ms
规划时延: 0.100043 ms
HDD节点管理器已清空
CVStatePool 已重置
CVStatePool 销毁完成
CUDA设备检查: device_count=2, error=no error
CVStatePool 初始化完成: 单个qumode截断维度=16, 初始总维度=1048576, 容量=128, 设备数=2
创建量子电路: 4 qubits, 5 qumodes, 截断维度=16, 执行GPU=1
构建量子线路...
异步CV流水线已禁用（环境变量或multi-GPU状态池）
量子线路构建完成
执行量子线路...
块级编译-执行流水线已启用，块数=16
量子线路执行完成
执行时间: 174.262 ms
传输时延: 0.095548 ms
计算时延: 93.2905 ms
规划时延: 0.098957 ms
HDD节点管理器已清空
CVStatePool 已重置
CVStatePool 销毁完成
Wrote experiment report to "/root/sandboxes/HybridCVDV-Simulator/experiments/results/ablation/sc26_jch_nq4_nm5_c16__no_symbolic.json"
Results: ok=1, unsupported=0, error=0
[2026-04-07T16:15:20Z] DONE: sc26_jch_nq4_nm5_c16__no_symbolic  (1s)
[2026-04-07T16:15:20Z] START: sc26_jch_nq4_nm5_c16__force_dense_fock  flags=[--force-dense-fock]
[GPUContext] P2P: 0 links enabled (0 NVLink)
[GPUContext] Initialized with 2 device(s) (multi-GPU enabled)
[MultiGPU] Initialized 2 GPU(s) with P2P
╔══════════════════════════════════════════════════╗
║          GPU Context Summary                    ║
╠══════════════════════════════════════════════════╣
║ GPU 0: NVIDIA L20                               ║
║   Compute: SM 8.9  |  SMs: 92    |  Warp: 32   ║
║   Memory:  45467 MiB total / 42591 MiB free    ║
║   SharedMem/Block:    48 KB  /SM:   100 KB    ║
║ GPU 1: NVIDIA L20                               ║
║   Compute: SM 8.9  |  SMs: 92    |  Warp: 32   ║
║   Memory:  45467 MiB total / 45177 MiB free    ║
║   SharedMem/Block:    48 KB  /SM:   100 KB    ║
╠──────────────────────────────────────────────────╣
║ P2P Topology:                                    ║
╚══════════════════════════════════════════════════╝
CUDA设备检查: device_count=2, error=no error
CVStatePool 初始化完成: 单个qumode截断维度=16, 初始总维度=1048576, 容量=128, 设备数=2
创建量子电路: 4 qubits, 5 qumodes, 截断维度=16, 执行GPU=1
构建量子线路...
异步CV流水线已禁用（环境变量或multi-GPU状态池）
量子线路构建完成
执行量子线路...
块级编译-执行流水线已启用，块数=16
GaussianStatePool initialized: 5 qumodes, 4096 capacity (refcount-enabled).
量子线路执行完成
执行时间: 75.2038 ms
传输时延: 0.040404 ms
计算时延: 2.03679 ms
规划时延: 0.109102 ms
HDD节点管理器已清空
CVStatePool 已重置
CVStatePool 销毁完成
CUDA设备检查: device_count=2, error=no error
CVStatePool 初始化完成: 单个qumode截断维度=16, 初始总维度=1048576, 容量=128, 设备数=2
创建量子电路: 4 qubits, 5 qumodes, 截断维度=16, 执行GPU=1
构建量子线路...
异步CV流水线已禁用（环境变量或multi-GPU状态池）
量子线路构建完成
执行量子线路...
块级编译-执行流水线已启用，块数=16
GaussianStatePool initialized: 5 qumodes, 4096 capacity (refcount-enabled).
量子线路执行完成
执行时间: 73.8805 ms
传输时延: 0.04191 ms
计算时延: 1.9014 ms
规划时延: 0.082664 ms
HDD节点管理器已清空
CVStatePool 已重置
CVStatePool 销毁完成
CUDA设备检查: device_count=2, error=no error
CVStatePool 初始化完成: 单个qumode截断维度=16, 初始总维度=1048576, 容量=128, 设备数=2
创建量子电路: 4 qubits, 5 qumodes, 截断维度=16, 执行GPU=1
构建量子线路...
异步CV流水线已禁用（环境变量或multi-GPU状态池）
量子线路构建完成
执行量子线路...
块级编译-执行流水线已启用，块数=16
GaussianStatePool initialized: 5 qumodes, 4096 capacity (refcount-enabled).
量子线路执行完成
执行时间: 74.0217 ms
传输时延: 0.041881 ms
计算时延: 1.90938 ms
规划时延: 0.077837 ms
HDD节点管理器已清空
CVStatePool 已重置
CVStatePool 销毁完成
CUDA设备检查: device_count=2, error=no error
CVStatePool 初始化完成: 单个qumode截断维度=16, 初始总维度=1048576, 容量=128, 设备数=2
创建量子电路: 4 qubits, 5 qumodes, 截断维度=16, 执行GPU=1
构建量子线路...
异步CV流水线已禁用（环境变量或multi-GPU状态池）
量子线路构建完成
执行量子线路...
块级编译-执行流水线已启用，块数=16
GaussianStatePool initialized: 5 qumodes, 4096 capacity (refcount-enabled).
量子线路执行完成
执行时间: 73.808 ms
传输时延: 0.044584 ms
计算时延: 1.89415 ms
规划时延: 0.072876 ms
HDD节点管理器已清空
CVStatePool 已重置
CVStatePool 销毁完成
Wrote experiment report to "/root/sandboxes/HybridCVDV-Simulator/experiments/results/ablation/sc26_jch_nq4_nm5_c16__force_dense_fock.json"
Results: ok=1, unsupported=0, error=0
[2026-04-07T16:15:20Z] DONE: sc26_jch_nq4_nm5_c16__force_dense_fock  (0s)
[2026-04-07T16:15:20Z] === SC26 Ablation Experiment Complete: 24/24 tasks ===
